C:\nxp\Workspace\jn5189dk6_usart_transfer_study_debug_console_PRINT\drivers/rom_api.h:147:24:BOOT_GetStartPowerMode	8	static
../startup/startup_jn5189.c:332:6:data_init	4	static
../startup/startup_jn5189.c:341:6:bss_init	0	static
../startup/startup_jn5189.c:366:6:ResetISR	0	static
../startup/startup_jn5189.c:393:56:ResetISR2	16	static
../startup/startup_jn5189.c:540:14:NMI_Handler	0	static
../startup/startup_jn5189.c:544:14:HardFault_Handler	0	static
../startup/startup_jn5189.c:548:14:MemManage_Handler	0	static
../startup/startup_jn5189.c:552:14:BusFault_Handler	0	static
../startup/startup_jn5189.c:556:14:UsageFault_Handler	0	static
../startup/startup_jn5189.c:560:14:SVC_Handler	0	static
../startup/startup_jn5189.c:564:14:PendSV_Handler	0	static
../startup/startup_jn5189.c:568:14:SysTick_Handler	0	static
../startup/startup_jn5189.c:576:14:IntDefaultHandler	0	static
../startup/startup_jn5189.c:586:11:WDT_BOD_IRQHandler	8	static
../startup/startup_jn5189.c:590:11:DMA0_IRQHandler	8	static
../startup/startup_jn5189.c:594:11:GINT0_IRQHandler	8	static
../startup/startup_jn5189.c:598:11:CIC_IRB_IRQHandler	8	static
../startup/startup_jn5189.c:602:11:PIN_INT0_IRQHandler	8	static
../startup/startup_jn5189.c:606:11:PIN_INT1_IRQHandler	8	static
../startup/startup_jn5189.c:610:11:PIN_INT2_IRQHandler	8	static
../startup/startup_jn5189.c:614:11:PIN_INT3_IRQHandler	8	static
../startup/startup_jn5189.c:618:11:SPIFI0_IRQHandler	8	static
../startup/startup_jn5189.c:622:11:CTIMER0_IRQHandler	8	static
../startup/startup_jn5189.c:626:11:CTIMER1_IRQHandler	8	static
../startup/startup_jn5189.c:630:11:FLEXCOMM0_IRQHandler	8	static
../startup/startup_jn5189.c:634:11:FLEXCOMM1_IRQHandler	8	static
../startup/startup_jn5189.c:638:11:FLEXCOMM2_IRQHandler	8	static
../startup/startup_jn5189.c:642:11:FLEXCOMM3_IRQHandler	8	static
../startup/startup_jn5189.c:646:11:FLEXCOMM4_IRQHandler	8	static
../startup/startup_jn5189.c:650:11:FLEXCOMM5_IRQHandler	8	static
../startup/startup_jn5189.c:654:11:PWM0_IRQHandler	8	static
../startup/startup_jn5189.c:658:11:PWM1_IRQHandler	8	static
../startup/startup_jn5189.c:662:11:PWM2_IRQHandler	8	static
../startup/startup_jn5189.c:666:11:PWM3_IRQHandler	8	static
../startup/startup_jn5189.c:670:11:PWM4_IRQHandler	8	static
../startup/startup_jn5189.c:674:11:PWM5_IRQHandler	8	static
../startup/startup_jn5189.c:678:11:PWM6_IRQHandler	8	static
../startup/startup_jn5189.c:682:11:PWM7_IRQHandler	8	static
../startup/startup_jn5189.c:686:11:PWM8_IRQHandler	8	static
../startup/startup_jn5189.c:690:11:PWM9_IRQHandler	8	static
../startup/startup_jn5189.c:694:11:PWM10_IRQHandler	8	static
../startup/startup_jn5189.c:698:11:FLEXCOMM6_IRQHandler	8	static
../startup/startup_jn5189.c:702:11:RTC_IRQHandler	8	static
../startup/startup_jn5189.c:706:11:NFCTag_IRQHandler	8	static
../startup/startup_jn5189.c:710:11:MAILBOX_IRQHandler	8	static
../startup/startup_jn5189.c:714:11:ADC0_SEQA_IRQHandler	8	static
../startup/startup_jn5189.c:718:11:ADC0_SEQB_IRQHandler	8	static
../startup/startup_jn5189.c:722:11:ADC0_THCMP_IRQHandler	8	static
../startup/startup_jn5189.c:726:11:DMIC0_IRQHandler	8	static
../startup/startup_jn5189.c:730:11:HWVAD0_IRQHandler	8	static
../startup/startup_jn5189.c:734:11:BLE_DP_IRQHandler	8	static
../startup/startup_jn5189.c:738:11:BLE_DP0_IRQHandler	8	static
../startup/startup_jn5189.c:742:11:BLE_DP1_IRQHandler	8	static
../startup/startup_jn5189.c:746:11:BLE_DP2_IRQHandler	8	static
../startup/startup_jn5189.c:750:11:BLE_LL_ALL_IRQHandler	8	static
../startup/startup_jn5189.c:788:11:RFP_TMU_IRQHandler	8	static
../startup/startup_jn5189.c:792:11:RFP_AGC_IRQHandler	8	static
../startup/startup_jn5189.c:796:11:ISO7816_IRQHandler	8	static
../startup/startup_jn5189.c:800:11:ANA_COMP_IRQHandler	8	static
../startup/startup_jn5189.c:804:11:WAKE_UP_TIMER0_IRQHandler	8	static
../startup/startup_jn5189.c:808:11:WAKE_UP_TIMER1_IRQHandler	8	static
../startup/startup_jn5189.c:812:11:PVTVF0_AMBER_IRQHandler	8	static
../startup/startup_jn5189.c:816:11:PVTVF0_RED_IRQHandler	8	static
../startup/startup_jn5189.c:820:11:PVTVF1_AMBER_IRQHandler	8	static
../startup/startup_jn5189.c:824:11:PVTVF1_RED_IRQHandler	8	static
../startup/startup_jn5189.c:828:11:BLE_WAKE_UP_TIMER_IRQHandler	8	static
../startup/startup_jn5189.c:832:11:SHA_IRQHandler	8	static
