C:\nxp\Workspace\jn5189dk6_usart_transfer_study_debug_console_PRINT\CMSIS/core_cm4.h:1677:22:__NVIC_EnableIRQ	16	static
../drivers/fsl_common.h:440:28:EnableIRQ	16	static
../drivers/fsl_dma.h:362:20:DMA_ChannelIsActive	16	static
../drivers/fsl_dma.h:387:20:DMA_EnableChannelInterrupts	16	static
../drivers/fsl_dma.h:411:20:DMA_EnableChannel	16	static
../drivers/fsl_dma.h:423:20:DMA_DisableChannel	16	static
../drivers/fsl_dma.h:435:20:DMA_EnableChannelPeriphRq	16	static
../drivers/fsl_dma.h:448:20:DMA_DisableChannelPeriphRq	16	static
../drivers/fsl_dma.c:79:17:DMA_GetInstance	24	static
../drivers/fsl_dma.c:95:17:DMA_GetVirtualStartChannel	32	static
../drivers/fsl_dma.c:119:6:DMA_Init	24	static
../drivers/fsl_dma.c:144:6:DMA_Deinit	16	static
../drivers/fsl_dma.c:161:6:DMA_ConfigureChannelTrigger	32	static
../drivers/fsl_dma.c:180:10:DMA_GetRemainingBytes	16	static
../drivers/fsl_dma.c:205:13:DMA_SetupXferCFG	24	static
../drivers/fsl_dma.c:253:6:DMA_SetupDescriptor	40	static
../drivers/fsl_dma.c:302:6:DMA_SetupChannelDescriptor	40	static
../drivers/fsl_dma.c:376:6:DMA_CreateDescriptor	40	static
../drivers/fsl_dma.c:397:6:DMA_AbortTransfer	16	static
../drivers/fsl_dma.c:420:6:DMA_CreateHandle	32	static
../drivers/fsl_dma.c:450:6:DMA_SetCallback	24	static
../drivers/fsl_dma.c:475:6:DMA_PrepareTransfer	32	static
../drivers/fsl_dma.c:540:6:DMA_SetChannelConfig	32	static
../drivers/fsl_dma.c:578:6:DMA_PrepareChannelTransfer	24	static
../drivers/fsl_dma.c:636:6:DMA_LoadChannelDescriptor	32	static
../drivers/fsl_dma.c:665:6:DMA_InstallDescriptorMemory	16	static
../drivers/fsl_dma.c:715:6:DMA_SubmitChannelTransferParameter	40	static
../drivers/fsl_dma.c:756:6:DMA_SubmitChannelDescriptor	16	static
../drivers/fsl_dma.c:820:10:DMA_SubmitChannelTransfer	48	static
../drivers/fsl_dma.c:863:10:DMA_SubmitTransfer	32	static
../drivers/fsl_dma.c:902:6:DMA_StartTransfer	24	static
../drivers/fsl_dma.c:919:6:DMA_IRQHandle	40	static
../drivers/fsl_dma.c:969:6:DMA0_DriverIRQHandler	8	static
