Archive member included to satisfy reference by file (symbol)

c:/nxp/mcuxpressoide_11.7.1_9221/ide/plugins/com.nxp.mcuxpresso.tools.win32_11.7.1.202301190959/tools/bin/../lib/gcc/arm-none-eabi/10.3.1/../../../../arm-none-eabi/lib/thumb/v7e-m/nofp\libcr_nohost_nf.a(_cr__main.o)
                              ./startup/startup_jn5189.o (__main)
c:/nxp/mcuxpressoide_11.7.1_9221/ide/plugins/com.nxp.mcuxpresso.tools.win32_11.7.1.202301190959/tools/bin/../lib/gcc/arm-none-eabi/10.3.1/../../../../arm-none-eabi/lib/thumb/v7e-m/nofp\libcr_nohost_nf.a(_cr_assert.o)
                              ./utilities/fsl_debug_console.o (__assertion_failed)
c:/nxp/mcuxpressoide_11.7.1_9221/ide/plugins/com.nxp.mcuxpresso.tools.win32_11.7.1.202301190959/tools/bin/../lib/gcc/arm-none-eabi/10.3.1/../../../../arm-none-eabi/lib/thumb/v7e-m/nofp\libcr_nohost_nf.a(__ciob.o)
                              c:/nxp/mcuxpressoide_11.7.1_9221/ide/plugins/com.nxp.mcuxpresso.tools.win32_11.7.1.202301190959/tools/bin/../lib/gcc/arm-none-eabi/10.3.1/../../../../arm-none-eabi/lib/thumb/v7e-m/nofp\libcr_nohost_nf.a(_cr_assert.o) (__Ciob)
c:/nxp/mcuxpressoide_11.7.1_9221/ide/plugins/com.nxp.mcuxpresso.tools.win32_11.7.1.202301190959/tools/bin/../lib/gcc/arm-none-eabi/10.3.1/../../../../arm-none-eabi/lib/thumb/v7e-m/nofp\libcr_nohost_nf.a(__sys_appexit.o)
                              c:/nxp/mcuxpressoide_11.7.1_9221/ide/plugins/com.nxp.mcuxpresso.tools.win32_11.7.1.202301190959/tools/bin/../lib/gcc/arm-none-eabi/10.3.1/../../../../arm-none-eabi/lib/thumb/v7e-m/nofp\libcr_nohost_nf.a(_cr_assert.o) (__sys_appexit)
c:/nxp/mcuxpressoide_11.7.1_9221/ide/plugins/com.nxp.mcuxpresso.tools.win32_11.7.1.202301190959/tools/bin/../lib/gcc/arm-none-eabi/10.3.1/../../../../arm-none-eabi/lib/thumb/v7e-m/nofp\libcr_c.a(memcpy.o)
                              ./drivers/fsl_flash.o (memcpy)
c:/nxp/mcuxpressoide_11.7.1_9221/ide/plugins/com.nxp.mcuxpresso.tools.win32_11.7.1.202301190959/tools/bin/../lib/gcc/arm-none-eabi/10.3.1/../../../../arm-none-eabi/lib/thumb/v7e-m/nofp\libcr_c.a(memset.o)
                              ./utilities/fsl_debug_console.o (memset)
c:/nxp/mcuxpressoide_11.7.1_9221/ide/plugins/com.nxp.mcuxpresso.tools.win32_11.7.1.202301190959/tools/bin/../lib/gcc/arm-none-eabi/10.3.1/../../../../arm-none-eabi/lib/thumb/v7e-m/nofp\libcr_c.a(_deferredlazyseek.o)
                              c:/nxp/mcuxpressoide_11.7.1_9221/ide/plugins/com.nxp.mcuxpresso.tools.win32_11.7.1.202301190959/tools/bin/../lib/gcc/arm-none-eabi/10.3.1/../../../../arm-none-eabi/lib/thumb/v7e-m/nofp\libcr_nohost_nf.a(_cr_assert.o) (__flsbuf)
c:/nxp/mcuxpressoide_11.7.1_9221/ide/plugins/com.nxp.mcuxpresso.tools.win32_11.7.1.202301190959/tools/bin/../lib/gcc/arm-none-eabi/10.3.1/../../../../arm-none-eabi/lib/thumb/v7e-m/nofp\libcr_c.a(_fflush.o)
                              c:/nxp/mcuxpressoide_11.7.1_9221/ide/plugins/com.nxp.mcuxpresso.tools.win32_11.7.1.202301190959/tools/bin/../lib/gcc/arm-none-eabi/10.3.1/../../../../arm-none-eabi/lib/thumb/v7e-m/nofp\libcr_c.a(_deferredlazyseek.o) (_fflush)
c:/nxp/mcuxpressoide_11.7.1_9221/ide/plugins/com.nxp.mcuxpresso.tools.win32_11.7.1.202301190959/tools/bin/../lib/gcc/arm-none-eabi/10.3.1/../../../../arm-none-eabi/lib/thumb/v7e-m/nofp\libcr_c.a(_writebuf.o)
                              c:/nxp/mcuxpressoide_11.7.1_9221/ide/plugins/com.nxp.mcuxpresso.tools.win32_11.7.1.202301190959/tools/bin/../lib/gcc/arm-none-eabi/10.3.1/../../../../arm-none-eabi/lib/thumb/v7e-m/nofp\libcr_c.a(_deferredlazyseek.o) (_Cwritebuf)
c:/nxp/mcuxpressoide_11.7.1_9221/ide/plugins/com.nxp.mcuxpresso.tools.win32_11.7.1.202301190959/tools/bin/../lib/gcc/arm-none-eabi/10.3.1/../../../../arm-none-eabi/lib/thumb/v7e-m/nofp\libcr_c.a(alloc.o)
                              ./drivers/fsl_common.o (malloc)
c:/nxp/mcuxpressoide_11.7.1_9221/ide/plugins/com.nxp.mcuxpresso.tools.win32_11.7.1.202301190959/tools/bin/../lib/gcc/arm-none-eabi/10.3.1/../../../../arm-none-eabi/lib/thumb/v7e-m/nofp\libcr_c.a(fputs.o)
                              c:/nxp/mcuxpressoide_11.7.1_9221/ide/plugins/com.nxp.mcuxpresso.tools.win32_11.7.1.202301190959/tools/bin/../lib/gcc/arm-none-eabi/10.3.1/../../../../arm-none-eabi/lib/thumb/v7e-m/nofp\libcr_nohost_nf.a(_cr_assert.o) (fputs)
c:/nxp/mcuxpressoide_11.7.1_9221/ide/plugins/com.nxp.mcuxpresso.tools.win32_11.7.1.202301190959/tools/bin/../lib/gcc/arm-none-eabi/10.3.1/../../../../arm-none-eabi/lib/thumb/v7e-m/nofp\libcr_c.a(fseek.o)
                              c:/nxp/mcuxpressoide_11.7.1_9221/ide/plugins/com.nxp.mcuxpresso.tools.win32_11.7.1.202301190959/tools/bin/../lib/gcc/arm-none-eabi/10.3.1/../../../../arm-none-eabi/lib/thumb/v7e-m/nofp\libcr_c.a(_deferredlazyseek.o) (fseek)
c:/nxp/mcuxpressoide_11.7.1_9221/ide/plugins/com.nxp.mcuxpresso.tools.win32_11.7.1.202301190959/tools/bin/../lib/gcc/arm-none-eabi/10.3.1/../../../../arm-none-eabi/lib/thumb/v7e-m/nofp\libcr_c.a(ftell.o)
[...]
Memory Configuration

Name             Origin             Length             Attributes
PROGRAM_FLASH    0x00000000         0x000a0000         xr
SRAM             0x04000000         0x00015fe0         xrw
SRAM1            0x04020000         0x00010000         xrw
*default*        0x00000000         0xffffffff

Linker script and memory map

LOAD ./utilities/fsl_assert.o
LOAD ./utilities/fsl_debug_console.o
LOAD ./utilities/fsl_str.o
LOAD ./startup/startup_jn5189.o
LOAD ./source/semihost_hardfault.o
LOAD ./source/usart_dma_transfer_send.o
LOAD ./drivers/fsl_adc.o
LOAD ./drivers/fsl_clock.o
LOAD ./drivers/fsl_common.o
LOAD ./drivers/fsl_dma.o
LOAD ./drivers/fsl_flash.o
LOAD ./drivers/fsl_flexcomm.o
LOAD ./drivers/fsl_gpio.o
LOAD ./drivers/fsl_inputmux.o
LOAD ./drivers/fsl_power.o
LOAD ./drivers/fsl_reset.o
LOAD ./drivers/fsl_usart.o
LOAD ./drivers/fsl_usart_dma.o
LOAD ./device/system_JN5189.o
LOAD ./component/uart/usart_adapter.o
LOAD ./component/serial_manager/serial_manager.o
LOAD ./component/serial_manager/serial_port_uart.o
LOAD ./component/lists/fsl_component_generic_list.o
LOAD ./board/board.o
LOAD ./board/board_utility.o
LOAD ./board/clock_config.o
LOAD ./board/pin_mux.o
START GROUP
LOAD c:/nxp/mcuxpressoide_11.7.1_9221/ide/plugins/com.nxp.mcuxpresso.tools.win32_11.7.1.202301190959/tools/bin/../lib/gcc/arm-none-eabi/10.3.1/../../../../arm-none-eabi/lib/thumb/v7e-m/nofp\libcr_nohost_nf.a
LOAD c:/nxp/mcuxpressoide_11.7.1_9221/ide/plugins/com.nxp.mcuxpresso.tools.win32_11.7.1.202301190959/tools/bin/../lib/gcc/arm-none-eabi/10.3.1/../../../../arm-none-eabi/lib/thumb/v7e-m/nofp\libcr_c.a
LOAD c:/nxp/mcuxpressoide_11.7.1_9221/ide/plugins/com.nxp.mcuxpresso.tools.win32_11.7.1.202301190959/tools/bin/../lib/gcc/arm-none-eabi/10.3.1/thumb/v7e-m/nofp\libcr_eabihelpers.a
LOAD c:/nxp/mcuxpressoide_11.7.1_9221/ide/plugins/com.nxp.mcuxpresso.tools.win32_11.7.1.202301190959/tools/bin/../lib/gcc/arm-none-eabi/10.3.1/thumb/v7e-m/nofp\libgcc.a
END GROUP
                0x00000000                __base_PROGRAM_FLASH = 0x0
                0x00000000                __base_Flash = 0x0
                0x000a0000                __top_PROGRAM_FLASH = 0xa0000
                0x000a0000                __top_Flash = 0xa0000
                0x04000000                __base_SRAM = 0x4000000
                0x04000000                __base_RAM = 0x4000000
                0x04015fe0                __top_SRAM = 0x4015fe0
                0x04015fe0                __top_RAM = 0x4015fe0
                0x04020000                __base_SRAM1 = 0x4020000
                0x04020000                __base_RAM2 = 0x4020000
                0x04030000                __top_SRAM1 = 0x4030000
                0x04030000                __top_RAM2 = 0x4030000

.text           0x00000000     0x44ac
 FILL mask 0xff
                0x00000000                __vectors_start__ = ABSOLUTE (.)
 *(SORT_BY_ALIGNMENT(.isr_vector))
 .isr_vector    0x00000000      0x120 ./startup/startup_jn5189.o
                0x00000000                g_pfnVectors
                0x00000000                __Vectors
                0x00000120                . = ALIGN (0x4)
                0x00000120                __section_table_start = .
                0x00000120                __data_section_table = .
                0x00000120        0x4 LONG 0x44ac LOADADDR (.data)
                0x00000124        0x4 LONG 0x4000000 ADDR (.data)
                0x00000128        0x4 LONG 0x4 SIZEOF (.data)
                0x0000012c        0x4 LONG 0x44ac LOADADDR (.data_RAM2)
                0x00000130        0x4 LONG 0x4020000 ADDR (.data_RAM2)
                0x00000134        0x4 LONG 0x0 SIZEOF (.data_RAM2)
                0x00000138                __data_section_table_end = .
                0x00000138                __bss_section_table = .
                0x00000138        0x4 LONG 0x4000004 ADDR (.bss)
                0x0000013c        0x4 LONG 0x174 SIZEOF (.bss)
                0x00000140        0x4 LONG 0x4020000 ADDR (.bss_RAM2)
                0x00000144        0x4 LONG 0x0 SIZEOF (.bss_RAM2)
                0x00000148                __bss_section_table_end = .
                0x00000148                __section_table_end = .
 *(SORT_BY_ALIGNMENT(.after_vectors*))
 .after_vectors.reset
                0x00000148       0x30 ./startup/startup_jn5189.o
                0x00000148                ResetISR
 .after_vectors
                0x00000178       0xe0 ./startup/startup_jn5189.o
                0x00000178                ResetISR2
                0x00000240                NMI_Handler
                0x00000244                MemManage_Handler
                0x00000246                BusFault_Handler
                0x00000248                UsageFault_Handler
                0x0000024a                SVC_Handler
                0x0000024c                PendSV_Handler
                0x0000024e                SysTick_Handler
                0x00000250                ANA_COMP_DriverIRQHandler
                0x00000250                PWM0_DriverIRQHandler
                0x00000250                ISO7816_DriverIRQHandler
                0x00000250                PIN_INT3_DriverIRQHandler
                0x00000250                PIN_INT2_DriverIRQHandler
                0x00000250                PIN_INT0_DriverIRQHandler
                0x00000250                SPIFI0_DriverIRQHandler
                0x00000250                RFP_TMU_DriverIRQHandler
                0x00000250                IntDefaultHandler
                0x00000250                BLE_DP0_DriverIRQHandler
                0x00000250                ZIGBEE_MODEM_DriverIRQHandler
                0x00000250                DMIC0_DriverIRQHandler
                0x00000250                BLE_WAKE_UP_TIMER_DriverIRQHandler
                0x00000250                PWM4_DriverIRQHandler
                0x00000250                ADC0_THCMP_DriverIRQHandler
                0x00000250                CIC_IRB_DriverIRQHandler
                0x00000250                CTIMER0_DriverIRQHandler
                0x00000250                CTIMER1_DriverIRQHandler
                0x00000250                PWM6_DriverIRQHandler
                0x00000250                MAILBOX_DriverIRQHandler
                0x00000250                PIN_INT1_DriverIRQHandler
                0x00000250                BLE_DP_DriverIRQHandler
                0x00000250                PWM8_DriverIRQHandler
                0x00000250                HWVAD0_DriverIRQHandler
                0x00000250                PWM9_DriverIRQHandler
                0x00000250                RTC_DriverIRQHandler
                0x00000250                WAKE_UP_TIMER0_DriverIRQHandler
                0x00000250                PVTVF0_RED_DriverIRQHandler
                0x00000250                PWM5_DriverIRQHandler
                0x00000250                PVTVF1_AMBER_DriverIRQHandler
                0x00000250                PWM7_DriverIRQHandler
                0x00000250                PWM1_DriverIRQHandler
                0x00000250                BLE_DP2_DriverIRQHandler
                0x00000250                NFCTag_DriverIRQHandler
                0x00000250                BLE_DP1_DriverIRQHandler
                0x00000250                ADC0_SEQA_DriverIRQHandler
                0x00000250                PWM10_DriverIRQHandler
                0x00000250                PVTVF0_AMBER_DriverIRQHandler
                0x00000250                ADC0_SEQB_DriverIRQHandler
                0x00000250                BLE_LL_ALL_DriverIRQHandler
                0x00000250                WAKE_UP_TIMER1_DriverIRQHandler
                0x00000250                SHA_DriverIRQHandler
                0x00000250                GINT0_DriverIRQHandler
                0x00000250                RFP_AGC_DriverIRQHandler
                0x00000250                PWM2_DriverIRQHandler
                0x00000250                ZIGBEE_MAC_DriverIRQHandler
                0x00000250                PWM3_DriverIRQHandler
                0x00000250                WDT_BOD_DriverIRQHandler
                0x00000250                PVTVF1_RED_DriverIRQHandler
 .after_vectors.init_data
                0x00000258       0x1c ./startup/startup_jn5189.o
                0x00000258                data_init
 .after_vectors.init_bss
                0x00000274       0x12 ./startup/startup_jn5189.o
                0x00000274                bss_init
 *(SORT_BY_ALIGNMENT(.text*))
 *fill*         0x00000286        0x2 ff
 .text.DbgConsole_ReadOneCharacter
                0x00000288       0x34 ./utilities/fsl_debug_console.o
                0x00000288                DbgConsole_ReadOneCharacter
 .text.DbgConsole_SendDataReliable
                0x000002bc       0x58 ./utilities/fsl_debug_console.o
                0x000002bc                DbgConsole_SendDataReliable
 .text.DbgConsole_ReadCharacter
                0x00000314       0x3c ./utilities/fsl_debug_console.o
                0x00000314                DbgConsole_ReadCharacter
 .text.DbgConsole_Init
                0x00000350      0x104 ./utilities/fsl_debug_console.o
                0x00000350                DbgConsole_Init
 .text.DbgConsole_Printf
                0x00000454       0x7c ./utilities/fsl_debug_console.o
                0x00000454                DbgConsole_Printf
 .text.BOOT_GetStartPowerMode
                0x000004d0        0xc ./startup/startup_jn5189.o
 .text.main     0x000004dc       0xb8 ./source/usart_dma_transfer_send.o
                0x000004dc                main
 .text.CLOCK_AttachClk
                0x00000594      0x234 ./drivers/fsl_clock.o
                0x00000594                CLOCK_AttachClk
 .text.CLOCK_GetFRGInputClock
                0x000007c8       0x60 ./drivers/fsl_clock.o
                0x000007c8                CLOCK_GetFRGInputClock
 .text.CLOCK_GetClkOutFreq
                0x00000828       0xa8 ./drivers/fsl_clock.o
                0x00000828                CLOCK_GetClkOutFreq
 .text.CLOCK_GetWdtOscFreq
                0x000008d0       0x64 ./drivers/fsl_clock.o
                0x000008d0                CLOCK_GetWdtOscFreq
 .text.CLOCK_GetSpifiOscFreq
                0x00000934       0x84 ./drivers/fsl_clock.o
                0x00000934                CLOCK_GetSpifiOscFreq
 .text.CLOCK_GetPWMClockFreq
                0x000009b8       0x5c ./drivers/fsl_clock.o
                0x000009b8                CLOCK_GetPWMClockFreq
 .text.CLOCK_GetFreq
                0x00000a14      0x174 ./drivers/fsl_clock.o
                0x00000a14                CLOCK_GetFreq
 .text.CLOCK_GetMainClockRate
                0x00000b88       0x80 ./drivers/fsl_clock.o
                0x00000b88                CLOCK_GetMainClockRate
 .text.CLOCK_GetXtal32kFreq
                0x00000c08       0x30 ./drivers/fsl_clock.o
                0x00000c08                CLOCK_GetXtal32kFreq
 .text.CLOCK_GetXtal32MFreq
                0x00000c38       0x14 ./drivers/fsl_clock.o
                0x00000c38                CLOCK_GetXtal32MFreq
 .text.CLOCK_GetFro32kFreq
                0x00000c4c       0x30 ./drivers/fsl_clock.o
                0x00000c4c                CLOCK_GetFro32kFreq
 .text.CLOCK_GetFro1MFreq
                0x00000c7c       0x14 ./drivers/fsl_clock.o
                0x00000c7c                CLOCK_GetFro1MFreq
 .text.CLOCK_GetFro12MFreq
                0x00000c90       0x30 ./drivers/fsl_clock.o
                0x00000c90                CLOCK_GetFro12MFreq
 .text.CLOCK_GetFro32MFreq
                0x00000cc0       0x30 ./drivers/fsl_clock.o
                0x00000cc0                CLOCK_GetFro32MFreq
 .text.CLOCK_GetFro48MFreq
                0x00000cf0       0x30 ./drivers/fsl_clock.o
                0x00000cf0                CLOCK_GetFro48MFreq
 .text.CLOCK_GetFro64MFreq
                0x00000d20       0x30 ./drivers/fsl_clock.o
                0x00000d20                CLOCK_GetFro64MFreq
 .text.CLOCK_GetApbCLkFreq
                0x00000d50       0x60 ./drivers/fsl_clock.o
                0x00000d50                CLOCK_GetApbCLkFreq
 .text.CLOCK_EnableClock
                0x00000db0      0x158 ./drivers/fsl_clock.o
                0x00000db0                CLOCK_EnableClock
 .text.CLOCK_uDelay
                0x00000f08       0x40 ./drivers/fsl_clock.o
                0x00000f08                CLOCK_uDelay
 .text.CLOCK_XtalBasicTrim
                0x00000f48       0x30 ./drivers/fsl_clock.o
                0x00000f48                CLOCK_XtalBasicTrim
 .text.CLOCK_Xtal32M_Trim
                0x00000f78      0x21c ./drivers/fsl_clock.o
                0x00000f78                CLOCK_Xtal32M_Trim
 .text.CLOCK_Xtal32M_WaitUntilStable
                0x00001194       0x2c ./drivers/fsl_clock.o
                0x00001194                CLOCK_Xtal32M_WaitUntilStable
 .text.DMA_GetInstance
                0x000011c0       0x44 ./drivers/fsl_dma.o
 .text.DMA_IRQHandle
                0x00001204      0x168 ./drivers/fsl_dma.o
                0x00001204                DMA_IRQHandle
 .text.DMA0_DriverIRQHandler
                0x0000136c       0x18 ./drivers/fsl_dma.o
                0x0000136c                DMA0_DriverIRQHandler
 .text.FLEXCOMM_GetInstance
                0x00001384       0x44 ./drivers/fsl_flexcomm.o
                0x00001384                FLEXCOMM_GetInstance
 .text.FLEXCOMM_Init
                0x000013c8       0x5c ./drivers/fsl_flexcomm.o
                0x000013c8                FLEXCOMM_Init
 .text.FLEXCOMM0_DriverIRQHandler
                0x00001424       0x3c ./drivers/fsl_flexcomm.o
                0x00001424                FLEXCOMM0_DriverIRQHandler
 .text.FLEXCOMM1_DriverIRQHandler
                0x00001460       0x3c ./drivers/fsl_flexcomm.o
                0x00001460                FLEXCOMM1_DriverIRQHandler
 .text.FLEXCOMM2_DriverIRQHandler
                0x0000149c       0x3c ./drivers/fsl_flexcomm.o
                0x0000149c                FLEXCOMM2_DriverIRQHandler
 .text.FLEXCOMM3_DriverIRQHandler
                0x000014d8       0x3c ./drivers/fsl_flexcomm.o
                0x000014d8                FLEXCOMM3_DriverIRQHandler
 .text.FLEXCOMM4_DriverIRQHandler
                0x00001514       0x3c ./drivers/fsl_flexcomm.o
                0x00001514                FLEXCOMM4_DriverIRQHandler
 .text.FLEXCOMM5_DriverIRQHandler
                0x00001550       0x3c ./drivers/fsl_flexcomm.o
                0x00001550                FLEXCOMM5_DriverIRQHandler
 .text.FLEXCOMM6_DriverIRQHandler
                0x0000158c       0x3c ./drivers/fsl_flexcomm.o
                0x0000158c                FLEXCOMM6_DriverIRQHandler
 .text.RESET_SetPeripheralReset
                0x000015c8       0x7c ./drivers/fsl_reset.o
                0x000015c8                RESET_SetPeripheralReset
 .text.RESET_ClearPeripheralReset
                0x00001644       0x80 ./drivers/fsl_reset.o
                0x00001644                RESET_ClearPeripheralReset
 .text.USART_Init
                0x000016c4      0x18c ./drivers/fsl_usart.o
                0x000016c4                USART_Init
 .text.USART_GetDefaultConfig
                0x00001850       0x7c ./drivers/fsl_usart.o
                0x00001850                USART_GetDefaultConfig
 .text.USART_SetBaudRate
                0x000018cc      0x128 ./drivers/fsl_usart.o
                0x000018cc                USART_SetBaudRate
 .text.USART_WriteBlocking
                0x000019f4       0x88 ./drivers/fsl_usart.o
                0x000019f4                USART_WriteBlocking
 .text.USART_ReadBlocking
                0x00001a7c      0x10c ./drivers/fsl_usart.o
                0x00001a7c                USART_ReadBlocking
 .text.__NVIC_SetPriorityGrouping
                0x00001b88       0x48 ./device/system_JN5189.o
 .text.CLOCK_GetXtal32kFreq
                0x00001bd0       0x30 ./device/system_JN5189.o
 .text.CLOCK_GetXtal32MFreq
                0x00001c00       0x14 ./device/system_JN5189.o
 .text.CLOCK_GetFro32kFreq
                0x00001c14       0x30 ./device/system_JN5189.o
 .text.CLOCK_GetFro1MFreq
                0x00001c44       0x14 ./device/system_JN5189.o
 .text.CLOCK_GetFro12MFreq
                0x00001c58       0x30 ./device/system_JN5189.o
 .text.CLOCK_GetFro32MFreq
                0x00001c88       0x30 ./device/system_JN5189.o
 .text.CLOCK_GetFro48MFreq
                0x00001cb8       0x30 ./device/system_JN5189.o
 .text.CLOCK_GetMainClockRate
                0x00001ce8       0x80 ./device/system_JN5189.o
 .text.SystemInit
                0x00001d68       0x48 ./device/system_JN5189.o
                0x00001d68                SystemInit
 .text.SystemCoreClockUpdate
                0x00001db0       0x28 ./device/system_JN5189.o
                0x00001db0                SystemCoreClockUpdate
 .text.HAL_UartInit
                0x00001dd8      0x108 ./component/uart/usart_adapter.o
                0x00001dd8                HAL_UartInit
 .text.HAL_UartReceiveBlocking
                0x00001ee0       0x6c ./component/uart/usart_adapter.o
                0x00001ee0                HAL_UartReceiveBlocking
 .text.HAL_UartSendBlocking
                0x00001f4c       0x64 ./component/uart/usart_adapter.o
                0x00001f4c                HAL_UartSendBlocking
 .text.SerialManager_Write
                0x00001fb0       0x6c ./component/serial_manager/serial_manager.o
 .text.SerialManager_Read
                0x0000201c       0x6c ./component/serial_manager/serial_manager.o
 .text.SerialManager_Init
                0x00002088       0x74 ./component/serial_manager/serial_manager.o
                0x00002088                SerialManager_Init
 .text.SerialManager_OpenWriteHandle
                0x000020fc       0x64 ./component/serial_manager/serial_manager.o
                0x000020fc                SerialManager_OpenWriteHandle
 .text.SerialManager_OpenReadHandle
                0x00002160       0x74 ./component/serial_manager/serial_manager.o
                0x00002160                SerialManager_OpenReadHandle
 .text.Serial_UartInit
                0x000021d4       0x80 ./component/serial_manager/serial_port_uart.o
                0x000021d4                Serial_UartInit
 .text.Serial_UartWrite
                0x00002254       0x58 ./component/serial_manager/serial_port_uart.o
                0x00002254                Serial_UartWrite
 .text.Serial_UartRead
                0x000022ac       0x58 ./component/serial_manager/serial_port_uart.o
                0x000022ac                Serial_UartRead
 .text.BOARD_InitDebugConsole
                0x00002304       0x34 ./board/board.o
                0x00002304                BOARD_InitDebugConsole
 .text.BOARD_GetClock32MCapacitanceCharacteristics
                0x00002338       0x14 ./board/board_utility.o
                0x00002338                BOARD_GetClock32MCapacitanceCharacteristics
 .text.BOARD_BootClockRUN
                0x0000234c       0xec ./board/clock_config.o
                0x0000234c                BOARD_BootClockRUN
 .text.BOARD_InitPins
                0x00002438       0x74 ./board/pin_mux.o
                0x00002438                BOARD_InitPins
 .text.__assertion_failed
                0x000024ac       0x4c c:/nxp/mcuxpressoide_11.7.1_9221/ide/plugins/com.nxp.mcuxpresso.tools.win32_11.7.1.202301190959/tools/bin/../lib/gcc/arm-none-eabi/10.3.1/../../../../arm-none-eabi/lib/thumb/v7e-m/nofp\libcr_nohost_nf.a(_cr_assert.o)
                0x000024ac                __assertion_failed
 .text._Cwritebuf
                0x000024f8       0x6c c:/nxp/mcuxpressoide_11.7.1_9221/ide/plugins/com.nxp.mcuxpresso.tools.win32_11.7.1.202301190959/tools/bin/../lib/gcc/arm-none-eabi/10.3.1/../../../../arm-none-eabi/lib/thumb/v7e-m/nofp\libcr_c.a(_writebuf.o)
                0x000024f8                _Cwritebuf
 .text.malloc   0x00002564       0xc8 c:/nxp/mcuxpressoide_11.7.1_9221/ide/plugins/com.nxp.mcuxpresso.tools.win32_11.7.1.202301190959/tools/bin/../lib/gcc/arm-none-eabi/10.3.1/../../../../arm-none-eabi/lib/thumb/v7e-m/nofp\libcr_c.a(alloc.o)
                0x00002564                malloc
 .text._Csys_alloc
                0x0000262c       0x20 c:/nxp/mcuxpressoide_11.7.1_9221/ide/plugins/com.nxp.mcuxpresso.tools.win32_11.7.1.202301190959/tools/bin/../lib/gcc/arm-none-eabi/10.3.1/../../../../arm-none-eabi/lib/thumb/v7e-m/nofp\libcr_c.a(alloc.o)
                0x0000262c                _Csys_alloc
 .text.fseek    0x0000264c       0xfc c:/nxp/mcuxpressoide_11.7.1_9221/ide/plugins/com.nxp.mcuxpresso.tools.win32_11.7.1.202301190959/tools/bin/../lib/gcc/arm-none-eabi/10.3.1/../../../../arm-none-eabi/lib/thumb/v7e-m/nofp\libcr_c.a(fseek.o)
                0x0000264c                fseek
 .text.ftell    0x00002748       0x44 c:/nxp/mcuxpressoide_11.7.1_9221/ide/plugins/com.nxp.mcuxpresso.tools.win32_11.7.1.202301190959/tools/bin/../lib/gcc/arm-none-eabi/10.3.1/../../../../arm-none-eabi/lib/thumb/v7e-m/nofp\libcr_c.a(ftell.o)
                0x00002748                ftell
 .text._initio  0x0000278c       0x78 c:/nxp/mcuxpressoide_11.7.1_9221/ide/plugins/com.nxp.mcuxpresso.tools.win32_11.7.1.202301190959/tools/bin/../lib/gcc/arm-none-eabi/10.3.1/../../../../arm-none-eabi/lib/thumb/v7e-m/nofp\libcr_c.a(initio.o)
                0x0000278c                _initio
 .text._sbrk    0x00002804       0x3c c:/nxp/mcuxpressoide_11.7.1_9221/ide/plugins/com.nxp.mcuxpresso.tools.win32_11.7.1.202301190959/tools/bin/../lib/gcc/arm-none-eabi/10.3.1/../../../../arm-none-eabi/lib/thumb/v7e-m/nofp\libcr_c.a(_cr_sbrk.o)
                0x00002804                _sbrk
 .text.fflush   0x00002840       0x3c c:/nxp/mcuxpressoide_11.7.1_9221/ide/plugins/com.nxp.mcuxpresso.tools.win32_11.7.1.202301190959/tools/bin/../lib/gcc/arm-none-eabi/10.3.1/../../../../arm-none-eabi/lib/thumb/v7e-m/nofp\libcr_c.a(fflush.o)
                0x00002840                fflush
 .text.__check_heap_overflow
                0x0000287c       0x14 c:/nxp/mcuxpressoide_11.7.1_9221/ide/plugins/com.nxp.mcuxpresso.tools.win32_11.7.1.202301190959/tools/bin/../lib/gcc/arm-none-eabi/10.3.1/../../../../arm-none-eabi/lib/thumb/v7e-m/nofp\libcr_c.a(_cr_check_heap.o)
                0x0000287c                __check_heap_overflow
 .text.DbgConsole_PrintCallback
                0x00002890       0x66 ./utilities/fsl_debug_console.o
 .text.DbgConsole_Putchar
                0x000028f6       0x1c ./utilities/fsl_debug_console.o
                0x000028f6                DbgConsole_Putchar
 .text.DbgConsole_Getchar
                0x00002912       0x1c ./utilities/fsl_debug_console.o
                0x00002912                DbgConsole_Getchar
 .text.ConvertRadixNumToString
                0x0000292e      0x112 ./utilities/fsl_str.o
 .text.StrFormatPrintf
                0x00002a40      0x30c ./utilities/fsl_str.o
                0x00002a40                StrFormatPrintf
 .text.WDT_BOD_IRQHandler
                0x00002d4c        0x8 ./startup/startup_jn5189.o
                0x00002d4c                WDT_BOD_IRQHandler
 .text.DMA0_IRQHandler
                0x00002d54        0x8 ./startup/startup_jn5189.o
                0x00002d54                DMA0_IRQHandler
 .text.GINT0_IRQHandler
                0x00002d5c        0x8 ./startup/startup_jn5189.o
                0x00002d5c                GINT0_IRQHandler
 .text.CIC_IRB_IRQHandler
                0x00002d64        0x8 ./startup/startup_jn5189.o
                0x00002d64                CIC_IRB_IRQHandler
 .text.PIN_INT0_IRQHandler
                0x00002d6c        0x8 ./startup/startup_jn5189.o
                0x00002d6c                PIN_INT0_IRQHandler
 .text.PIN_INT1_IRQHandler
                0x00002d74        0x8 ./startup/startup_jn5189.o
                0x00002d74                PIN_INT1_IRQHandler
 .text.PIN_INT2_IRQHandler
                0x00002d7c        0x8 ./startup/startup_jn5189.o
                0x00002d7c                PIN_INT2_IRQHandler
 .text.PIN_INT3_IRQHandler
                0x00002d84        0x8 ./startup/startup_jn5189.o
                0x00002d84                PIN_INT3_IRQHandler
 .text.SPIFI0_IRQHandler
                0x00002d8c        0x8 ./startup/startup_jn5189.o
                0x00002d8c                SPIFI0_IRQHandler
 .text.CTIMER0_IRQHandler
                0x00002d94        0x8 ./startup/startup_jn5189.o
                0x00002d94                CTIMER0_IRQHandler
 .text.CTIMER1_IRQHandler
                0x00002d9c        0x8 ./startup/startup_jn5189.o
                0x00002d9c                CTIMER1_IRQHandler
 .text.FLEXCOMM0_IRQHandler
                0x00002da4        0x8 ./startup/startup_jn5189.o
                0x00002da4                FLEXCOMM0_IRQHandler
 .text.FLEXCOMM1_IRQHandler
                0x00002dac        0x8 ./startup/startup_jn5189.o
                0x00002dac                FLEXCOMM1_IRQHandler
 .text.FLEXCOMM2_IRQHandler
                0x00002db4        0x8 ./startup/startup_jn5189.o
                0x00002db4                FLEXCOMM2_IRQHandler
 .text.FLEXCOMM3_IRQHandler
                0x00002dbc        0x8 ./startup/startup_jn5189.o
                0x00002dbc                FLEXCOMM3_IRQHandler
 .text.FLEXCOMM4_IRQHandler
                0x00002dc4        0x8 ./startup/startup_jn5189.o
                0x00002dc4                FLEXCOMM4_IRQHandler
 .text.FLEXCOMM5_IRQHandler
                0x00002dcc        0x8 ./startup/startup_jn5189.o
                0x00002dcc                FLEXCOMM5_IRQHandler
 .text.PWM0_IRQHandler
                0x00002dd4        0x8 ./startup/startup_jn5189.o
                0x00002dd4                PWM0_IRQHandler
 .text.PWM1_IRQHandler
                0x00002ddc        0x8 ./startup/startup_jn5189.o
                0x00002ddc                PWM1_IRQHandler
 .text.PWM2_IRQHandler
                0x00002de4        0x8 ./startup/startup_jn5189.o
                0x00002de4                PWM2_IRQHandler
 .text.PWM3_IRQHandler
                0x00002dec        0x8 ./startup/startup_jn5189.o
                0x00002dec                PWM3_IRQHandler
 .text.PWM4_IRQHandler
                0x00002df4        0x8 ./startup/startup_jn5189.o
                0x00002df4                PWM4_IRQHandler
 .text.PWM5_IRQHandler
                0x00002dfc        0x8 ./startup/startup_jn5189.o
                0x00002dfc                PWM5_IRQHandler
 .text.PWM6_IRQHandler
                0x00002e04        0x8 ./startup/startup_jn5189.o
                0x00002e04                PWM6_IRQHandler
 .text.PWM7_IRQHandler
                0x00002e0c        0x8 ./startup/startup_jn5189.o
                0x00002e0c                PWM7_IRQHandler
 .text.PWM8_IRQHandler
                0x00002e14        0x8 ./startup/startup_jn5189.o
                0x00002e14                PWM8_IRQHandler
 .text.PWM9_IRQHandler
                0x00002e1c        0x8 ./startup/startup_jn5189.o
                0x00002e1c                PWM9_IRQHandler
 .text.PWM10_IRQHandler
                0x00002e24        0x8 ./startup/startup_jn5189.o
                0x00002e24                PWM10_IRQHandler
 .text.FLEXCOMM6_IRQHandler
                0x00002e2c        0x8 ./startup/startup_jn5189.o
                0x00002e2c                FLEXCOMM6_IRQHandler
 .text.RTC_IRQHandler
                0x00002e34        0x8 ./startup/startup_jn5189.o
                0x00002e34                RTC_IRQHandler
 .text.NFCTag_IRQHandler
                0x00002e3c        0x8 ./startup/startup_jn5189.o
                0x00002e3c                NFCTag_IRQHandler
 .text.MAILBOX_IRQHandler
                0x00002e44        0x8 ./startup/startup_jn5189.o
                0x00002e44                MAILBOX_IRQHandler
 .text.ADC0_SEQA_IRQHandler
                0x00002e4c        0x8 ./startup/startup_jn5189.o
                0x00002e4c                ADC0_SEQA_IRQHandler
 .text.ADC0_SEQB_IRQHandler
                0x00002e54        0x8 ./startup/startup_jn5189.o
                0x00002e54                ADC0_SEQB_IRQHandler
 .text.ADC0_THCMP_IRQHandler
                0x00002e5c        0x8 ./startup/startup_jn5189.o
                0x00002e5c                ADC0_THCMP_IRQHandler
 .text.DMIC0_IRQHandler
                0x00002e64        0x8 ./startup/startup_jn5189.o
                0x00002e64                DMIC0_IRQHandler
 .text.HWVAD0_IRQHandler
                0x00002e6c        0x8 ./startup/startup_jn5189.o
                0x00002e6c                HWVAD0_IRQHandler
 .text.BLE_DP_IRQHandler
                0x00002e74        0x8 ./startup/startup_jn5189.o
                0x00002e74                BLE_DP_IRQHandler
 .text.BLE_DP0_IRQHandler
                0x00002e7c        0x8 ./startup/startup_jn5189.o
                0x00002e7c                BLE_DP0_IRQHandler
 .text.BLE_DP1_IRQHandler
                0x00002e84        0x8 ./startup/startup_jn5189.o
                0x00002e84                BLE_DP1_IRQHandler
 .text.BLE_DP2_IRQHandler
                0x00002e8c        0x8 ./startup/startup_jn5189.o
                0x00002e8c                BLE_DP2_IRQHandler
 .text.BLE_LL_ALL_IRQHandler
                0x00002e94        0x8 ./startup/startup_jn5189.o
                0x00002e94                BLE_LL_ALL_IRQHandler
 .text.RFP_TMU_IRQHandler
                0x00002e9c        0x8 ./startup/startup_jn5189.o
                0x00002e9c                RFP_TMU_IRQHandler
 .text.RFP_AGC_IRQHandler
                0x00002ea4        0x8 ./startup/startup_jn5189.o
                0x00002ea4                RFP_AGC_IRQHandler
 .text.ISO7816_IRQHandler
                0x00002eac        0x8 ./startup/startup_jn5189.o
                0x00002eac                ISO7816_IRQHandler
 .text.ANA_COMP_IRQHandler
                0x00002eb4        0x8 ./startup/startup_jn5189.o
                0x00002eb4                ANA_COMP_IRQHandler
 .text.WAKE_UP_TIMER0_IRQHandler
                0x00002ebc        0x8 ./startup/startup_jn5189.o
                0x00002ebc                WAKE_UP_TIMER0_IRQHandler
 .text.WAKE_UP_TIMER1_IRQHandler
                0x00002ec4        0x8 ./startup/startup_jn5189.o
                0x00002ec4                WAKE_UP_TIMER1_IRQHandler
 .text.PVTVF0_AMBER_IRQHandler
                0x00002ecc        0x8 ./startup/startup_jn5189.o
                0x00002ecc                PVTVF0_AMBER_IRQHandler
 .text.PVTVF0_RED_IRQHandler
                0x00002ed4        0x8 ./startup/startup_jn5189.o
                0x00002ed4                PVTVF0_RED_IRQHandler
 .text.PVTVF1_AMBER_IRQHandler
                0x00002edc        0x8 ./startup/startup_jn5189.o
                0x00002edc                PVTVF1_AMBER_IRQHandler
 .text.PVTVF1_RED_IRQHandler
                0x00002ee4        0x8 ./startup/startup_jn5189.o
                0x00002ee4                PVTVF1_RED_IRQHandler
 .text.BLE_WAKE_UP_TIMER_IRQHandler
                0x00002eec        0x8 ./startup/startup_jn5189.o
                0x00002eec                BLE_WAKE_UP_TIMER_IRQHandler
 .text.SHA_IRQHandler
                0x00002ef4        0x8 ./startup/startup_jn5189.o
                0x00002ef4                SHA_IRQHandler
 .text.HardFault_Handler
                0x00002efc       0x2c ./source/semihost_hardfault.o
                0x00002efc                HardFault_Handler
 .text.USART_WriteByte
                0x00002f28       0x1e ./source/usart_dma_transfer_send.o
 .text.CLOCK_SetClkDiv
                0x00002f46       0xb6 ./drivers/fsl_clock.o
                0x00002f46                CLOCK_SetClkDiv
 .text.CLOCK_GetFRGClock
                0x00002ffc       0x64 ./drivers/fsl_clock.o
                0x00002ffc                CLOCK_GetFRGClock
 .text.CLOCK_GetCoreSysClkFreq
                0x00003060       0x1e ./drivers/fsl_clock.o
                0x00003060                CLOCK_GetCoreSysClkFreq
 .text.CLOCK_GetOsc32kFreq
                0x0000307e       0x32 ./drivers/fsl_clock.o
                0x0000307e                CLOCK_GetOsc32kFreq
 .text.CLOCK_GetOsc32MFreq
                0x000030b0       0x32 ./drivers/fsl_clock.o
                0x000030b0                CLOCK_GetOsc32MFreq
 .text.CLOCK_EnableAPBBridge
                0x000030e2       0x1c ./drivers/fsl_clock.o
                0x000030e2                CLOCK_EnableAPBBridge
 .text.CLOCK_u8OscCapConvert
                0x000030fe       0x5c ./drivers/fsl_clock.o
 .text.DelayLoopN
                0x0000315a       0x22 ./drivers/fsl_clock.o
                0x0000315a                DelayLoopN
 .text.DMA_GetVirtualStartChannel
                0x0000317c       0x40 ./drivers/fsl_dma.o
 .text.FLASH_SetReadMode
                0x000031bc       0x40 ./drivers/fsl_flash.o
                0x000031bc                FLASH_SetReadMode
 .text.FLEXCOMM_PeripheralIsPresent
                0x000031fc       0x62 ./drivers/fsl_flexcomm.o
 .text.FLEXCOMM_SetPeriph
                0x0000325e       0x74 ./drivers/fsl_flexcomm.o
 .text.RESET_PeripheralReset
                0x000032d2       0x1c ./drivers/fsl_reset.o
                0x000032d2                RESET_PeripheralReset
 .text.USART_EnableContinuousSCLK
                0x000032ee       0x36 ./drivers/fsl_usart.o
 .text.CLOCK_GetOsc32kFreq
                0x00003324       0x32 ./device/system_JN5189.o
 .text.HAL_UartGetStatus
                0x00003356       0x20 ./component/uart/usart_adapter.o
 .text.DisableGlobalIRQ
                0x00003376       0x20 ./component/serial_manager/serial_manager.o
 .text.EnableGlobalIRQ
                0x00003396       0x1e ./component/serial_manager/serial_manager.o
 .text.SerialManager_StartWriting
                0x000033b4       0x4a ./component/serial_manager/serial_manager.o
 .text.SerialManager_StartReading
                0x000033fe       0x4a ./component/serial_manager/serial_manager.o
 .text.SerialManager_WriteBlocking
                0x00003448       0x20 ./component/serial_manager/serial_manager.o
                0x00003448                SerialManager_WriteBlocking
 .text.SerialManager_ReadBlocking
                0x00003468       0x20 ./component/serial_manager/serial_manager.o
                0x00003468                SerialManager_ReadBlocking
 .text.IOCON_PinMuxSet
                0x00003488       0x30 ./board/pin_mux.o
 .text.__main   0x000034b8        0xe c:/nxp/mcuxpressoide_11.7.1_9221/ide/plugins/com.nxp.mcuxpresso.tools.win32_11.7.1.202301190959/tools/bin/../lib/gcc/arm-none-eabi/10.3.1/../../../../arm-none-eabi/lib/thumb/v7e-m/nofp\libcr_nohost_nf.a(_cr__main.o)
                0x000034b8                __main
 .text.__sys_appexit
                0x000034c6        0x2 c:/nxp/mcuxpressoide_11.7.1_9221/ide/plugins/com.nxp.mcuxpresso.tools.win32_11.7.1.202301190959/tools/bin/../lib/gcc/arm-none-eabi/10.3.1/../../../../arm-none-eabi/lib/thumb/v7e-m/nofp\libcr_nohost_nf.a(__sys_appexit.o)
                0x000034c6                __sys_appexit
                0x000034c6                __exit
 .text.memset   0x000034c8        0x4 c:/nxp/mcuxpressoide_11.7.1_9221/ide/plugins/com.nxp.mcuxpresso.tools.win32_11.7.1.202301190959/tools/bin/../lib/gcc/arm-none-eabi/10.3.1/../../../../arm-none-eabi/lib/thumb/v7e-m/nofp\libcr_c.a(memset.o)
                0x000034c8                memset
 .text._deferredlazyseek
                0x000034cc       0x40 c:/nxp/mcuxpressoide_11.7.1_9221/ide/plugins/com.nxp.mcuxpresso.tools.win32_11.7.1.202301190959/tools/bin/../lib/gcc/arm-none-eabi/10.3.1/../../../../arm-none-eabi/lib/thumb/v7e-m/nofp\libcr_c.a(_deferredlazyseek.o)
                0x000034cc                _deferredlazyseek
 .text.__flsbuf
                0x0000350c      0x140 c:/nxp/mcuxpressoide_11.7.1_9221/ide/plugins/com.nxp.mcuxpresso.tools.win32_11.7.1.202301190959/tools/bin/../lib/gcc/arm-none-eabi/10.3.1/../../../../arm-none-eabi/lib/thumb/v7e-m/nofp\libcr_c.a(_deferredlazyseek.o)
                0x0000350c                __flsbuf
 .text._fflush  0x0000364c       0x52 c:/nxp/mcuxpressoide_11.7.1_9221/ide/plugins/com.nxp.mcuxpresso.tools.win32_11.7.1.202301190959/tools/bin/../lib/gcc/arm-none-eabi/10.3.1/../../../../arm-none-eabi/lib/thumb/v7e-m/nofp\libcr_c.a(_fflush.o)
                0x0000364c                _fflush
 .text.free     0x0000369e       0x30 c:/nxp/mcuxpressoide_11.7.1_9221/ide/plugins/com.nxp.mcuxpresso.tools.win32_11.7.1.202301190959/tools/bin/../lib/gcc/arm-none-eabi/10.3.1/../../../../arm-none-eabi/lib/thumb/v7e-m/nofp\libcr_c.a(alloc.o)
                0x0000369e                free
 .text.fputs    0x000036ce       0x2c c:/nxp/mcuxpressoide_11.7.1_9221/ide/plugins/com.nxp.mcuxpresso.tools.win32_11.7.1.202301190959/tools/bin/../lib/gcc/arm-none-eabi/10.3.1/../../../../arm-none-eabi/lib/thumb/v7e-m/nofp\libcr_c.a(fputs.o)
                0x000036ce                fputs
 .text.setvbuf  0x000036fa       0x3e c:/nxp/mcuxpressoide_11.7.1_9221/ide/plugins/com.nxp.mcuxpresso.tools.win32_11.7.1.202301190959/tools/bin/../lib/gcc/arm-none-eabi/10.3.1/../../../../arm-none-eabi/lib/thumb/v7e-m/nofp\libcr_c.a(setvbuf.o)
                0x000036fa                setvbuf
 .text.strlen   0x00003738       0x48 c:/nxp/mcuxpressoide_11.7.1_9221/ide/plugins/com.nxp.mcuxpresso.tools.win32_11.7.1.202301190959/tools/bin/../lib/gcc/arm-none-eabi/10.3.1/../../../../arm-none-eabi/lib/thumb/v7e-m/nofp\libcr_c.a(strlen.o)
                0x00003738                strlen
 .text._fdopen  0x00003780       0x68 c:/nxp/mcuxpressoide_11.7.1_9221/ide/plugins/com.nxp.mcuxpresso.tools.win32_11.7.1.202301190959/tools/bin/../lib/gcc/arm-none-eabi/10.3.1/../../../../arm-none-eabi/lib/thumb/v7e-m/nofp\libcr_c.a(_fdopen.o)
                0x00003780                _fdopen
 .text.fclose   0x000037e8       0x58 c:/nxp/mcuxpressoide_11.7.1_9221/ide/plugins/com.nxp.mcuxpresso.tools.win32_11.7.1.202301190959/tools/bin/../lib/gcc/arm-none-eabi/10.3.1/../../../../arm-none-eabi/lib/thumb/v7e-m/nofp\libcr_c.a(fclose.o)
                0x000037e8                fclose
 .text.remove   0x00003840       0x14 c:/nxp/mcuxpressoide_11.7.1_9221/ide/plugins/com.nxp.mcuxpresso.tools.win32_11.7.1.202301190959/tools/bin/../lib/gcc/arm-none-eabi/10.3.1/../../../../arm-none-eabi/lib/thumb/v7e-m/nofp\libcr_c.a(remove.o)
                0x00003840                remove
 .text._do_fflush
                0x00003854       0x40 c:/nxp/mcuxpressoide_11.7.1_9221/ide/plugins/com.nxp.mcuxpresso.tools.win32_11.7.1.202301190959/tools/bin/../lib/gcc/arm-none-eabi/10.3.1/../../../../arm-none-eabi/lib/thumb/v7e-m/nofp\libcr_c.a(_do_fflush.o)
                0x00003854                _do_fflush
 .text.__aeabi_division_uldivmod
                0x00003894      0x174 c:/nxp/mcuxpressoide_11.7.1_9221/ide/plugins/com.nxp.mcuxpresso.tools.win32_11.7.1.202301190959/tools/bin/../lib/gcc/arm-none-eabi/10.3.1/thumb/v7e-m/nofp\libcr_eabihelpers.a(division_64.o)
                0x00003894                __aeabi_uldivmod
                0x00003898                __bhs_ldivmod1
 .text.__aeabi_division_idiv0
                0x00003a08        0x2 c:/nxp/mcuxpressoide_11.7.1_9221/ide/plugins/com.nxp.mcuxpresso.tools.win32_11.7.1.202301190959/tools/bin/../lib/gcc/arm-none-eabi/10.3.1/thumb/v7e-m/nofp\libcr_eabihelpers.a(division_idiv0.o)
                0x00003a08                __aeabi_idiv0
 .text.__aeabi_memset_lowlevel
                0x00003a0a       0x32 c:/nxp/mcuxpressoide_11.7.1_9221/ide/plugins/com.nxp.mcuxpresso.tools.win32_11.7.1.202301190959/tools/bin/../lib/gcc/arm-none-eabi/10.3.1/thumb/v7e-m/nofp\libcr_eabihelpers.a(memcpy.o)
                0x00003a0a                __aeabi_lowlevel_memset
 .text.__sys_close
                0x00003a3c        0x6 c:/nxp/mcuxpressoide_11.7.1_9221/ide/plugins/com.nxp.mcuxpresso.tools.win32_11.7.1.202301190959/tools/bin/../lib/gcc/arm-none-eabi/10.3.1/../../../../arm-none-eabi/lib/thumb/v7e-m/nofp\libcr_nohost_nf.a(__sys_close.o)
                0x00003a3c                __sys_close
 .text.__sys_flen
                0x00003a42        0x6 c:/nxp/mcuxpressoide_11.7.1_9221/ide/plugins/com.nxp.mcuxpresso.tools.win32_11.7.1.202301190959/tools/bin/../lib/gcc/arm-none-eabi/10.3.1/../../../../arm-none-eabi/lib/thumb/v7e-m/nofp\libcr_nohost_nf.a(__sys_flen.o)
                0x00003a42                __sys_flen
 .text.__sys_istty
                0x00003a48        0x6 c:/nxp/mcuxpressoide_11.7.1_9221/ide/plugins/com.nxp.mcuxpresso.tools.win32_11.7.1.202301190959/tools/bin/../lib/gcc/arm-none-eabi/10.3.1/../../../../arm-none-eabi/lib/thumb/v7e-m/nofp\libcr_nohost_nf.a(__sys_istty.o)
                0x00003a48                __sys_istty
 .text.__sys_remove
                0x00003a4e        0x6 c:/nxp/mcuxpressoide_11.7.1_9221/ide/plugins/com.nxp.mcuxpresso.tools.win32_11.7.1.202301190959/tools/bin/../lib/gcc/arm-none-eabi/10.3.1/../../../../arm-none-eabi/lib/thumb/v7e-m/nofp\libcr_nohost_nf.a(__sys_remove.o)
                0x00003a4e                __sys_remove
 .text.__sys_seek
                0x00003a54        0x6 c:/nxp/mcuxpressoide_11.7.1_9221/ide/plugins/com.nxp.mcuxpresso.tools.win32_11.7.1.202301190959/tools/bin/../lib/gcc/arm-none-eabi/10.3.1/../../../../arm-none-eabi/lib/thumb/v7e-m/nofp\libcr_nohost_nf.a(__sys_seek.o)
                0x00003a54                __sys_seek
 .text.__sys_tmpnam
                0x00003a5a        0x6 c:/nxp/mcuxpressoide_11.7.1_9221/ide/plugins/com.nxp.mcuxpresso.tools.win32_11.7.1.202301190959/tools/bin/../lib/gcc/arm-none-eabi/10.3.1/../../../../arm-none-eabi/lib/thumb/v7e-m/nofp\libcr_nohost_nf.a(__sys_tmpnam.o)
                0x00003a5a                __sys_tmpnam
 .text.__sys_write
                0x00003a60        0x4 c:/nxp/mcuxpressoide_11.7.1_9221/ide/plugins/com.nxp.mcuxpresso.tools.win32_11.7.1.202301190959/tools/bin/../lib/gcc/arm-none-eabi/10.3.1/../../../../arm-none-eabi/lib/thumb/v7e-m/nofp\libcr_nohost_nf.a(__sys_write.o)
                0x00003a60                __sys_write
 *(SORT_BY_ALIGNMENT(.rodata) SORT_BY_ALIGNMENT(.rodata.*) SORT_BY_ALIGNMENT(.constdata) SORT_BY_ALIGNMENT(.constdata.*))
 .rodata.DbgConsole_SendDataReliable.str1.4
                0x00003a64       0x4c ./utilities/fsl_debug_console.o
 .rodata.DbgConsole_ReadCharacter.str1.4
                0x00003ab0       0x1d ./utilities/fsl_debug_console.o
 *fill*         0x00003acd        0x3 ff
 .rodata.DbgConsole_Init.str1.4
                0x00003ad0       0xca ./utilities/fsl_debug_console.o
 *fill*         0x00003b9a        0x2 ff
 .rodata.main.str1.4
                0x00003b9c        0xf ./source/usart_dma_transfer_send.o
 *fill*         0x00003bab        0x1 ff
 .rodata.CLOCK_XtalBasicTrim.str1.4
                0x00003bac       0x2f ./drivers/fsl_clock.o
 *fill*         0x00003bdb        0x1 ff
 .rodata.CLOCK_Xtal32M_Trim.str1.4
                0x00003bdc       0x84 ./drivers/fsl_clock.o
 .rodata.DMA_GetInstance.str1.4
                0x00003c60       0x31 ./drivers/fsl_dma.o
 *fill*         0x00003c91        0x3 ff
 .rodata.s_flexcommBaseAddrs
                0x00003c94       0x1c ./drivers/fsl_flexcomm.o
 .rodata.s_flexcommClocks
                0x00003cb0       0x1c ./drivers/fsl_flexcomm.o
 .rodata.s_flexcommResets
                0x00003ccc       0x1c ./drivers/fsl_flexcomm.o
 .rodata.FLEXCOMM_GetInstance.str1.4
                0x00003ce8       0x1a ./drivers/fsl_flexcomm.o
 *fill*         0x00003d02        0x2 ff
 .rodata.FLEXCOMM0_DriverIRQHandler.str1.4
                0x00003d04       0x2d ./drivers/fsl_flexcomm.o
 *fill*         0x00003d31        0x3 ff
 .rodata.FLEXCOMM1_DriverIRQHandler.str1.4
                0x00003d34       0x2d ./drivers/fsl_flexcomm.o
 *fill*         0x00003d61        0x3 ff
 .rodata.FLEXCOMM2_DriverIRQHandler.str1.4
                0x00003d64       0x2d ./drivers/fsl_flexcomm.o
 *fill*         0x00003d91        0x3 ff
 .rodata.FLEXCOMM3_DriverIRQHandler.str1.4
                0x00003d94       0x2d ./drivers/fsl_flexcomm.o
 *fill*         0x00003dc1        0x3 ff
 .rodata.FLEXCOMM4_DriverIRQHandler.str1.4
                0x00003dc4       0x2d ./drivers/fsl_flexcomm.o
 *fill*         0x00003df1        0x3 ff
 .rodata.FLEXCOMM5_DriverIRQHandler.str1.4
                0x00003df4       0x2d ./drivers/fsl_flexcomm.o
 *fill*         0x00003e21        0x3 ff
 .rodata.FLEXCOMM6_DriverIRQHandler.str1.4
                0x00003e24       0x2d ./drivers/fsl_flexcomm.o
 *fill*         0x00003e51        0x3 ff
 .rodata.RESET_SetPeripheralReset.str1.4
                0x00003e54       0x1e ./drivers/fsl_reset.o
 *fill*         0x00003e72        0x2 ff
 .rodata.RESET_ClearPeripheralReset.str1.4
                0x00003e74       0x1e ./drivers/fsl_reset.o
 *fill*         0x00003e92        0x2 ff
 .rodata.USART_Init.str1.4
                0x00003e94       0x4e ./drivers/fsl_usart.o
 *fill*         0x00003ee2        0x2 ff
 .rodata.USART_GetDefaultConfig.str1.4
                0x00003ee4       0x21 ./drivers/fsl_usart.o
 *fill*         0x00003f05        0x3 ff
 .rodata.USART_SetBaudRate.str1.4
                0x00003f08       0x51 ./drivers/fsl_usart.o
 *fill*         0x00003f59        0x3 ff
 .rodata.USART_WriteBlocking.str1.4
                0x00003f5c       0x36 ./drivers/fsl_usart.o
 *fill*         0x00003f92        0x2 ff
 .rodata.USART_ReadBlocking.str1.4
                0x00003f94       0x36 ./drivers/fsl_usart.o
 *fill*         0x00003fca        0x2 ff
 .rodata.s_UsartAdapterBase
                0x00003fcc        0x8 ./component/uart/usart_adapter.o
 .rodata.HAL_UartInit.str1.4
                0x00003fd4       0xdb ./component/uart/usart_adapter.o
 *fill*         0x000040af        0x1 ff
 .rodata.HAL_UartReceiveBlocking.str1.4
                0x000040b0       0x59 ./component/uart/usart_adapter.o
 *fill*         0x00004109        0x3 ff
 .rodata.HAL_UartSendBlocking.str1.4
                0x0000410c       0x59 ./component/uart/usart_adapter.o
 *fill*         0x00004165        0x3 ff
 .rodata.SerialManager_Write.str1.4
                0x00004168       0x82 ./component/serial_manager/serial_manager.o
 *fill*         0x000041ea        0x2 ff
 .rodata.SerialManager_Read.str1.4
                0x000041ec       0x82 ./component/serial_manager/serial_manager.o
 *fill*         0x0000426e        0x2 ff
 .rodata.SerialManager_Init.str1.4
                0x00004270       0x44 ./component/serial_manager/serial_manager.o
 .rodata.SerialManager_OpenWriteHandle.str1.4
                0x000042b4       0x48 ./component/serial_manager/serial_manager.o
 .rodata.SerialManager_OpenReadHandle.str1.4
                0x000042fc       0x4b ./component/serial_manager/serial_manager.o
 *fill*         0x00004347        0x1 ff
 .rodata.Serial_UartInit.str1.4
                0x00004348       0x4e ./component/serial_manager/serial_port_uart.o
 *fill*         0x00004396        0x2 ff
 .rodata.Serial_UartWrite.str1.4
                0x00004398       0x68 ./component/serial_manager/serial_port_uart.o
 .rodata.Serial_UartRead.str1.4
                0x00004400       0x68 ./component/serial_manager/serial_port_uart.o
 .rodata.BOARD_Clock32MCapacitanceCharacteristics
                0x00004468        0xc ./board/board_utility.o
                0x00004468                BOARD_Clock32MCapacitanceCharacteristics
 .rodata.__num_Ciob_streams
                0x00004474        0x4 c:/nxp/mcuxpressoide_11.7.1_9221/ide/plugins/com.nxp.mcuxpresso.tools.win32_11.7.1.202301190959/tools/bin/../lib/gcc/arm-none-eabi/10.3.1/../../../../arm-none-eabi/lib/thumb/v7e-m/nofp\libcr_nohost_nf.a(__ciob.o)
                0x00004474                __num_Ciob_streams
 .rodata.__assertion_failed.str1.1
                0x00004478       0x15 c:/nxp/mcuxpressoide_11.7.1_9221/ide/plugins/com.nxp.mcuxpresso.tools.win32_11.7.1.202301190959/tools/bin/../lib/gcc/arm-none-eabi/10.3.1/../../../../arm-none-eabi/lib/thumb/v7e-m/nofp\libcr_nohost_nf.a(_cr_assert.o)
 .rodata._Csys_alloc.str1.1
                0x0000448d       0x18 c:/nxp/mcuxpressoide_11.7.1_9221/ide/plugins/com.nxp.mcuxpresso.tools.win32_11.7.1.202301190959/tools/bin/../lib/gcc/arm-none-eabi/10.3.1/../../../../arm-none-eabi/lib/thumb/v7e-m/nofp\libcr_c.a(alloc.o)
 .rodata._initio.str1.1
                0x000044a5        0x4 c:/nxp/mcuxpressoide_11.7.1_9221/ide/plugins/com.nxp.mcuxpresso.tools.win32_11.7.1.202301190959/tools/bin/../lib/gcc/arm-none-eabi/10.3.1/../../../../arm-none-eabi/lib/thumb/v7e-m/nofp\libcr_c.a(initio.o)
                0x000044ac                . = ALIGN (0x4)
 *fill*         0x000044a9        0x3 ff

.glue_7         0x000044ac        0x0
 .glue_7        0x000044ac        0x0 linker stubs

.glue_7t        0x000044ac        0x0
 .glue_7t       0x000044ac        0x0 linker stubs

.vfp11_veneer   0x000044ac        0x0
 .vfp11_veneer  0x000044ac        0x0 linker stubs

.v4_bx          0x000044ac        0x0
 .v4_bx         0x000044ac        0x0 linker stubs

.iplt           0x000044ac        0x0
 .iplt          0x000044ac        0x0 ./utilities/fsl_debug_console.o

.rel.dyn        0x000044ac        0x0
 .rel.iplt      0x000044ac        0x0 ./utilities/fsl_debug_console.o

.ARM.extab
 *(SORT_BY_ALIGNMENT(.ARM.extab*) SORT_BY_ALIGNMENT(.gnu.linkonce.armextab.*))

.ARM.exidx      0x000044ac        0x0
                0x000044ac                __exidx_start = .
 *(SORT_BY_ALIGNMENT(.ARM.exidx*) SORT_BY_ALIGNMENT(.gnu.linkonce.armexidx.*))
                0x000044ac                __exidx_end = .
                0x000044ac                _etext = .

.data_RAM2      0x04020000        0x0 load address 0x000044ac
 FILL mask 0xff
                [!provide]                PROVIDE (__start_data_RAM2 = .)
                [!provide]                PROVIDE (__start_data_SRAM1 = .)
 *(SORT_BY_ALIGNMENT(.ramfunc.$RAM2))
 *(SORT_BY_ALIGNMENT(.ramfunc.$SRAM1))
 *(SORT_BY_ALIGNMENT(.data.$RAM2))
 *(SORT_BY_ALIGNMENT(.data.$SRAM1))
 *(SORT_BY_ALIGNMENT(.data.$RAM2.*))
 *(SORT_BY_ALIGNMENT(.data.$SRAM1.*))
                0x04020000                . = ALIGN (0x4)
                [!provide]                PROVIDE (__end_data_RAM2 = .)
                [!provide]                PROVIDE (__end_data_SRAM1 = .)

.uninit_RESERVED
                0x04000000        0x0
                0x04000000                _start_uninit_RESERVED = .
 *(SORT_BY_ALIGNMENT(.bss.$RESERVED*))
                0x04000000                . = ALIGN (0x4)
                0x04000000                _end_uninit_RESERVED = .

.data           0x04000000        0x4 load address 0x000044ac
 FILL mask 0xff
                0x04000000                _data = .
                [!provide]                PROVIDE (__start_data_RAM = .)
                [!provide]                PROVIDE (__start_data_SRAM = .)
 *(SORT_BY_ALIGNMENT(vtable))
 *(SORT_BY_ALIGNMENT(.ramfunc*))
 *(SORT_BY_ALIGNMENT(CodeQuickAccess))
 *(SORT_BY_ALIGNMENT(DataQuickAccess))
 *(SORT_BY_ALIGNMENT(RamFunction))
 *(SORT_BY_ALIGNMENT(.data*))
 .data.SystemCoreClock
                0x04000000        0x4 ./device/system_JN5189.o
                0x04000000                SystemCoreClock
                0x04000004                . = ALIGN (0x4)
                0x04000004                _edata = .
                [!provide]                PROVIDE (__end_data_RAM = .)
                [!provide]                PROVIDE (__end_data_SRAM = .)

.igot.plt       0x04000004        0x0 load address 0x000044b0
 .igot.plt      0x04000004        0x0 ./utilities/fsl_debug_console.o

.bss_RAM2       0x04020000        0x0
                [!provide]                PROVIDE (__start_bss_RAM2 = .)
                [!provide]                PROVIDE (__start_bss_SRAM1 = .)
 *(SORT_BY_ALIGNMENT(.bss.$RAM2))
 *(SORT_BY_ALIGNMENT(.bss.$SRAM1))
 *(SORT_BY_ALIGNMENT(.bss.$RAM2.*))
 *(SORT_BY_ALIGNMENT(.bss.$SRAM1.*))
                0x04020000                . = ALIGN ((. != 0x0)?0x4:0x1)
                [!provide]                PROVIDE (__end_bss_RAM2 = .)
                [!provide]                PROVIDE (__end_bss_SRAM1 = .)

.bss            0x04000004      0x174
                0x04000004                _bss = .
                [!provide]                PROVIDE (__start_bss_RAM = .)
                [!provide]                PROVIDE (__start_bss_SRAM = .)
 *(SORT_BY_ALIGNMENT(.bss*))
 .bss.s_debugConsoleState
                0x04000004       0x1c ./utilities/fsl_debug_console.o
 .bss.g_serialHandle
                0x04000020        0x4 ./utilities/fsl_debug_console.o
                0x04000020                g_serialHandle
 .bss.g_config  0x04000024       0x10 ./source/usart_dma_transfer_send.o
                0x04000024                g_config
 .bss.s_DMAHandle
                0x04000034       0x4c ./drivers/fsl_dma.o
 .bss.s_flexcommIrqHandler
                0x04000080       0x1c ./drivers/fsl_flexcomm.o
 .bss.s_flexcommHandle
                0x0400009c       0x1c ./drivers/fsl_flexcomm.o
 .bss.__Ciob    0x040000b8       0xb4 c:/nxp/mcuxpressoide_11.7.1_9221/ide/plugins/com.nxp.mcuxpresso.tools.win32_11.7.1.202301190959/tools/bin/../lib/gcc/arm-none-eabi/10.3.1/../../../../arm-none-eabi/lib/thumb/v7e-m/nofp\libcr_nohost_nf.a(__ciob.o)
                0x040000b8                __Ciob
 .bss.__end_of_heap
                0x0400016c        0x4 c:/nxp/mcuxpressoide_11.7.1_9221/ide/plugins/com.nxp.mcuxpresso.tools.win32_11.7.1.202301190959/tools/bin/../lib/gcc/arm-none-eabi/10.3.1/../../../../arm-none-eabi/lib/thumb/v7e-m/nofp\libcr_c.a(__init_alloc.o)
                0x0400016c                __end_of_heap
 .bss.__heaps   0x04000170        0x4 c:/nxp/mcuxpressoide_11.7.1_9221/ide/plugins/com.nxp.mcuxpresso.tools.win32_11.7.1.202301190959/tools/bin/../lib/gcc/arm-none-eabi/10.3.1/../../../../arm-none-eabi/lib/thumb/v7e-m/nofp\libcr_c.a(__init_alloc.o)
                0x04000170                __heaps
 .bss.errno     0x04000174        0x4 c:/nxp/mcuxpressoide_11.7.1_9221/ide/plugins/com.nxp.mcuxpresso.tools.win32_11.7.1.202301190959/tools/bin/../lib/gcc/arm-none-eabi/10.3.1/../../../../arm-none-eabi/lib/thumb/v7e-m/nofp\libcr_c.a(errno.o)
                0x04000174                errno
 *(SORT_BY_ALIGNMENT(COMMON))
                0x04000178                . = ALIGN (0x4)
                0x04000178                _ebss = .
                [!provide]                PROVIDE (__end_bss_RAM = .)
                [!provide]                PROVIDE (__end_bss_SRAM = .)
                [!provide]                PROVIDE (end = .)

.noinit_RAM2    0x04020000        0x0
                [!provide]                PROVIDE (__start_noinit_RAM2 = .)
                [!provide]                PROVIDE (__start_noinit_SRAM1 = .)
 *(SORT_BY_ALIGNMENT(.noinit.$RAM2))
 *(SORT_BY_ALIGNMENT(.noinit.$SRAM1))
 *(SORT_BY_ALIGNMENT(.noinit.$RAM2.*))
 *(SORT_BY_ALIGNMENT(.noinit.$SRAM1.*))
                0x04020000                . = ALIGN (0x4)
                [!provide]                PROVIDE (__end_noinit_RAM2 = .)
                [!provide]                PROVIDE (__end_noinit_SRAM1 = .)

.noinit         0x04000178        0x0
                0x04000178                _noinit = .
                [!provide]                PROVIDE (__start_noinit_RAM = .)
                [!provide]                PROVIDE (__start_noinit_SRAM = .)
 *(SORT_BY_ALIGNMENT(.noinit*))
                0x04000178                . = ALIGN (0x4)
                0x04000178                _end_noinit = .
                [!provide]                PROVIDE (__end_noinit_RAM = .)
                [!provide]                PROVIDE (__end_noinit_SRAM = .)
                0x00001000                _HeapSize = 0x1000

.heap           0x04000178     0x1000
                0x04000178                _pvHeapStart = .
                0x04001178                . = (. + _HeapSize)
 *fill*         0x04000178     0x1000 
                0x04001178                . = ALIGN (0x4)
                0x04001178                _pvHeapLimit = .
                0x00001000                _StackSize = 0x1000

.heap2stackfill
                0x04001178     0x1000
                0x04002178                . = (. + _StackSize)
 *fill*         0x04001178     0x1000 

.stack          0x04014fe0        0x0
                0x04014fe0                _vStackBase = .
                0x04014fe0                . = ALIGN (0x4)
                0x04015fe0                _vStackTop = (. + _StackSize)
                0x00000000                _image_start = LOADADDR (.text)
                0x000044b0                _image_end = (LOADADDR (.data) + SIZEOF (.data))
                0x000044b0                _image_size = (_image_end - _image_start)
OUTPUT(jn5189dk6_usart_transfer_study_debug_console_SEND.axf elf32-littlearm)
LOAD linker stubs

.debug_info     0x00000000    0x1344b
 .debug_info    0x00000000     0x13f7 ./utilities/fsl_debug_console.o
 .debug_info    0x000013f7      0x4fd ./utilities/fsl_str.o
 .debug_info    0x000018f4     0x13a9 ./startup/startup_jn5189.o
 .debug_info    0x00002c9d       0x3c ./source/semihost_hardfault.o
 .debug_info    0x00002cd9     0x1804 ./source/usart_dma_transfer_send.o
 .debug_info    0x000044dd     0x2139 ./drivers/fsl_clock.o
 .debug_info    0x00006616     0x2657 ./drivers/fsl_dma.o
 .debug_info    0x00008c6d     0x151b ./drivers/fsl_flash.o
 .debug_info    0x0000a188     0x16af ./drivers/fsl_flexcomm.o
 .debug_info    0x0000b837      0xeac ./drivers/fsl_reset.o
 .debug_info    0x0000c6e3     0x1f39 ./drivers/fsl_usart.o
 .debug_info    0x0000e61c     0x10e0 ./device/system_JN5189.o
 .debug_info    0x0000f6fc     0x14e9 ./component/uart/usart_adapter.o
 .debug_info    0x00010be5      0x826 ./component/serial_manager/serial_manager.o
 .debug_info    0x0001140b      0x47d ./component/serial_manager/serial_port_uart.o
 .debug_info    0x00011888      0x2e7 ./board/board.o
 .debug_info    0x00011b6f     0x1108 ./board/board_utility.o
 .debug_info    0x00012c77      0x488 ./board/clock_config.o
 .debug_info    0x000130ff      0x34c ./board/pin_mux.o

.debug_abbrev   0x00000000     0x2483
 .debug_abbrev  0x00000000      0x26b ./utilities/fsl_debug_console.o
 .debug_abbrev  0x0000026b      0x17a ./utilities/fsl_str.o
 .debug_abbrev  0x000003e5      0x23b ./startup/startup_jn5189.o
 .debug_abbrev  0x00000620       0x31 ./source/semihost_hardfault.o
 .debug_abbrev  0x00000651      0x1d6 ./source/usart_dma_transfer_send.o
 .debug_abbrev  0x00000827      0x34f ./drivers/fsl_clock.o
 .debug_abbrev  0x00000b76      0x339 ./drivers/fsl_dma.o
 .debug_abbrev  0x00000eaf      0x2be ./drivers/fsl_flash.o
 .debug_abbrev  0x0000116d      0x259 ./drivers/fsl_flexcomm.o
 .debug_abbrev  0x000013c6      0x19d ./drivers/fsl_reset.o
 .debug_abbrev  0x00001563      0x368 ./drivers/fsl_usart.o
 .debug_abbrev  0x000018cb      0x212 ./device/system_JN5189.o
 .debug_abbrev  0x00001add      0x203 ./component/uart/usart_adapter.o
 .debug_abbrev  0x00001ce0      0x205 ./component/serial_manager/serial_manager.o
 .debug_abbrev  0x00001ee5      0x127 ./component/serial_manager/serial_port_uart.o
 .debug_abbrev  0x0000200c       0xf1 ./board/board.o
 .debug_abbrev  0x000020fd      0x191 ./board/board_utility.o
 .debug_abbrev  0x0000228e       0xae ./board/clock_config.o
 .debug_abbrev  0x0000233c      0x147 ./board/pin_mux.o

.debug_aranges  0x00000000      0xa48
 .debug_aranges
                0x00000000       0x80 ./utilities/fsl_debug_console.o
 .debug_aranges
                0x00000080       0x38 ./utilities/fsl_str.o
 .debug_aranges
                0x000000b8      0x238 ./startup/startup_jn5189.o
 .debug_aranges
                0x000002f0       0x20 ./source/semihost_hardfault.o
 .debug_aranges
                0x00000310       0x28 ./source/usart_dma_transfer_send.o
 .debug_aranges
                0x00000338      0x158 ./drivers/fsl_clock.o
 .debug_aranges
                0x00000490      0x120 ./drivers/fsl_dma.o
 .debug_aranges
                0x000005b0       0xa0 ./drivers/fsl_flash.o
 .debug_aranges
                0x00000650       0x78 ./drivers/fsl_flexcomm.o
 .debug_aranges
                0x000006c8       0x50 ./drivers/fsl_reset.o
 .debug_aranges
                0x00000718       0xe0 ./drivers/fsl_usart.o
 .debug_aranges
                0x000007f8       0x78 ./device/system_JN5189.o
 .debug_aranges
                0x00000870       0x40 ./component/uart/usart_adapter.o
 .debug_aranges
                0x000008b0       0x98 ./component/serial_manager/serial_manager.o
 .debug_aranges
                0x00000948       0x38 ./component/serial_manager/serial_port_uart.o
 .debug_aranges
                0x00000980       0x30 ./board/board.o
 .debug_aranges
                0x000009b0       0x40 ./board/board_utility.o
 .debug_aranges
                0x000009f0       0x28 ./board/clock_config.o
 .debug_aranges
                0x00000a18       0x30 ./board/pin_mux.o

.debug_ranges   0x00000000      0x918
 .debug_ranges  0x00000000       0x70 ./utilities/fsl_debug_console.o
 .debug_ranges  0x00000070       0x28 ./utilities/fsl_str.o
 .debug_ranges  0x00000098      0x228 ./startup/startup_jn5189.o
 .debug_ranges  0x000002c0       0x10 ./source/semihost_hardfault.o
 .debug_ranges  0x000002d0       0x18 ./source/usart_dma_transfer_send.o
 .debug_ranges  0x000002e8      0x148 ./drivers/fsl_clock.o
 .debug_ranges  0x00000430      0x110 ./drivers/fsl_dma.o
 .debug_ranges  0x00000540       0x90 ./drivers/fsl_flash.o
 .debug_ranges  0x000005d0       0x68 ./drivers/fsl_flexcomm.o
 .debug_ranges  0x00000638       0x40 ./drivers/fsl_reset.o
 .debug_ranges  0x00000678       0xd0 ./drivers/fsl_usart.o
 .debug_ranges  0x00000748       0x68 ./device/system_JN5189.o
 .debug_ranges  0x000007b0       0x30 ./component/uart/usart_adapter.o
 .debug_ranges  0x000007e0       0x88 ./component/serial_manager/serial_manager.o
 .debug_ranges  0x00000868       0x28 ./component/serial_manager/serial_port_uart.o
 .debug_ranges  0x00000890       0x20 ./board/board.o
 .debug_ranges  0x000008b0       0x30 ./board/board_utility.o
 .debug_ranges  0x000008e0       0x18 ./board/clock_config.o
 .debug_ranges  0x000008f8       0x20 ./board/pin_mux.o

.debug_macro    0x00000000     0x2b89
 .debug_macro   0x00000000      0x19b ./utilities/fsl_debug_console.o
 .debug_macro   0x0000019b       0x16 ./utilities/fsl_debug_console.o
 .debug_macro   0x000001b1       0x10 ./utilities/fsl_debug_console.o
 .debug_macro   0x000001c1       0x28 ./utilities/fsl_debug_console.o
 .debug_macro   0x000001e9       0x5d ./utilities/fsl_debug_console.o
 .debug_macro   0x00000246       0x16 ./utilities/fsl_debug_console.o
 .debug_macro   0x0000025c       0x34 ./utilities/fsl_debug_console.o
 .debug_macro   0x00000290      0x142 ./utilities/fsl_str.o
 .debug_macro   0x000003d2       0xc4 ./utilities/fsl_str.o
 .debug_macro   0x00000496       0x1c ./utilities/fsl_str.o
 .debug_macro   0x000004b2      0x133 ./startup/startup_jn5189.o
 .debug_macro   0x000005e5       0x34 ./startup/startup_jn5189.o
 .debug_macro   0x00000619       0x10 ./startup/startup_jn5189.o
 .debug_macro   0x00000629       0x16 ./startup/startup_jn5189.o
 .debug_macro   0x0000063f       0x40 ./startup/startup_jn5189.o
 .debug_macro   0x0000067f       0x28 ./startup/startup_jn5189.o
 .debug_macro   0x000006a7       0x5e ./startup/startup_jn5189.o
 .debug_macro   0x00000705       0x10 ./startup/startup_jn5189.o
 .debug_macro   0x00000715       0x11 ./source/semihost_hardfault.o
 .debug_macro   0x00000726      0x1d5 ./source/usart_dma_transfer_send.o
 .debug_macro   0x000008fb       0x10 ./source/usart_dma_transfer_send.o
 .debug_macro   0x0000090b       0x1c ./source/usart_dma_transfer_send.o
 .debug_macro   0x00000927      0x5aa ./source/usart_dma_transfer_send.o
 .debug_macro   0x00000ed1      0x25f ./source/usart_dma_transfer_send.o
 .debug_macro   0x00001130       0x10 ./source/usart_dma_transfer_send.o
 .debug_macro   0x00001140      0x160 ./source/usart_dma_transfer_send.o
 .debug_macro   0x000012a0      0x188 ./source/usart_dma_transfer_send.o
 .debug_macro   0x00001428       0x1c ./source/usart_dma_transfer_send.o
 .debug_macro   0x00001444       0x40 ./source/usart_dma_transfer_send.o
 .debug_macro   0x00001484       0xee ./source/usart_dma_transfer_send.o
 .debug_macro   0x00001572      0x18a ./drivers/fsl_clock.o
 .debug_macro   0x000016fc       0xbe ./drivers/fsl_clock.o
 .debug_macro   0x000017ba       0x52 ./drivers/fsl_clock.o
 .debug_macro   0x0000180c      0x132 ./drivers/fsl_dma.o
 .debug_macro   0x0000193e       0x6a ./drivers/fsl_dma.o
 .debug_macro   0x000019a8      0x18d ./drivers/fsl_flash.o
 .debug_macro   0x00001b35       0xe8 ./drivers/fsl_flash.o
 .debug_macro   0x00001c1d       0x46 ./drivers/fsl_flash.o
 .debug_macro   0x00001c63      0x12c ./drivers/fsl_flexcomm.o
 .debug_macro   0x00001d8f       0x10 ./drivers/fsl_flexcomm.o
 .debug_macro   0x00001d9f      0x14b ./drivers/fsl_reset.o
 .debug_macro   0x00001eea      0x13b ./drivers/fsl_usart.o
 .debug_macro   0x00002025       0x16 ./drivers/fsl_usart.o
 .debug_macro   0x0000203b      0x148 ./device/system_JN5189.o
 .debug_macro   0x00002183       0x16 ./device/system_JN5189.o
 .debug_macro   0x00002199      0x138 ./component/uart/usart_adapter.o
 .debug_macro   0x000022d1       0x22 ./component/uart/usart_adapter.o
 .debug_macro   0x000022f3      0x156 ./component/serial_manager/serial_manager.o
 .debug_macro   0x00002449      0x147 ./component/serial_manager/serial_port_uart.o
 .debug_macro   0x00002590       0x22 ./component/serial_manager/serial_port_uart.o
 .debug_macro   0x000025b2      0x1a2 ./board/board.o
 .debug_macro   0x00002754      0x1c9 ./board/board_utility.o
 .debug_macro   0x0000291d       0x10 ./board/board_utility.o
 .debug_macro   0x0000292d      0x12d ./board/clock_config.o
 .debug_macro   0x00002a5a      0x12f ./board/pin_mux.o

.debug_line     0x00000000     0x8621
 .debug_line    0x00000000      0x755 ./utilities/fsl_debug_console.o
 .debug_line    0x00000755      0xa48 ./utilities/fsl_str.o
 .debug_line    0x0000119d      0xa94 ./startup/startup_jn5189.o
 .debug_line    0x00001c31       0x59 ./source/semihost_hardfault.o
 .debug_line    0x00001c8a      0x592 ./source/usart_dma_transfer_send.o
 .debug_line    0x0000221c      0xe52 ./drivers/fsl_clock.o
 .debug_line    0x0000306e      0xd67 ./drivers/fsl_dma.o
 .debug_line    0x00003dd5      0x7f2 ./drivers/fsl_flash.o
 .debug_line    0x000045c7      0x5b7 ./drivers/fsl_flexcomm.o
 .debug_line    0x00004b7e      0x502 ./drivers/fsl_reset.o
 .debug_line    0x00005080      0xd63 ./drivers/fsl_usart.o
 .debug_line    0x00005de3      0x51b ./device/system_JN5189.o
 .debug_line    0x000062fe      0x4cf ./component/uart/usart_adapter.o
 .debug_line    0x000067cd      0x740 ./component/serial_manager/serial_manager.o
 .debug_line    0x00006f0d      0x512 ./component/serial_manager/serial_port_uart.o
 .debug_line    0x0000741f      0x4f1 ./board/board.o
 .debug_line    0x00007910      0x586 ./board/board_utility.o
 .debug_line    0x00007e96      0x3ac ./board/clock_config.o
 .debug_line    0x00008242      0x3df ./board/pin_mux.o

.debug_str      0x00000000    0x7344f
 .debug_str     0x00000000    0x67c46 ./utilities/fsl_debug_console.o
                              0x67ea7 (size before relaxing)
 .debug_str     0x00067c46      0x6ce ./utilities/fsl_str.o
                              0x66b1d (size before relaxing)
 .debug_str     0x00068314      0xd45 ./startup/startup_jn5189.o
                              0x6640b (size before relaxing)
 .debug_str     0x00069059       0x1f ./source/semihost_hardfault.o
                               0x2d7f (size before relaxing)
 .debug_str     0x00069078     0x6453 ./source/usart_dma_transfer_send.o
                              0x6d97e (size before relaxing)
 .debug_str     0x0006f4cb      0xe11 ./drivers/fsl_clock.o
                              0x6890c (size before relaxing)
 .debug_str     0x000702dc     0x15c6 ./drivers/fsl_dma.o
                              0x68e9f (size before relaxing)
 .debug_str     0x000718a2      0x59c ./drivers/fsl_flash.o
                              0x67f67 (size before relaxing)
 .debug_str     0x00071e3e      0x2e5 ./drivers/fsl_flexcomm.o
                              0x67e07 (size before relaxing)
 .debug_str     0x00072123      0x13a ./drivers/fsl_reset.o
                              0x69434 (size before relaxing)
 .debug_str     0x0007225d      0x661 ./drivers/fsl_usart.o
                              0x682ae (size before relaxing)
 .debug_str     0x000728be       0xc8 ./device/system_JN5189.o
                              0x66013 (size before relaxing)
 .debug_str     0x00072986      0x33f ./component/uart/usart_adapter.o
                              0x67a64 (size before relaxing)
 .debug_str     0x00072cc5      0x381 ./component/serial_manager/serial_manager.o
                              0x66a38 (size before relaxing)
 .debug_str     0x00073046       0xfc ./component/serial_manager/serial_port_uart.o
                              0x66a79 (size before relaxing)
 .debug_str     0x00073142       0x62 ./board/board.o
                              0x6b7ec (size before relaxing)
 .debug_str     0x000731a4      0x1b5 ./board/board_utility.o
                              0x6cb14 (size before relaxing)
 .debug_str     0x00073359       0x40 ./board/clock_config.o
                              0x66af0 (size before relaxing)
 .debug_str     0x00073399       0xb6 ./board/pin_mux.o
                              0x67147 (size before relaxing)

.comment        0x00000000       0x49
 .comment       0x00000000       0x49 ./utilities/fsl_debug_console.o
                                 0x4a (size before relaxing)
 .comment       0x00000049       0x4a ./utilities/fsl_str.o
 .comment       0x00000049       0x4a ./startup/startup_jn5189.o
 .comment       0x00000049       0x4a ./source/semihost_hardfault.o
 .comment       0x00000049       0x4a ./source/usart_dma_transfer_send.o
 .comment       0x00000049       0x4a ./drivers/fsl_clock.o
 .comment       0x00000049       0x4a ./drivers/fsl_dma.o
 .comment       0x00000049       0x4a ./drivers/fsl_flash.o
 .comment       0x00000049       0x4a ./drivers/fsl_flexcomm.o
 .comment       0x00000049       0x4a ./drivers/fsl_reset.o
 .comment       0x00000049       0x4a ./drivers/fsl_usart.o
 .comment       0x00000049       0x4a ./device/system_JN5189.o
 .comment       0x00000049       0x4a ./component/uart/usart_adapter.o
 .comment       0x00000049       0x4a ./component/serial_manager/serial_manager.o
 .comment       0x00000049       0x4a ./component/serial_manager/serial_port_uart.o
 .comment       0x00000049       0x4a ./board/board.o
 .comment       0x00000049       0x4a ./board/board_utility.o
 .comment       0x00000049       0x4a ./board/clock_config.o
 .comment       0x00000049       0x4a ./board/pin_mux.o
 .comment       0x00000049       0x4a c:/nxp/mcuxpressoide_11.7.1_9221/ide/plugins/com.nxp.mcuxpresso.tools.win32_11.7.1.202301190959/tools/bin/../lib/gcc/arm-none-eabi/10.3.1/../../../../arm-none-eabi/lib/thumb/v7e-m/nofp\libcr_nohost_nf.a(_cr__main.o)
 .comment       0x00000049       0x4a c:/nxp/mcuxpressoide_11.7.1_9221/ide/plugins/com.nxp.mcuxpresso.tools.win32_11.7.1.202301190959/tools/bin/../lib/gcc/arm-none-eabi/10.3.1/../../../../arm-none-eabi/lib/thumb/v7e-m/nofp\libcr_nohost_nf.a(_cr_assert.o)
 .comment       0x00000049       0x4a c:/nxp/mcuxpressoide_11.7.1_9221/ide/plugins/com.nxp.mcuxpresso.tools.win32_11.7.1.202301190959/tools/bin/../lib/gcc/arm-none-eabi/10.3.1/../../../../arm-none-eabi/lib/thumb/v7e-m/nofp\libcr_nohost_nf.a(__ciob.o)
 .comment       0x00000049       0x4a c:/nxp/mcuxpressoide_11.7.1_9221/ide/plugins/com.nxp.mcuxpresso.tools.win32_11.7.1.202301190959/tools/bin/../lib/gcc/arm-none-eabi/10.3.1/../../../../arm-none-eabi/lib/thumb/v7e-m/nofp\libcr_nohost_nf.a(__sys_appexit.o)
 .comment       0x00000049       0x4a c:/nxp/mcuxpressoide_11.7.1_9221/ide/plugins/com.nxp.mcuxpresso.tools.win32_11.7.1.202301190959/tools/bin/../lib/gcc/arm-none-eabi/10.3.1/../../../../arm-none-eabi/lib/thumb/v7e-m/nofp\libcr_c.a(memset.o)
 .comment       0x00000049       0x4a c:/nxp/mcuxpressoide_11.7.1_9221/ide/plugins/com.nxp.mcuxpresso.tools.win32_11.7.1.202301190959/tools/bin/../lib/gcc/arm-none-eabi/10.3.1/../../../../arm-none-eabi/lib/thumb/v7e-m/nofp\libcr_c.a(_deferredlazyseek.o)
 .comment       0x00000049       0x4a c:/nxp/mcuxpressoide_11.7.1_9221/ide/plugins/com.nxp.mcuxpresso.tools.win32_11.7.1.202301190959/tools/bin/../lib/gcc/arm-none-eabi/10.3.1/../../../../arm-none-eabi/lib/thumb/v7e-m/nofp\libcr_c.a(_fflush.o)
 .comment       0x00000049       0x4a c:/nxp/mcuxpressoide_11.7.1_9221/ide/plugins/com.nxp.mcuxpresso.tools.win32_11.7.1.202301190959/tools/bin/../lib/gcc/arm-none-eabi/10.3.1/../../../../arm-none-eabi/lib/thumb/v7e-m/nofp\libcr_c.a(_writebuf.o)
 .comment       0x00000049       0x4a c:/nxp/mcuxpressoide_11.7.1_9221/ide/plugins/com.nxp.mcuxpresso.tools.win32_11.7.1.202301190959/tools/bin/../lib/gcc/arm-none-eabi/10.3.1/../../../../arm-none-eabi/lib/thumb/v7e-m/nofp\libcr_c.a(alloc.o)
 .comment       0x00000049       0x4a c:/nxp/mcuxpressoide_11.7.1_9221/ide/plugins/com.nxp.mcuxpresso.tools.win32_11.7.1.202301190959/tools/bin/../lib/gcc/arm-none-eabi/10.3.1/../../../../arm-none-eabi/lib/thumb/v7e-m/nofp\libcr_c.a(fputs.o)
 .comment       0x00000049       0x4a c:/nxp/mcuxpressoide_11.7.1_9221/ide/plugins/com.nxp.mcuxpresso.tools.win32_11.7.1.202301190959/tools/bin/../lib/gcc/arm-none-eabi/10.3.1/../../../../arm-none-eabi/lib/thumb/v7e-m/nofp\libcr_c.a(fseek.o)
 .comment       0x00000049       0x4a c:/nxp/mcuxpressoide_11.7.1_9221/ide/plugins/com.nxp.mcuxpresso.tools.win32_11.7.1.202301190959/tools/bin/../lib/gcc/arm-none-eabi/10.3.1/../../../../arm-none-eabi/lib/thumb/v7e-m/nofp\libcr_c.a(ftell.o)
 .comment       0x00000049       0x4a c:/nxp/mcuxpressoide_11.7.1_9221/ide/plugins/com.nxp.mcuxpresso.tools.win32_11.7.1.202301190959/tools/bin/../lib/gcc/arm-none-eabi/10.3.1/../../../../arm-none-eabi/lib/thumb/v7e-m/nofp\libcr_c.a(initio.o)
 .comment       0x00000049       0x4a c:/nxp/mcuxpressoide_11.7.1_9221/ide/plugins/com.nxp.mcuxpresso.tools.win32_11.7.1.202301190959/tools/bin/../lib/gcc/arm-none-eabi/10.3.1/../../../../arm-none-eabi/lib/thumb/v7e-m/nofp\libcr_c.a(setvbuf.o)
 .comment       0x00000049       0x4a c:/nxp/mcuxpressoide_11.7.1_9221/ide/plugins/com.nxp.mcuxpresso.tools.win32_11.7.1.202301190959/tools/bin/../lib/gcc/arm-none-eabi/10.3.1/../../../../arm-none-eabi/lib/thumb/v7e-m/nofp\libcr_c.a(strlen.o)
 .comment       0x00000049       0x4a c:/nxp/mcuxpressoide_11.7.1_9221/ide/plugins/com.nxp.mcuxpresso.tools.win32_11.7.1.202301190959/tools/bin/../lib/gcc/arm-none-eabi/10.3.1/../../../../arm-none-eabi/lib/thumb/v7e-m/nofp\libcr_c.a(__init_alloc.o)
 .comment       0x00000049       0x4a c:/nxp/mcuxpressoide_11.7.1_9221/ide/plugins/com.nxp.mcuxpresso.tools.win32_11.7.1.202301190959/tools/bin/../lib/gcc/arm-none-eabi/10.3.1/../../../../arm-none-eabi/lib/thumb/v7e-m/nofp\libcr_c.a(_cr_sbrk.o)
 .comment       0x00000049       0x4a c:/nxp/mcuxpressoide_11.7.1_9221/ide/plugins/com.nxp.mcuxpresso.tools.win32_11.7.1.202301190959/tools/bin/../lib/gcc/arm-none-eabi/10.3.1/../../../../arm-none-eabi/lib/thumb/v7e-m/nofp\libcr_c.a(_fdopen.o)
 .comment       0x00000049       0x4a c:/nxp/mcuxpressoide_11.7.1_9221/ide/plugins/com.nxp.mcuxpresso.tools.win32_11.7.1.202301190959/tools/bin/../lib/gcc/arm-none-eabi/10.3.1/../../../../arm-none-eabi/lib/thumb/v7e-m/nofp\libcr_c.a(errno.o)
 .comment       0x00000049       0x4a c:/nxp/mcuxpressoide_11.7.1_9221/ide/plugins/com.nxp.mcuxpresso.tools.win32_11.7.1.202301190959/tools/bin/../lib/gcc/arm-none-eabi/10.3.1/../../../../arm-none-eabi/lib/thumb/v7e-m/nofp\libcr_c.a(fclose.o)
 .comment       0x00000049       0x4a c:/nxp/mcuxpressoide_11.7.1_9221/ide/plugins/com.nxp.mcuxpresso.tools.win32_11.7.1.202301190959/tools/bin/../lib/gcc/arm-none-eabi/10.3.1/../../../../arm-none-eabi/lib/thumb/v7e-m/nofp\libcr_c.a(fflush.o)
 .comment       0x00000049       0x4a c:/nxp/mcuxpressoide_11.7.1_9221/ide/plugins/com.nxp.mcuxpresso.tools.win32_11.7.1.202301190959/tools/bin/../lib/gcc/arm-none-eabi/10.3.1/../../../../arm-none-eabi/lib/thumb/v7e-m/nofp\libcr_c.a(remove.o)
 .comment       0x00000049       0x4a c:/nxp/mcuxpressoide_11.7.1_9221/ide/plugins/com.nxp.mcuxpresso.tools.win32_11.7.1.202301190959/tools/bin/../lib/gcc/arm-none-eabi/10.3.1/../../../../arm-none-eabi/lib/thumb/v7e-m/nofp\libcr_c.a(_cr_check_heap.o)
 .comment       0x00000049       0x4a c:/nxp/mcuxpressoide_11.7.1_9221/ide/plugins/com.nxp.mcuxpresso.tools.win32_11.7.1.202301190959/tools/bin/../lib/gcc/arm-none-eabi/10.3.1/../../../../arm-none-eabi/lib/thumb/v7e-m/nofp\libcr_c.a(_do_fflush.o)
 .comment       0x00000049       0x4a c:/nxp/mcuxpressoide_11.7.1_9221/ide/plugins/com.nxp.mcuxpresso.tools.win32_11.7.1.202301190959/tools/bin/../lib/gcc/arm-none-eabi/10.3.1/../../../../arm-none-eabi/lib/thumb/v7e-m/nofp\libcr_nohost_nf.a(__sys_close.o)
 .comment       0x00000049       0x4a c:/nxp/mcuxpressoide_11.7.1_9221/ide/plugins/com.nxp.mcuxpresso.tools.win32_11.7.1.202301190959/tools/bin/../lib/gcc/arm-none-eabi/10.3.1/../../../../arm-none-eabi/lib/thumb/v7e-m/nofp\libcr_nohost_nf.a(__sys_flen.o)
 .comment       0x00000049       0x4a c:/nxp/mcuxpressoide_11.7.1_9221/ide/plugins/com.nxp.mcuxpresso.tools.win32_11.7.1.202301190959/tools/bin/../lib/gcc/arm-none-eabi/10.3.1/../../../../arm-none-eabi/lib/thumb/v7e-m/nofp\libcr_nohost_nf.a(__sys_istty.o)
 .comment       0x00000049       0x4a c:/nxp/mcuxpressoide_11.7.1_9221/ide/plugins/com.nxp.mcuxpresso.tools.win32_11.7.1.202301190959/tools/bin/../lib/gcc/arm-none-eabi/10.3.1/../../../../arm-none-eabi/lib/thumb/v7e-m/nofp\libcr_nohost_nf.a(__sys_remove.o)
 .comment       0x00000049       0x4a c:/nxp/mcuxpressoide_11.7.1_9221/ide/plugins/com.nxp.mcuxpresso.tools.win32_11.7.1.202301190959/tools/bin/../lib/gcc/arm-none-eabi/10.3.1/../../../../arm-none-eabi/lib/thumb/v7e-m/nofp\libcr_nohost_nf.a(__sys_seek.o)
 .comment       0x00000049       0x4a c:/nxp/mcuxpressoide_11.7.1_9221/ide/plugins/com.nxp.mcuxpresso.tools.win32_11.7.1.202301190959/tools/bin/../lib/gcc/arm-none-eabi/10.3.1/../../../../arm-none-eabi/lib/thumb/v7e-m/nofp\libcr_nohost_nf.a(__sys_tmpnam.o)
 .comment       0x00000049       0x4a c:/nxp/mcuxpressoide_11.7.1_9221/ide/plugins/com.nxp.mcuxpresso.tools.win32_11.7.1.202301190959/tools/bin/../lib/gcc/arm-none-eabi/10.3.1/../../../../arm-none-eabi/lib/thumb/v7e-m/nofp\libcr_nohost_nf.a(__sys_write.o)

.ARM.attributes
                0x00000000       0x2c
 .ARM.attributes
                0x00000000       0x2e ./utilities/fsl_debug_console.o
 .ARM.attributes
                0x0000002e       0x2e ./utilities/fsl_str.o
 .ARM.attributes
                0x0000005c       0x2e ./startup/startup_jn5189.o
 .ARM.attributes
                0x0000008a       0x2e ./source/semihost_hardfault.o
 .ARM.attributes
                0x000000b8       0x2e ./source/usart_dma_transfer_send.o
 .ARM.attributes
                0x000000e6       0x2e ./drivers/fsl_clock.o
 .ARM.attributes
                0x00000114       0x2e ./drivers/fsl_dma.o
 .ARM.attributes
                0x00000142       0x2e ./drivers/fsl_flash.o
 .ARM.attributes
                0x00000170       0x2e ./drivers/fsl_flexcomm.o
 .ARM.attributes
                0x0000019e       0x2e ./drivers/fsl_reset.o
 .ARM.attributes
                0x000001cc       0x2e ./drivers/fsl_usart.o
 .ARM.attributes
                0x000001fa       0x2e ./device/system_JN5189.o
 .ARM.attributes
                0x00000228       0x2e ./component/uart/usart_adapter.o
 .ARM.attributes
                0x00000256       0x2e ./component/serial_manager/serial_manager.o
 .ARM.attributes
                0x00000284       0x2e ./component/serial_manager/serial_port_uart.o
 .ARM.attributes
                0x000002b2       0x2e ./board/board.o
 .ARM.attributes
                0x000002e0       0x2e ./board/board_utility.o
 .ARM.attributes
                0x0000030e       0x2e ./board/clock_config.o
 .ARM.attributes
                0x0000033c       0x2e ./board/pin_mux.o
 .ARM.attributes
                0x0000036a       0x2e c:/nxp/mcuxpressoide_11.7.1_9221/ide/plugins/com.nxp.mcuxpresso.tools.win32_11.7.1.202301190959/tools/bin/../lib/gcc/arm-none-eabi/10.3.1/../../../../arm-none-eabi/lib/thumb/v7e-m/nofp\libcr_nohost_nf.a(_cr__main.o)
 .ARM.attributes
                0x00000398       0x2e c:/nxp/mcuxpressoide_11.7.1_9221/ide/plugins/com.nxp.mcuxpresso.tools.win32_11.7.1.202301190959/tools/bin/../lib/gcc/arm-none-eabi/10.3.1/../../../../arm-none-eabi/lib/thumb/v7e-m/nofp\libcr_nohost_nf.a(_cr_assert.o)
 .ARM.attributes
                0x000003c6       0x2e c:/nxp/mcuxpressoide_11.7.1_9221/ide/plugins/com.nxp.mcuxpresso.tools.win32_11.7.1.202301190959/tools/bin/../lib/gcc/arm-none-eabi/10.3.1/../../../../arm-none-eabi/lib/thumb/v7e-m/nofp\libcr_nohost_nf.a(__ciob.o)
 .ARM.attributes
                0x000003f4       0x2e c:/nxp/mcuxpressoide_11.7.1_9221/ide/plugins/com.nxp.mcuxpresso.tools.win32_11.7.1.202301190959/tools/bin/../lib/gcc/arm-none-eabi/10.3.1/../../../../arm-none-eabi/lib/thumb/v7e-m/nofp\libcr_nohost_nf.a(__sys_appexit.o)
 .ARM.attributes
                0x00000422       0x2e c:/nxp/mcuxpressoide_11.7.1_9221/ide/plugins/com.nxp.mcuxpresso.tools.win32_11.7.1.202301190959/tools/bin/../lib/gcc/arm-none-eabi/10.3.1/../../../../arm-none-eabi/lib/thumb/v7e-m/nofp\libcr_c.a(memset.o)
 .ARM.attributes
                0x00000450       0x2e c:/nxp/mcuxpressoide_11.7.1_9221/ide/plugins/com.nxp.mcuxpresso.tools.win32_11.7.1.202301190959/tools/bin/../lib/gcc/arm-none-eabi/10.3.1/../../../../arm-none-eabi/lib/thumb/v7e-m/nofp\libcr_c.a(_deferredlazyseek.o)
 .ARM.attributes
                0x0000047e       0x2e c:/nxp/mcuxpressoide_11.7.1_9221/ide/plugins/com.nxp.mcuxpresso.tools.win32_11.7.1.202301190959/tools/bin/../lib/gcc/arm-none-eabi/10.3.1/../../../../arm-none-eabi/lib/thumb/v7e-m/nofp\libcr_c.a(_fflush.o)
 .ARM.attributes
                0x000004ac       0x2e c:/nxp/mcuxpressoide_11.7.1_9221/ide/plugins/com.nxp.mcuxpresso.tools.win32_11.7.1.202301190959/tools/bin/../lib/gcc/arm-none-eabi/10.3.1/../../../../arm-none-eabi/lib/thumb/v7e-m/nofp\libcr_c.a(_writebuf.o)
 .ARM.attributes
                0x000004da       0x2e c:/nxp/mcuxpressoide_11.7.1_9221/ide/plugins/com.nxp.mcuxpresso.tools.win32_11.7.1.202301190959/tools/bin/../lib/gcc/arm-none-eabi/10.3.1/../../../../arm-none-eabi/lib/thumb/v7e-m/nofp\libcr_c.a(alloc.o)
 .ARM.attributes
                0x00000508       0x2e c:/nxp/mcuxpressoide_11.7.1_9221/ide/plugins/com.nxp.mcuxpresso.tools.win32_11.7.1.202301190959/tools/bin/../lib/gcc/arm-none-eabi/10.3.1/../../../../arm-none-eabi/lib/thumb/v7e-m/nofp\libcr_c.a(fputs.o)
 .ARM.attributes
                0x00000536       0x2e c:/nxp/mcuxpressoide_11.7.1_9221/ide/plugins/com.nxp.mcuxpresso.tools.win32_11.7.1.202301190959/tools/bin/../lib/gcc/arm-none-eabi/10.3.1/../../../../arm-none-eabi/lib/thumb/v7e-m/nofp\libcr_c.a(fseek.o)
 .ARM.attributes
                0x00000564       0x2e c:/nxp/mcuxpressoide_11.7.1_9221/ide/plugins/com.nxp.mcuxpresso.tools.win32_11.7.1.202301190959/tools/bin/../lib/gcc/arm-none-eabi/10.3.1/../../../../arm-none-eabi/lib/thumb/v7e-m/nofp\libcr_c.a(ftell.o)
 .ARM.attributes
                0x00000592       0x2e c:/nxp/mcuxpressoide_11.7.1_9221/ide/plugins/com.nxp.mcuxpresso.tools.win32_11.7.1.202301190959/tools/bin/../lib/gcc/arm-none-eabi/10.3.1/../../../../arm-none-eabi/lib/thumb/v7e-m/nofp\libcr_c.a(initio.o)
 .ARM.attributes
                0x000005c0       0x2e c:/nxp/mcuxpressoide_11.7.1_9221/ide/plugins/com.nxp.mcuxpresso.tools.win32_11.7.1.202301190959/tools/bin/../lib/gcc/arm-none-eabi/10.3.1/../../../../arm-none-eabi/lib/thumb/v7e-m/nofp\libcr_c.a(setvbuf.o)
 .ARM.attributes
                0x000005ee       0x2e c:/nxp/mcuxpressoide_11.7.1_9221/ide/plugins/com.nxp.mcuxpresso.tools.win32_11.7.1.202301190959/tools/bin/../lib/gcc/arm-none-eabi/10.3.1/../../../../arm-none-eabi/lib/thumb/v7e-m/nofp\libcr_c.a(strlen.o)
 .ARM.attributes
                0x0000061c       0x2e c:/nxp/mcuxpressoide_11.7.1_9221/ide/plugins/com.nxp.mcuxpresso.tools.win32_11.7.1.202301190959/tools/bin/../lib/gcc/arm-none-eabi/10.3.1/../../../../arm-none-eabi/lib/thumb/v7e-m/nofp\libcr_c.a(__init_alloc.o)
 .ARM.attributes
                0x0000064a       0x2e c:/nxp/mcuxpressoide_11.7.1_9221/ide/plugins/com.nxp.mcuxpresso.tools.win32_11.7.1.202301190959/tools/bin/../lib/gcc/arm-none-eabi/10.3.1/../../../../arm-none-eabi/lib/thumb/v7e-m/nofp\libcr_c.a(_cr_sbrk.o)
 .ARM.attributes
                0x00000678       0x2e c:/nxp/mcuxpressoide_11.7.1_9221/ide/plugins/com.nxp.mcuxpresso.tools.win32_11.7.1.202301190959/tools/bin/../lib/gcc/arm-none-eabi/10.3.1/../../../../arm-none-eabi/lib/thumb/v7e-m/nofp\libcr_c.a(_fdopen.o)
 .ARM.attributes
                0x000006a6       0x2e c:/nxp/mcuxpressoide_11.7.1_9221/ide/plugins/com.nxp.mcuxpresso.tools.win32_11.7.1.202301190959/tools/bin/../lib/gcc/arm-none-eabi/10.3.1/../../../../arm-none-eabi/lib/thumb/v7e-m/nofp\libcr_c.a(errno.o)
 .ARM.attributes
                0x000006d4       0x2e c:/nxp/mcuxpressoide_11.7.1_9221/ide/plugins/com.nxp.mcuxpresso.tools.win32_11.7.1.202301190959/tools/bin/../lib/gcc/arm-none-eabi/10.3.1/../../../../arm-none-eabi/lib/thumb/v7e-m/nofp\libcr_c.a(fclose.o)
 .ARM.attributes
                0x00000702       0x2e c:/nxp/mcuxpressoide_11.7.1_9221/ide/plugins/com.nxp.mcuxpresso.tools.win32_11.7.1.202301190959/tools/bin/../lib/gcc/arm-none-eabi/10.3.1/../../../../arm-none-eabi/lib/thumb/v7e-m/nofp\libcr_c.a(fflush.o)
 .ARM.attributes
                0x00000730       0x2e c:/nxp/mcuxpressoide_11.7.1_9221/ide/plugins/com.nxp.mcuxpresso.tools.win32_11.7.1.202301190959/tools/bin/../lib/gcc/arm-none-eabi/10.3.1/../../../../arm-none-eabi/lib/thumb/v7e-m/nofp\libcr_c.a(remove.o)
 .ARM.attributes
                0x0000075e       0x2e c:/nxp/mcuxpressoide_11.7.1_9221/ide/plugins/com.nxp.mcuxpresso.tools.win32_11.7.1.202301190959/tools/bin/../lib/gcc/arm-none-eabi/10.3.1/../../../../arm-none-eabi/lib/thumb/v7e-m/nofp\libcr_c.a(_cr_check_heap.o)
 .ARM.attributes
                0x0000078c       0x2e c:/nxp/mcuxpressoide_11.7.1_9221/ide/plugins/com.nxp.mcuxpresso.tools.win32_11.7.1.202301190959/tools/bin/../lib/gcc/arm-none-eabi/10.3.1/../../../../arm-none-eabi/lib/thumb/v7e-m/nofp\libcr_c.a(_do_fflush.o)
 .ARM.attributes
                0x000007ba       0x1c c:/nxp/mcuxpressoide_11.7.1_9221/ide/plugins/com.nxp.mcuxpresso.tools.win32_11.7.1.202301190959/tools/bin/../lib/gcc/arm-none-eabi/10.3.1/thumb/v7e-m/nofp\libcr_eabihelpers.a(division_64.o)
 .ARM.attributes
                0x000007d6       0x1c c:/nxp/mcuxpressoide_11.7.1_9221/ide/plugins/com.nxp.mcuxpresso.tools.win32_11.7.1.202301190959/tools/bin/../lib/gcc/arm-none-eabi/10.3.1/thumb/v7e-m/nofp\libcr_eabihelpers.a(division_idiv0.o)
 .ARM.attributes
                0x000007f2       0x1c c:/nxp/mcuxpressoide_11.7.1_9221/ide/plugins/com.nxp.mcuxpresso.tools.win32_11.7.1.202301190959/tools/bin/../lib/gcc/arm-none-eabi/10.3.1/thumb/v7e-m/nofp\libcr_eabihelpers.a(memcpy.o)
 .ARM.attributes
                0x0000080e       0x2e c:/nxp/mcuxpressoide_11.7.1_9221/ide/plugins/com.nxp.mcuxpresso.tools.win32_11.7.1.202301190959/tools/bin/../lib/gcc/arm-none-eabi/10.3.1/../../../../arm-none-eabi/lib/thumb/v7e-m/nofp\libcr_nohost_nf.a(__sys_close.o)
 .ARM.attributes
                0x0000083c       0x2e c:/nxp/mcuxpressoide_11.7.1_9221/ide/plugins/com.nxp.mcuxpresso.tools.win32_11.7.1.202301190959/tools/bin/../lib/gcc/arm-none-eabi/10.3.1/../../../../arm-none-eabi/lib/thumb/v7e-m/nofp\libcr_nohost_nf.a(__sys_flen.o)
 .ARM.attributes
                0x0000086a       0x2e c:/nxp/mcuxpressoide_11.7.1_9221/ide/plugins/com.nxp.mcuxpresso.tools.win32_11.7.1.202301190959/tools/bin/../lib/gcc/arm-none-eabi/10.3.1/../../../../arm-none-eabi/lib/thumb/v7e-m/nofp\libcr_nohost_nf.a(__sys_istty.o)
 .ARM.attributes
                0x00000898       0x2e c:/nxp/mcuxpressoide_11.7.1_9221/ide/plugins/com.nxp.mcuxpresso.tools.win32_11.7.1.202301190959/tools/bin/../lib/gcc/arm-none-eabi/10.3.1/../../../../arm-none-eabi/lib/thumb/v7e-m/nofp\libcr_nohost_nf.a(__sys_remove.o)
 .ARM.attributes
                0x000008c6       0x2e c:/nxp/mcuxpressoide_11.7.1_9221/ide/plugins/com.nxp.mcuxpresso.tools.win32_11.7.1.202301190959/tools/bin/../lib/gcc/arm-none-eabi/10.3.1/../../../../arm-none-eabi/lib/thumb/v7e-m/nofp\libcr_nohost_nf.a(__sys_seek.o)
 .ARM.attributes
                0x000008f4       0x2e c:/nxp/mcuxpressoide_11.7.1_9221/ide/plugins/com.nxp.mcuxpresso.tools.win32_11.7.1.202301190959/tools/bin/../lib/gcc/arm-none-eabi/10.3.1/../../../../arm-none-eabi/lib/thumb/v7e-m/nofp\libcr_nohost_nf.a(__sys_tmpnam.o)
 .ARM.attributes
                0x00000922       0x2e c:/nxp/mcuxpressoide_11.7.1_9221/ide/plugins/com.nxp.mcuxpresso.tools.win32_11.7.1.202301190959/tools/bin/../lib/gcc/arm-none-eabi/10.3.1/../../../../arm-none-eabi/lib/thumb/v7e-m/nofp\libcr_nohost_nf.a(__sys_write.o)

.debug_frame    0x00000000     0x2428
 .debug_frame   0x00000000      0x208 ./utilities/fsl_debug_console.o
 .debug_frame   0x00000208       0xc0 ./utilities/fsl_str.o
 .debug_frame   0x000002c8      0x620 ./startup/startup_jn5189.o
 .debug_frame   0x000008e8       0x20 ./source/semihost_hardfault.o
 .debug_frame   0x00000908       0x58 ./source/usart_dma_transfer_send.o
 .debug_frame   0x00000960      0x5e4 ./drivers/fsl_clock.o
 .debug_frame   0x00000f44      0x4c0 ./drivers/fsl_dma.o
 .debug_frame   0x00001404      0x284 ./drivers/fsl_flash.o
 .debug_frame   0x00001688      0x18c ./drivers/fsl_flexcomm.o
 .debug_frame   0x00001814       0xfc ./drivers/fsl_reset.o
 .debug_frame   0x00001910      0x3b0 ./drivers/fsl_usart.o
 .debug_frame   0x00001cc0      0x1c8 ./device/system_JN5189.o
 .debug_frame   0x00001e88       0xc8 ./component/uart/usart_adapter.o
 .debug_frame   0x00001f50      0x258 ./component/serial_manager/serial_manager.o
 .debug_frame   0x000021a8       0xa0 ./component/serial_manager/serial_port_uart.o
 .debug_frame   0x00002248       0x7c ./board/board.o
 .debug_frame   0x000022c4       0xa4 ./board/board_utility.o
 .debug_frame   0x00002368       0x48 ./board/clock_config.o
 .debug_frame   0x000023b0       0x78 ./board/pin_mux.o

Cross Reference Table

Symbol                                            File
ADC0_SEQA_DriverIRQHandler                        ./startup/startup_jn5189.o
ADC0_SEQA_IRQHandler                              ./startup/startup_jn5189.o
ADC0_SEQB_DriverIRQHandler                        ./startup/startup_jn5189.o
ADC0_SEQB_IRQHandler                              ./startup/startup_jn5189.o
ADC0_THCMP_DriverIRQHandler                       ./startup/startup_jn5189.o
ADC0_THCMP_IRQHandler                             ./startup/startup_jn5189.o
ADC_Deinit                                        ./drivers/fsl_adc.o
ADC_EnableTemperatureSensor                       ./drivers/fsl_adc.o
ADC_GetChannelConversionResult                    ./drivers/fsl_adc.o
ADC_GetConvSeqAGlobalConversionResult             ./drivers/fsl_adc.o
ADC_GetDefaultConfig                              ./drivers/fsl_adc.o
ADC_Init                                          ./drivers/fsl_adc.o
ADC_SetConvSeqAConfig                             ./drivers/fsl_adc.o
ANA_COMP_DriverIRQHandler                         ./startup/startup_jn5189.o
ANA_COMP_IRQHandler                               ./startup/startup_jn5189.o
BLE_DP0_DriverIRQHandler                          ./startup/startup_jn5189.o
BLE_DP0_IRQHandler                                ./startup/startup_jn5189.o
BLE_DP1_DriverIRQHandler                          ./startup/startup_jn5189.o
BLE_DP1_IRQHandler                                ./startup/startup_jn5189.o
BLE_DP2_DriverIRQHandler                          ./startup/startup_jn5189.o
BLE_DP2_IRQHandler                                ./startup/startup_jn5189.o
BLE_DP_DriverIRQHandler                           ./startup/startup_jn5189.o
BLE_DP_IRQHandler                                 ./startup/startup_jn5189.o
BLE_LL_ALL_DriverIRQHandler                       ./startup/startup_jn5189.o
BLE_LL_ALL_IRQHandler                             ./startup/startup_jn5189.o
BLE_WAKE_UP_TIMER_DriverIRQHandler                ./startup/startup_jn5189.o
BLE_WAKE_UP_TIMER_IRQHandler                      ./startup/startup_jn5189.o
BOARD_BootClockRUN                                ./board/clock_config.o
                                                  ./source/usart_dma_transfer_send.o
BOARD_Clock32MCapacitanceCharacteristics          ./board/board_utility.o
BOARD_Clock32kCapacitanceCharacteristics          ./board/board_utility.o
BOARD_CpuClockUpdate32MhzFro                      ./board/board_utility.o
BOARD_CpuClockUpdate32MhzXtal                     ./board/board_utility.o
BOARD_CpuClockUpdate48Mz                          ./board/board_utility.o
BOARD_DbgDiagEnable                               ./board/board.o
BOARD_DbgLpIoSet                                  ./board/board.o
BOARD_GetClock32MCapacitanceCharacteristics       ./board/board_utility.o
                                                  ./drivers/fsl_clock.o
BOARD_GetClock32kCapacitanceCharacteristics       ./board/board_utility.o
BOARD_InitBootClocks                              ./board/clock_config.o
BOARD_InitBootPins                                ./board/pin_mux.o
BOARD_InitDebugConsole                            ./board/board.o
                                                  ./source/usart_dma_transfer_send.o
BOARD_InitPins                                    ./board/pin_mux.o
                                                  ./source/usart_dma_transfer_send.o
BusFault_Handler                                  ./startup/startup_jn5189.o
CIC_IRB_DriverIRQHandler                          ./startup/startup_jn5189.o
CIC_IRB_IRQHandler                                ./startup/startup_jn5189.o
CLOCK_AttachClk                                   ./drivers/fsl_clock.o
                                                  ./board/clock_config.o
                                                  ./drivers/fsl_power.o
                                                  ./source/usart_dma_transfer_send.o
CLOCK_DisableAPBBridge                            ./drivers/fsl_clock.o
CLOCK_DisableClock                                ./drivers/fsl_clock.o
                                                  ./drivers/fsl_power.o
                                                  ./drivers/fsl_inputmux.o
                                                  ./drivers/fsl_dma.o
                                                  ./drivers/fsl_adc.o
CLOCK_EnableAPBBridge                             ./drivers/fsl_clock.o
                                                  ./board/clock_config.o
CLOCK_EnableClock                                 ./drivers/fsl_clock.o
                                                  ./board/pin_mux.o