Archive member included to satisfy reference by file (symbol)

c:/nxp/mcuxpressoide_11.7.1_9221/ide/plugins/com.nxp.mcuxpresso.tools.win32_11.7.1.202301190959/tools/bin/../lib/gcc/arm-none-eabi/10.3.1/../../../../arm-none-eabi/lib/thumb/v7e-m/nofp\libcr_nohost_nf.a(_cr__main.o)
                              ./startup/startup_jn5189.o (__main)
c:/nxp/mcuxpressoide_11.7.1_9221/ide/plugins/com.nxp.mcuxpresso.tools.win32_11.7.1.202301190959/tools/bin/../lib/gcc/arm-none-eabi/10.3.1/../../../../arm-none-eabi/lib/thumb/v7e-m/nofp\libcr_nohost_nf.a(_cr_assert.o)
                              ./utilities/fsl_debug_console.o (__assertion_failed)
c:/nxp/mcuxpressoide_11.7.1_9221/ide/plugins/com.nxp.mcuxpresso.tools.win32_11.7.1.202301190959/tools/bin/../lib/gcc/arm-none-eabi/10.3.1/../../../../arm-none-eabi/lib/thumb/v7e-m/nofp\libcr_nohost_nf.a(__ciob.o)
                              c:/nxp/mcuxpressoide_11.7.1_9221/ide/plugins/com.nxp.mcuxpresso.tools.win32_11.7.1.202301190959/tools/bin/../lib/gcc/arm-none-eabi/10.3.1/../../../../arm-none-eabi/lib/thumb/v7e-m/nofp\libcr_nohost_nf.a(_cr_assert.o) (__Ciob)
c:/nxp/mcuxpressoide_11.7.1_9221/ide/plugins/com.nxp.mcuxpresso.tools.win32_11.7.1.202301190959/tools/bin/../lib/gcc/arm-none-eabi/10.3.1/../../../../arm-none-eabi/lib/thumb/v7e-m/nofp\libcr_nohost_nf.a(__sys_appexit.o)
                              c:/nxp/mcuxpressoide_11.7.1_9221/ide/plugins/com.nxp.mcuxpresso.tools.win32_11.7.1.202301190959/tools/bin/../lib/gcc/arm-none-eabi/10.3.1/../../../../arm-none-eabi/lib/thumb/v7e-m/nofp\libcr_nohost_nf.a(_cr_assert.o) (__sys_appexit)
c:/nxp/mcuxpressoide_11.7.1_9221/ide/plugins/com.nxp.mcuxpresso.tools.win32_11.7.1.202301190959/tools/bin/../lib/gcc/arm-none-eabi/10.3.1/../../../../arm-none-eabi/lib/thumb/v7e-m/nofp\libcr_c.a(memcpy.o)
                              ./source/usart_dma_transfer.o (memcpy)
c:/nxp/mcuxpressoide_11.7.1_9221/ide/plugins/com.nxp.mcuxpresso.tools.win32_11.7.1.202301190959/tools/bin/../lib/gcc/arm-none-eabi/10.3.1/../../../../arm-none-eabi/lib/thumb/v7e-m/nofp\libcr_c.a(memset.o)
                              ./utilities/fsl_debug_console.o (memset)
c:/nxp/mcuxpressoide_11.7.1_9221/ide/plugins/com.nxp.mcuxpresso.tools.win32_11.7.1.202301190959/tools/bin/../lib/gcc/arm-none-eabi/10.3.1/../../../../arm-none-eabi/lib/thumb/v7e-m/nofp\libcr_c.a(_deferredlazyseek.o)
                              c:/nxp/mcuxpressoide_11.7.1_9221/ide/plugins/com.nxp.mcuxpresso.tools.win32_11.7.1.202301190959/tools/bin/../lib/gcc/arm-none-eabi/10.3.1/../../../../arm-none-eabi/lib/thumb/v7e-m/nofp\libcr_nohost_nf.a(_cr_assert.o) (__flsbuf)
c:/nxp/mcuxpressoide_11.7.1_9221/ide/plugins/com.nxp.mcuxpresso.tools.win32_11.7.1.202301190959/tools/bin/../lib/gcc/arm-none-eabi/10.3.1/../../../../arm-none-eabi/lib/thumb/v7e-m/nofp\libcr_c.a(_fflush.o)
                              c:/nxp/mcuxpressoide_11.7.1_9221/ide/plugins/com.nxp.mcuxpresso.tools.win32_11.7.1.202301190959/tools/bin/../lib/gcc/arm-none-eabi/10.3.1/../../../../arm-none-eabi/lib/thumb/v7e-m/nofp\libcr_c.a(_deferredlazyseek.o) (_fflush)
c:/nxp/mcuxpressoide_11.7.1_9221/ide/plugins/com.nxp.mcuxpresso.tools.win32_11.7.1.202301190959/tools/bin/../lib/gcc/arm-none-eabi/10.3.1/../../../../arm-none-eabi/lib/thumb/v7e-m/nofp\libcr_c.a(_writebuf.o)
                              c:/nxp/mcuxpressoide_11.7.1_9221/ide/plugins/com.nxp.mcuxpresso.tools.win32_11.7.1.202301190959/tools/bin/../lib/gcc/arm-none-eabi/10.3.1/../../../../arm-none-eabi/lib/thumb/v7e-m/nofp\libcr_c.a(_deferredlazyseek.o) (_Cwritebuf)
c:/nxp/mcuxpressoide_11.7.1_9221/ide/plugins/com.nxp.mcuxpresso.tools.win32_11.7.1.202301190959/tools/bin/../lib/gcc/arm-none-eabi/10.3.1/../../../../arm-none-eabi/lib/thumb/v7e-m/nofp\libcr_c.a(alloc.o)
                              ./drivers/fsl_common.o (malloc)
c:/nxp/mcuxpressoide_11.7.1_9221/ide/plugins/com.nxp.mcuxpresso.tools.win32_11.7.1.202301190959/tools/bin/../lib/gcc/arm-none-eabi/10.3.1/../../../../arm-none-eabi/lib/thumb/v7e-m/nofp\libcr_c.a(fputs.o)
                              c:/nxp/mcuxpressoide_11.7.1_9221/ide/plugins/com.nxp.mcuxpresso.tools.win32_11.7.1.202301190959/tools/bin/../lib/gcc/arm-none-eabi/10.3.1/../../../../arm-none-eabi/lib/thumb/v7e-m/nofp\libcr_nohost_nf.a(_cr_assert.o) (fputs)
c:/nxp/mcuxpressoide_11.7.1_9221/ide/plugins/com.nxp.mcuxpresso.tools.win32_11.7.1.202301190959/tools/bin/../lib/gcc/arm-none-eabi/10.3.1/../../../../arm-none-eabi/lib/thumb/v7e-m/nofp\libcr_c.a(fseek.o)
                              c:/nxp/mcuxpressoide_11.7.1_9221/ide/plugins/com.nxp.mcuxpresso.tools.win32_11.7.1.202301190959/tools/bin/../lib/gcc/arm-none-eabi/10.3.1/../../../../arm-none-eabi/lib/thumb/v7e-m/nofp\libcr_c.a(_deferredlazyseek.o) (fseek)
c:/nxp/mcuxpressoide_11.7.1_9221/ide/plugins/com.nxp.mcuxpresso.tools.win32_11.7.1.202301190959/tools/bin/../lib/gcc/arm-none-eabi/10.3.1/../../../../arm-none-eabi/lib/thumb/v7e-m/nofp\libcr_c.a(ftell.o)
[...]
Memory Configuration

Name             Origin             Length             Attributes
PROGRAM_FLASH    0x00000000         0x000a0000         xr
SRAM             0x04000000         0x00015fe0         xrw
SRAM1            0x04020000         0x00010000         xrw
*default*        0x00000000         0xffffffff

Linker script and memory map

LOAD ./utilities/fsl_assert.o
LOAD ./utilities/fsl_debug_console.o
LOAD ./utilities/fsl_str.o
LOAD ./startup/startup_jn5189.o
LOAD ./source/semihost_hardfault.o
LOAD ./source/usart_dma_transfer.o
LOAD ./drivers/fsl_adc.o
LOAD ./drivers/fsl_clock.o
LOAD ./drivers/fsl_common.o
LOAD ./drivers/fsl_dma.o
LOAD ./drivers/fsl_flash.o
LOAD ./drivers/fsl_flexcomm.o
LOAD ./drivers/fsl_gpio.o
LOAD ./drivers/fsl_inputmux.o
LOAD ./drivers/fsl_power.o
LOAD ./drivers/fsl_reset.o
LOAD ./drivers/fsl_usart.o
LOAD ./drivers/fsl_usart_dma.o
LOAD ./device/system_JN5189.o
LOAD ./component/uart/usart_adapter.o
LOAD ./component/serial_manager/serial_manager.o
LOAD ./component/serial_manager/serial_port_uart.o
LOAD ./component/lists/fsl_component_generic_list.o
LOAD ./board/board.o
LOAD ./board/board_utility.o
LOAD ./board/clock_config.o
LOAD ./board/pin_mux.o
START GROUP
LOAD c:/nxp/mcuxpressoide_11.7.1_9221/ide/plugins/com.nxp.mcuxpresso.tools.win32_11.7.1.202301190959/tools/bin/../lib/gcc/arm-none-eabi/10.3.1/../../../../arm-none-eabi/lib/thumb/v7e-m/nofp\libcr_nohost_nf.a
LOAD c:/nxp/mcuxpressoide_11.7.1_9221/ide/plugins/com.nxp.mcuxpresso.tools.win32_11.7.1.202301190959/tools/bin/../lib/gcc/arm-none-eabi/10.3.1/../../../../arm-none-eabi/lib/thumb/v7e-m/nofp\libcr_c.a
LOAD c:/nxp/mcuxpressoide_11.7.1_9221/ide/plugins/com.nxp.mcuxpresso.tools.win32_11.7.1.202301190959/tools/bin/../lib/gcc/arm-none-eabi/10.3.1/thumb/v7e-m/nofp\libcr_eabihelpers.a
LOAD c:/nxp/mcuxpressoide_11.7.1_9221/ide/plugins/com.nxp.mcuxpresso.tools.win32_11.7.1.202301190959/tools/bin/../lib/gcc/arm-none-eabi/10.3.1/thumb/v7e-m/nofp\libgcc.a
END GROUP
                0x00000000                __base_PROGRAM_FLASH = 0x0
                0x00000000                __base_Flash = 0x0
                0x000a0000                __top_PROGRAM_FLASH = 0xa0000
                0x000a0000                __top_Flash = 0xa0000
                0x04000000                __base_SRAM = 0x4000000
                0x04000000                __base_RAM = 0x4000000
                0x04015fe0                __top_SRAM = 0x4015fe0
                0x04015fe0                __top_RAM = 0x4015fe0
                0x04020000                __base_SRAM1 = 0x4020000
                0x04020000                __base_RAM2 = 0x4020000
                0x04030000                __top_SRAM1 = 0x4030000
                0x04030000                __top_RAM2 = 0x4030000

.text           0x00000000     0x4df4
 FILL mask 0xff
                0x00000000                __vectors_start__ = ABSOLUTE (.)
 *(SORT_BY_ALIGNMENT(.isr_vector))
 .isr_vector    0x00000000      0x120 ./startup/startup_jn5189.o
                0x00000000                g_pfnVectors
                0x00000000                __Vectors
                0x00000120                . = ALIGN (0x4)
                0x00000120                __section_table_start = .
                0x00000120                __data_section_table = .
                0x00000120        0x4 LONG 0x4df4 LOADADDR (.data)
                0x00000124        0x4 LONG 0x4000000 ADDR (.data)
                0x00000128        0x4 LONG 0x54 SIZEOF (.data)
                0x0000012c        0x4 LONG 0x4df4 LOADADDR (.data_RAM2)
                0x00000130        0x4 LONG 0x4020000 ADDR (.data_RAM2)
                0x00000134        0x4 LONG 0x0 SIZEOF (.data_RAM2)
                0x00000138                __data_section_table_end = .
                0x00000138                __bss_section_table = .
                0x00000138        0x4 LONG 0x4000200 ADDR (.bss)
                0x0000013c        0x4 LONG 0x2f8 SIZEOF (.bss)
                0x00000140        0x4 LONG 0x4020000 ADDR (.bss_RAM2)
                0x00000144        0x4 LONG 0x0 SIZEOF (.bss_RAM2)
                0x00000148                __bss_section_table_end = .
                0x00000148                __section_table_end = .
 *(SORT_BY_ALIGNMENT(.after_vectors*))
 .after_vectors.reset
                0x00000148       0x30 ./startup/startup_jn5189.o
                0x00000148                ResetISR
 .after_vectors
                0x00000178       0xe0 ./startup/startup_jn5189.o
                0x00000178                ResetISR2
                0x00000240                NMI_Handler
                0x00000244                MemManage_Handler
                0x00000246                BusFault_Handler
                0x00000248                UsageFault_Handler
                0x0000024a                SVC_Handler
                0x0000024c                PendSV_Handler
                0x0000024e                SysTick_Handler
                0x00000250                ANA_COMP_DriverIRQHandler
                0x00000250                PWM0_DriverIRQHandler
                0x00000250                ISO7816_DriverIRQHandler
                0x00000250                PIN_INT3_DriverIRQHandler
                0x00000250                PIN_INT2_DriverIRQHandler
                0x00000250                PIN_INT0_DriverIRQHandler
                0x00000250                SPIFI0_DriverIRQHandler
                0x00000250                RFP_TMU_DriverIRQHandler
                0x00000250                IntDefaultHandler
                0x00000250                BLE_DP0_DriverIRQHandler
                0x00000250                ZIGBEE_MODEM_DriverIRQHandler
                0x00000250                DMIC0_DriverIRQHandler
                0x00000250                BLE_WAKE_UP_TIMER_DriverIRQHandler
                0x00000250                PWM4_DriverIRQHandler
                0x00000250                ADC0_THCMP_DriverIRQHandler
                0x00000250                CIC_IRB_DriverIRQHandler
                0x00000250                CTIMER0_DriverIRQHandler
                0x00000250                CTIMER1_DriverIRQHandler
                0x00000250                PWM6_DriverIRQHandler
                0x00000250                MAILBOX_DriverIRQHandler
                0x00000250                PIN_INT1_DriverIRQHandler
                0x00000250                BLE_DP_DriverIRQHandler
                0x00000250                PWM8_DriverIRQHandler
                0x00000250                HWVAD0_DriverIRQHandler
                0x00000250                PWM9_DriverIRQHandler
                0x00000250                RTC_DriverIRQHandler
                0x00000250                WAKE_UP_TIMER0_DriverIRQHandler
                0x00000250                PVTVF0_RED_DriverIRQHandler
                0x00000250                PWM5_DriverIRQHandler
                0x00000250                PVTVF1_AMBER_DriverIRQHandler
                0x00000250                PWM7_DriverIRQHandler
                0x00000250                PWM1_DriverIRQHandler
                0x00000250                BLE_DP2_DriverIRQHandler
                0x00000250                NFCTag_DriverIRQHandler
                0x00000250                BLE_DP1_DriverIRQHandler
                0x00000250                ADC0_SEQA_DriverIRQHandler
                0x00000250                PWM10_DriverIRQHandler
                0x00000250                PVTVF0_AMBER_DriverIRQHandler
                0x00000250                ADC0_SEQB_DriverIRQHandler
                0x00000250                BLE_LL_ALL_DriverIRQHandler
                0x00000250                WAKE_UP_TIMER1_DriverIRQHandler
                0x00000250                SHA_DriverIRQHandler
                0x00000250                GINT0_DriverIRQHandler
                0x00000250                RFP_AGC_DriverIRQHandler
                0x00000250                PWM2_DriverIRQHandler
                0x00000250                ZIGBEE_MAC_DriverIRQHandler
                0x00000250                PWM3_DriverIRQHandler
                0x00000250                WDT_BOD_DriverIRQHandler
                0x00000250                PVTVF1_RED_DriverIRQHandler
 .after_vectors.init_data
                0x00000258       0x1c ./startup/startup_jn5189.o
                0x00000258                data_init
 .after_vectors.init_bss
                0x00000274       0x12 ./startup/startup_jn5189.o
                0x00000274                bss_init
 *(SORT_BY_ALIGNMENT(.text*))
 *fill*         0x00000286        0x2 ff
 .text.DbgConsole_Init
                0x00000288      0x104 ./utilities/fsl_debug_console.o
                0x00000288                DbgConsole_Init
 .text.BOOT_GetStartPowerMode
                0x0000038c        0xc ./startup/startup_jn5189.o
 .text.DMA_EnableChannel
                0x00000398       0x58 ./source/usart_dma_transfer.o
 .text.USART_UserCallback
                0x000003f0       0x54 ./source/usart_dma_transfer.o
                0x000003f0                USART_UserCallback
 .text.main     0x00000444      0x1b0 ./source/usart_dma_transfer.o
                0x00000444                main
 .text.CLOCK_AttachClk
                0x000005f4      0x234 ./drivers/fsl_clock.o
                0x000005f4                CLOCK_AttachClk
 .text.CLOCK_GetFRGInputClock
                0x00000828       0x60 ./drivers/fsl_clock.o
                0x00000828                CLOCK_GetFRGInputClock
 .text.CLOCK_GetClkOutFreq
                0x00000888       0xa8 ./drivers/fsl_clock.o
                0x00000888                CLOCK_GetClkOutFreq
 .text.CLOCK_GetWdtOscFreq
                0x00000930       0x64 ./drivers/fsl_clock.o
                0x00000930                CLOCK_GetWdtOscFreq
 .text.CLOCK_GetSpifiOscFreq
                0x00000994       0x84 ./drivers/fsl_clock.o
                0x00000994                CLOCK_GetSpifiOscFreq
 .text.CLOCK_GetPWMClockFreq
                0x00000a18       0x5c ./drivers/fsl_clock.o
                0x00000a18                CLOCK_GetPWMClockFreq
 .text.CLOCK_GetFreq
                0x00000a74      0x174 ./drivers/fsl_clock.o
                0x00000a74                CLOCK_GetFreq
 .text.CLOCK_GetMainClockRate
                0x00000be8       0x80 ./drivers/fsl_clock.o
                0x00000be8                CLOCK_GetMainClockRate
 .text.CLOCK_GetXtal32kFreq
                0x00000c68       0x30 ./drivers/fsl_clock.o
                0x00000c68                CLOCK_GetXtal32kFreq
 .text.CLOCK_GetXtal32MFreq
                0x00000c98       0x14 ./drivers/fsl_clock.o
                0x00000c98                CLOCK_GetXtal32MFreq
 .text.CLOCK_GetFro32kFreq
                0x00000cac       0x30 ./drivers/fsl_clock.o
                0x00000cac                CLOCK_GetFro32kFreq
 .text.CLOCK_GetFro1MFreq
                0x00000cdc       0x14 ./drivers/fsl_clock.o
                0x00000cdc                CLOCK_GetFro1MFreq
 .text.CLOCK_GetFro12MFreq
                0x00000cf0       0x30 ./drivers/fsl_clock.o
                0x00000cf0                CLOCK_GetFro12MFreq
 .text.CLOCK_GetFro32MFreq
                0x00000d20       0x30 ./drivers/fsl_clock.o
                0x00000d20                CLOCK_GetFro32MFreq
 .text.CLOCK_GetFro48MFreq
                0x00000d50       0x30 ./drivers/fsl_clock.o
                0x00000d50                CLOCK_GetFro48MFreq
 .text.CLOCK_GetFro64MFreq
                0x00000d80       0x30 ./drivers/fsl_clock.o
                0x00000d80                CLOCK_GetFro64MFreq
 .text.CLOCK_GetApbCLkFreq
                0x00000db0       0x60 ./drivers/fsl_clock.o
                0x00000db0                CLOCK_GetApbCLkFreq
 .text.CLOCK_EnableClock
                0x00000e10      0x158 ./drivers/fsl_clock.o
                0x00000e10                CLOCK_EnableClock
 .text.CLOCK_uDelay
                0x00000f68       0x40 ./drivers/fsl_clock.o
                0x00000f68                CLOCK_uDelay
 .text.CLOCK_XtalBasicTrim
                0x00000fa8       0x30 ./drivers/fsl_clock.o
                0x00000fa8                CLOCK_XtalBasicTrim
 .text.CLOCK_Xtal32M_Trim
                0x00000fd8      0x21c ./drivers/fsl_clock.o
                0x00000fd8                CLOCK_Xtal32M_Trim
 .text.CLOCK_Xtal32M_WaitUntilStable
                0x000011f4       0x2c ./drivers/fsl_clock.o
                0x000011f4                CLOCK_Xtal32M_WaitUntilStable
 .text.__NVIC_EnableIRQ
                0x00001220       0x38 ./drivers/fsl_dma.o
 .text.DMA_ChannelIsActive
                0x00001258       0x50 ./drivers/fsl_dma.o
 .text.DMA_EnableChannelInterrupts
                0x000012a8       0x58 ./drivers/fsl_dma.o
 .text.DMA_EnableChannel
                0x00001300       0x58 ./drivers/fsl_dma.o
 .text.DMA_EnableChannelPeriphRq
                0x00001358       0x40 ./drivers/fsl_dma.o
 .text.DMA_DisableChannelPeriphRq
                0x00001398       0x40 ./drivers/fsl_dma.o
 .text.DMA_GetInstance
                0x000013d8       0x44 ./drivers/fsl_dma.o
 .text.DMA_Init
                0x0000141c       0x54 ./drivers/fsl_dma.o
                0x0000141c                DMA_Init
 .text.DMA_SetupXferCFG
                0x00001470      0x148 ./drivers/fsl_dma.o
 .text.DMA_SetupDescriptor
                0x000015b8       0xdc ./drivers/fsl_dma.o
                0x000015b8                DMA_SetupDescriptor
 .text.DMA_CreateDescriptor
                0x00001694       0x94 ./drivers/fsl_dma.o
                0x00001694                DMA_CreateDescriptor
 .text.DMA_CreateHandle
                0x00001728       0x80 ./drivers/fsl_dma.o
                0x00001728                DMA_CreateHandle
 .text.DMA_SetCallback
                0x000017a8       0x30 ./drivers/fsl_dma.o
                0x000017a8                DMA_SetCallback
 .text.DMA_PrepareTransfer
                0x000017d8      0x14c ./drivers/fsl_dma.o
                0x000017d8                DMA_PrepareTransfer
 .text.DMA_SubmitTransfer
                0x00001924       0xd8 ./drivers/fsl_dma.o
                0x00001924                DMA_SubmitTransfer
 .text.DMA_StartTransfer
                0x000019fc       0x80 ./drivers/fsl_dma.o
                0x000019fc                DMA_StartTransfer
 .text.DMA_IRQHandle
                0x00001a7c      0x168 ./drivers/fsl_dma.o
                0x00001a7c                DMA_IRQHandle
 .text.DMA0_DriverIRQHandler
                0x00001be4       0x18 ./drivers/fsl_dma.o
                0x00001be4                DMA0_DriverIRQHandler
 .text.FLEXCOMM_GetInstance
                0x00001bfc       0x44 ./drivers/fsl_flexcomm.o
                0x00001bfc                FLEXCOMM_GetInstance
 .text.FLEXCOMM_Init
                0x00001c40       0x5c ./drivers/fsl_flexcomm.o
                0x00001c40                FLEXCOMM_Init
 .text.FLEXCOMM0_DriverIRQHandler
                0x00001c9c       0x3c ./drivers/fsl_flexcomm.o
                0x00001c9c                FLEXCOMM0_DriverIRQHandler
 .text.FLEXCOMM1_DriverIRQHandler
                0x00001cd8       0x3c ./drivers/fsl_flexcomm.o
                0x00001cd8                FLEXCOMM1_DriverIRQHandler
 .text.FLEXCOMM2_DriverIRQHandler
                0x00001d14       0x3c ./drivers/fsl_flexcomm.o
                0x00001d14                FLEXCOMM2_DriverIRQHandler
 .text.FLEXCOMM3_DriverIRQHandler
                0x00001d50       0x3c ./drivers/fsl_flexcomm.o
                0x00001d50                FLEXCOMM3_DriverIRQHandler
 .text.FLEXCOMM4_DriverIRQHandler
                0x00001d8c       0x3c ./drivers/fsl_flexcomm.o
                0x00001d8c                FLEXCOMM4_DriverIRQHandler
 .text.FLEXCOMM5_DriverIRQHandler
                0x00001dc8       0x3c ./drivers/fsl_flexcomm.o
                0x00001dc8                FLEXCOMM5_DriverIRQHandler
 .text.FLEXCOMM6_DriverIRQHandler
                0x00001e04       0x3c ./drivers/fsl_flexcomm.o
                0x00001e04                FLEXCOMM6_DriverIRQHandler
 .text.RESET_SetPeripheralReset
                0x00001e40       0x7c ./drivers/fsl_reset.o
                0x00001e40                RESET_SetPeripheralReset
 .text.RESET_ClearPeripheralReset
                0x00001ebc       0x80 ./drivers/fsl_reset.o
                0x00001ebc                RESET_ClearPeripheralReset
 .text.USART_GetInstance
                0x00001f3c       0x44 ./drivers/fsl_usart.o
                0x00001f3c                USART_GetInstance
 .text.USART_Init
                0x00001f80      0x18c ./drivers/fsl_usart.o
                0x00001f80                USART_Init
 .text.USART_GetDefaultConfig
                0x0000210c       0x7c ./drivers/fsl_usart.o
                0x0000210c                USART_GetDefaultConfig
 .text.USART_SetBaudRate
                0x00002188      0x128 ./drivers/fsl_usart.o
                0x00002188                USART_SetBaudRate
 .text.USART_TransferSendDMACallback
                0x000022b0       0x74 ./drivers/fsl_usart_dma.o
 .text.USART_TransferReceiveDMACallback
                0x00002324       0x74 ./drivers/fsl_usart_dma.o
 .text.USART_TransferCreateHandleDMA
                0x00002398       0xdc ./drivers/fsl_usart_dma.o
                0x00002398                USART_TransferCreateHandleDMA
 .text.USART_TransferSendDMA
                0x00002474       0xd4 ./drivers/fsl_usart_dma.o
                0x00002474                USART_TransferSendDMA
 .text.USART_TransferReceiveDMA
                0x00002548       0xd4 ./drivers/fsl_usart_dma.o
                0x00002548                USART_TransferReceiveDMA
 .text.__NVIC_SetPriorityGrouping
                0x0000261c       0x48 ./device/system_JN5189.o
 .text.CLOCK_GetXtal32kFreq
                0x00002664       0x30 ./device/system_JN5189.o
 .text.CLOCK_GetXtal32MFreq
                0x00002694       0x14 ./device/system_JN5189.o
 .text.CLOCK_GetFro32kFreq
                0x000026a8       0x30 ./device/system_JN5189.o
 .text.CLOCK_GetFro1MFreq
                0x000026d8       0x14 ./device/system_JN5189.o
 .text.CLOCK_GetFro12MFreq
                0x000026ec       0x30 ./device/system_JN5189.o
 .text.CLOCK_GetFro32MFreq
                0x0000271c       0x30 ./device/system_JN5189.o
 .text.CLOCK_GetFro48MFreq
                0x0000274c       0x30 ./device/system_JN5189.o
 .text.CLOCK_GetMainClockRate
                0x0000277c       0x80 ./device/system_JN5189.o
 .text.SystemInit
                0x000027fc       0x48 ./device/system_JN5189.o
                0x000027fc                SystemInit
 .text.SystemCoreClockUpdate
                0x00002844       0x28 ./device/system_JN5189.o
                0x00002844                SystemCoreClockUpdate
 .text.HAL_UartInit
                0x0000286c      0x108 ./component/uart/usart_adapter.o
                0x0000286c                HAL_UartInit
 .text.SerialManager_Init
                0x00002974       0x74 ./component/serial_manager/serial_manager.o
                0x00002974                SerialManager_Init
 .text.SerialManager_OpenWriteHandle
                0x000029e8       0x64 ./component/serial_manager/serial_manager.o
                0x000029e8                SerialManager_OpenWriteHandle
 .text.SerialManager_OpenReadHandle
                0x00002a4c       0x74 ./component/serial_manager/serial_manager.o
                0x00002a4c                SerialManager_OpenReadHandle
 .text.Serial_UartInit
                0x00002ac0       0x80 ./component/serial_manager/serial_port_uart.o
                0x00002ac0                Serial_UartInit
 .text.BOARD_InitDebugConsole
                0x00002b40       0x34 ./board/board.o
                0x00002b40                BOARD_InitDebugConsole
 .text.BOARD_GetClock32MCapacitanceCharacteristics
                0x00002b74       0x14 ./board/board_utility.o
                0x00002b74                BOARD_GetClock32MCapacitanceCharacteristics
 .text.BOARD_BootClockRUN
                0x00002b88       0xec ./board/clock_config.o
                0x00002b88                BOARD_BootClockRUN
 .text.BOARD_InitPins
                0x00002c74       0x60 ./board/pin_mux.o
                0x00002c74                BOARD_InitPins
 .text.__assertion_failed
                0x00002cd4       0x4c c:/nxp/mcuxpressoide_11.7.1_9221/ide/plugins/com.nxp.mcuxpresso.tools.win32_11.7.1.202301190959/tools/bin/../lib/gcc/arm-none-eabi/10.3.1/../../../../arm-none-eabi/lib/thumb/v7e-m/nofp\libcr_nohost_nf.a(_cr_assert.o)
                0x00002cd4                __assertion_failed
 .text._Cwritebuf
                0x00002d20       0x6c c:/nxp/mcuxpressoide_11.7.1_9221/ide/plugins/com.nxp.mcuxpresso.tools.win32_11.7.1.202301190959/tools/bin/../lib/gcc/arm-none-eabi/10.3.1/../../../../arm-none-eabi/lib/thumb/v7e-m/nofp\libcr_c.a(_writebuf.o)
                0x00002d20                _Cwritebuf
 .text.malloc   0x00002d8c       0xc8 c:/nxp/mcuxpressoide_11.7.1_9221/ide/plugins/com.nxp.mcuxpresso.tools.win32_11.7.1.202301190959/tools/bin/../lib/gcc/arm-none-eabi/10.3.1/../../../../arm-none-eabi/lib/thumb/v7e-m/nofp\libcr_c.a(alloc.o)
                0x00002d8c                malloc
 .text._Csys_alloc
                0x00002e54       0x20 c:/nxp/mcuxpressoide_11.7.1_9221/ide/plugins/com.nxp.mcuxpresso.tools.win32_11.7.1.202301190959/tools/bin/../lib/gcc/arm-none-eabi/10.3.1/../../../../arm-none-eabi/lib/thumb/v7e-m/nofp\libcr_c.a(alloc.o)
                0x00002e54                _Csys_alloc
 .text.fseek    0x00002e74       0xfc c:/nxp/mcuxpressoide_11.7.1_9221/ide/plugins/com.nxp.mcuxpresso.tools.win32_11.7.1.202301190959/tools/bin/../lib/gcc/arm-none-eabi/10.3.1/../../../../arm-none-eabi/lib/thumb/v7e-m/nofp\libcr_c.a(fseek.o)
                0x00002e74                fseek
 .text.ftell    0x00002f70       0x44 c:/nxp/mcuxpressoide_11.7.1_9221/ide/plugins/com.nxp.mcuxpresso.tools.win32_11.7.1.202301190959/tools/bin/../lib/gcc/arm-none-eabi/10.3.1/../../../../arm-none-eabi/lib/thumb/v7e-m/nofp\libcr_c.a(ftell.o)
                0x00002f70                ftell
 .text._initio  0x00002fb4       0x78 c:/nxp/mcuxpressoide_11.7.1_9221/ide/plugins/com.nxp.mcuxpresso.tools.win32_11.7.1.202301190959/tools/bin/../lib/gcc/arm-none-eabi/10.3.1/../../../../arm-none-eabi/lib/thumb/v7e-m/nofp\libcr_c.a(initio.o)
                0x00002fb4                _initio
 .text._sbrk    0x0000302c       0x3c c:/nxp/mcuxpressoide_11.7.1_9221/ide/plugins/com.nxp.mcuxpresso.tools.win32_11.7.1.202301190959/tools/bin/../lib/gcc/arm-none-eabi/10.3.1/../../../../arm-none-eabi/lib/thumb/v7e-m/nofp\libcr_c.a(_cr_sbrk.o)
                0x0000302c                _sbrk
 .text.fflush   0x00003068       0x3c c:/nxp/mcuxpressoide_11.7.1_9221/ide/plugins/com.nxp.mcuxpresso.tools.win32_11.7.1.202301190959/tools/bin/../lib/gcc/arm-none-eabi/10.3.1/../../../../arm-none-eabi/lib/thumb/v7e-m/nofp\libcr_c.a(fflush.o)
                0x00003068                fflush
 .text.__check_heap_overflow
                0x000030a4       0x14 c:/nxp/mcuxpressoide_11.7.1_9221/ide/plugins/com.nxp.mcuxpresso.tools.win32_11.7.1.202301190959/tools/bin/../lib/gcc/arm-none-eabi/10.3.1/../../../../arm-none-eabi/lib/thumb/v7e-m/nofp\libcr_c.a(_cr_check_heap.o)
                0x000030a4                __check_heap_overflow
 .text.WDT_BOD_IRQHandler
                0x000030b8        0x8 ./startup/startup_jn5189.o
                0x000030b8                WDT_BOD_IRQHandler
 .text.DMA0_IRQHandler
                0x000030c0        0x8 ./startup/startup_jn5189.o
                0x000030c0                DMA0_IRQHandler
 .text.GINT0_IRQHandler
                0x000030c8        0x8 ./startup/startup_jn5189.o
                0x000030c8                GINT0_IRQHandler
 .text.CIC_IRB_IRQHandler
                0x000030d0        0x8 ./startup/startup_jn5189.o
                0x000030d0                CIC_IRB_IRQHandler
 .text.PIN_INT0_IRQHandler
                0x000030d8        0x8 ./startup/startup_jn5189.o
                0x000030d8                PIN_INT0_IRQHandler
 .text.PIN_INT1_IRQHandler
                0x000030e0        0x8 ./startup/startup_jn5189.o
                0x000030e0                PIN_INT1_IRQHandler
 .text.PIN_INT2_IRQHandler
                0x000030e8        0x8 ./startup/startup_jn5189.o
                0x000030e8                PIN_INT2_IRQHandler
 .text.PIN_INT3_IRQHandler
                0x000030f0        0x8 ./startup/startup_jn5189.o
                0x000030f0                PIN_INT3_IRQHandler
 .text.SPIFI0_IRQHandler
                0x000030f8        0x8 ./startup/startup_jn5189.o
                0x000030f8                SPIFI0_IRQHandler
 .text.CTIMER0_IRQHandler
                0x00003100        0x8 ./startup/startup_jn5189.o
                0x00003100                CTIMER0_IRQHandler
 .text.CTIMER1_IRQHandler
                0x00003108        0x8 ./startup/startup_jn5189.o
                0x00003108                CTIMER1_IRQHandler
 .text.FLEXCOMM0_IRQHandler
                0x00003110        0x8 ./startup/startup_jn5189.o
                0x00003110                FLEXCOMM0_IRQHandler
 .text.FLEXCOMM1_IRQHandler
                0x00003118        0x8 ./startup/startup_jn5189.o
                0x00003118                FLEXCOMM1_IRQHandler
 .text.FLEXCOMM2_IRQHandler
                0x00003120        0x8 ./startup/startup_jn5189.o
                0x00003120                FLEXCOMM2_IRQHandler
 .text.FLEXCOMM3_IRQHandler
                0x00003128        0x8 ./startup/startup_jn5189.o
                0x00003128                FLEXCOMM3_IRQHandler
 .text.FLEXCOMM4_IRQHandler
                0x00003130        0x8 ./startup/startup_jn5189.o
                0x00003130                FLEXCOMM4_IRQHandler
 .text.FLEXCOMM5_IRQHandler
                0x00003138        0x8 ./startup/startup_jn5189.o
                0x00003138                FLEXCOMM5_IRQHandler
 .text.PWM0_IRQHandler
                0x00003140        0x8 ./startup/startup_jn5189.o
                0x00003140                PWM0_IRQHandler
 .text.PWM1_IRQHandler
                0x00003148        0x8 ./startup/startup_jn5189.o
                0x00003148                PWM1_IRQHandler
 .text.PWM2_IRQHandler
                0x00003150        0x8 ./startup/startup_jn5189.o
                0x00003150                PWM2_IRQHandler
 .text.PWM3_IRQHandler
                0x00003158        0x8 ./startup/startup_jn5189.o
                0x00003158                PWM3_IRQHandler
 .text.PWM4_IRQHandler
                0x00003160        0x8 ./startup/startup_jn5189.o
                0x00003160                PWM4_IRQHandler
 .text.PWM5_IRQHandler
                0x00003168        0x8 ./startup/startup_jn5189.o
                0x00003168                PWM5_IRQHandler
 .text.PWM6_IRQHandler
                0x00003170        0x8 ./startup/startup_jn5189.o
                0x00003170                PWM6_IRQHandler
 .text.PWM7_IRQHandler
                0x00003178        0x8 ./startup/startup_jn5189.o
                0x00003178                PWM7_IRQHandler
 .text.PWM8_IRQHandler
                0x00003180        0x8 ./startup/startup_jn5189.o
                0x00003180                PWM8_IRQHandler
 .text.PWM9_IRQHandler
                0x00003188        0x8 ./startup/startup_jn5189.o
                0x00003188                PWM9_IRQHandler
 .text.PWM10_IRQHandler
                0x00003190        0x8 ./startup/startup_jn5189.o
                0x00003190                PWM10_IRQHandler
 .text.FLEXCOMM6_IRQHandler
                0x00003198        0x8 ./startup/startup_jn5189.o
                0x00003198                FLEXCOMM6_IRQHandler
 .text.RTC_IRQHandler
                0x000031a0        0x8 ./startup/startup_jn5189.o
                0x000031a0                RTC_IRQHandler
 .text.NFCTag_IRQHandler
                0x000031a8        0x8 ./startup/startup_jn5189.o
                0x000031a8                NFCTag_IRQHandler
 .text.MAILBOX_IRQHandler
                0x000031b0        0x8 ./startup/startup_jn5189.o
                0x000031b0                MAILBOX_IRQHandler
 .text.ADC0_SEQA_IRQHandler
                0x000031b8        0x8 ./startup/startup_jn5189.o
                0x000031b8                ADC0_SEQA_IRQHandler
 .text.ADC0_SEQB_IRQHandler
                0x000031c0        0x8 ./startup/startup_jn5189.o
                0x000031c0                ADC0_SEQB_IRQHandler
 .text.ADC0_THCMP_IRQHandler
                0x000031c8        0x8 ./startup/startup_jn5189.o
                0x000031c8                ADC0_THCMP_IRQHandler
 .text.DMIC0_IRQHandler
                0x000031d0        0x8 ./startup/startup_jn5189.o
                0x000031d0                DMIC0_IRQHandler
 .text.HWVAD0_IRQHandler
                0x000031d8        0x8 ./startup/startup_jn5189.o
                0x000031d8                HWVAD0_IRQHandler
 .text.BLE_DP_IRQHandler
                0x000031e0        0x8 ./startup/startup_jn5189.o
                0x000031e0                BLE_DP_IRQHandler
 .text.BLE_DP0_IRQHandler
                0x000031e8        0x8 ./startup/startup_jn5189.o
                0x000031e8                BLE_DP0_IRQHandler
 .text.BLE_DP1_IRQHandler
                0x000031f0        0x8 ./startup/startup_jn5189.o
                0x000031f0                BLE_DP1_IRQHandler
 .text.BLE_DP2_IRQHandler
                0x000031f8        0x8 ./startup/startup_jn5189.o
                0x000031f8                BLE_DP2_IRQHandler
 .text.BLE_LL_ALL_IRQHandler
                0x00003200        0x8 ./startup/startup_jn5189.o
                0x00003200                BLE_LL_ALL_IRQHandler
 .text.RFP_TMU_IRQHandler
                0x00003208        0x8 ./startup/startup_jn5189.o
                0x00003208                RFP_TMU_IRQHandler
 .text.RFP_AGC_IRQHandler
                0x00003210        0x8 ./startup/startup_jn5189.o
                0x00003210                RFP_AGC_IRQHandler
 .text.ISO7816_IRQHandler
                0x00003218        0x8 ./startup/startup_jn5189.o
                0x00003218                ISO7816_IRQHandler
 .text.ANA_COMP_IRQHandler
                0x00003220        0x8 ./startup/startup_jn5189.o
                0x00003220                ANA_COMP_IRQHandler
 .text.WAKE_UP_TIMER0_IRQHandler
                0x00003228        0x8 ./startup/startup_jn5189.o
                0x00003228                WAKE_UP_TIMER0_IRQHandler
 .text.WAKE_UP_TIMER1_IRQHandler
                0x00003230        0x8 ./startup/startup_jn5189.o
                0x00003230                WAKE_UP_TIMER1_IRQHandler
 .text.PVTVF0_AMBER_IRQHandler
                0x00003238        0x8 ./startup/startup_jn5189.o
                0x00003238                PVTVF0_AMBER_IRQHandler
 .text.PVTVF0_RED_IRQHandler
                0x00003240        0x8 ./startup/startup_jn5189.o
                0x00003240                PVTVF0_RED_IRQHandler
 .text.PVTVF1_AMBER_IRQHandler
                0x00003248        0x8 ./startup/startup_jn5189.o
                0x00003248                PVTVF1_AMBER_IRQHandler
 .text.PVTVF1_RED_IRQHandler
                0x00003250        0x8 ./startup/startup_jn5189.o
                0x00003250                PVTVF1_RED_IRQHandler
 .text.BLE_WAKE_UP_TIMER_IRQHandler
                0x00003258        0x8 ./startup/startup_jn5189.o
                0x00003258                BLE_WAKE_UP_TIMER_IRQHandler
 .text.SHA_IRQHandler
                0x00003260        0x8 ./startup/startup_jn5189.o
                0x00003260                SHA_IRQHandler
 .text.HardFault_Handler
                0x00003268       0x2c ./source/semihost_hardfault.o
                0x00003268                HardFault_Handler
 .text.CLOCK_SetClkDiv
                0x00003294       0xb6 ./drivers/fsl_clock.o
                0x00003294                CLOCK_SetClkDiv
 .text.CLOCK_GetFRGClock
                0x0000334a       0x64 ./drivers/fsl_clock.o
                0x0000334a                CLOCK_GetFRGClock
 .text.CLOCK_GetCoreSysClkFreq
                0x000033ae       0x1e ./drivers/fsl_clock.o
                0x000033ae                CLOCK_GetCoreSysClkFreq
 .text.CLOCK_GetOsc32kFreq
                0x000033cc       0x32 ./drivers/fsl_clock.o
                0x000033cc                CLOCK_GetOsc32kFreq
 .text.CLOCK_GetOsc32MFreq
                0x000033fe       0x32 ./drivers/fsl_clock.o
                0x000033fe                CLOCK_GetOsc32MFreq
 .text.CLOCK_EnableAPBBridge
                0x00003430       0x1c ./drivers/fsl_clock.o
                0x00003430                CLOCK_EnableAPBBridge
 .text.CLOCK_u8OscCapConvert
                0x0000344c       0x5c ./drivers/fsl_clock.o
 .text.DelayLoopN
                0x000034a8       0x22 ./drivers/fsl_clock.o
                0x000034a8                DelayLoopN
 .text.EnableIRQ
                0x000034ca       0x2c ./drivers/fsl_dma.o
 .text.DMA_GetVirtualStartChannel
                0x000034f6       0x40 ./drivers/fsl_dma.o
 .text.FLASH_SetReadMode
                0x00003536       0x40 ./drivers/fsl_flash.o
                0x00003536                FLASH_SetReadMode
 .text.FLEXCOMM_PeripheralIsPresent
                0x00003576       0x62 ./drivers/fsl_flexcomm.o
 .text.FLEXCOMM_SetPeriph
                0x000035d8       0x74 ./drivers/fsl_flexcomm.o
 .text.RESET_PeripheralReset
                0x0000364c       0x1c ./drivers/fsl_reset.o
                0x0000364c                RESET_PeripheralReset
 .text.USART_EnableContinuousSCLK
                0x00003668       0x36 ./drivers/fsl_usart.o
 .text.USART_EnableTxDMA
                0x0000369e       0x3e ./drivers/fsl_usart_dma.o
 .text.USART_EnableRxDMA
                0x000036dc       0x3e ./drivers/fsl_usart_dma.o
 .text.CLOCK_GetOsc32kFreq
                0x0000371a       0x32 ./device/system_JN5189.o
 .text.HAL_UartGetStatus
                0x0000374c       0x20 ./component/uart/usart_adapter.o
 .text.DisableGlobalIRQ
                0x0000376c       0x20 ./component/serial_manager/serial_manager.o
 .text.EnableGlobalIRQ
                0x0000378c       0x1e ./component/serial_manager/serial_manager.o
 .text.IOCON_PinMuxSet
                0x000037aa       0x30 ./board/pin_mux.o
 .text.__main   0x000037da        0xe c:/nxp/mcuxpressoide_11.7.1_9221/ide/plugins/com.nxp.mcuxpresso.tools.win32_11.7.1.202301190959/tools/bin/../lib/gcc/arm-none-eabi/10.3.1/../../../../arm-none-eabi/lib/thumb/v7e-m/nofp\libcr_nohost_nf.a(_cr__main.o)
                0x000037da                __main
 .text.__sys_appexit
                0x000037e8        0x2 c:/nxp/mcuxpressoide_11.7.1_9221/ide/plugins/com.nxp.mcuxpresso.tools.win32_11.7.1.202301190959/tools/bin/../lib/gcc/arm-none-eabi/10.3.1/../../../../arm-none-eabi/lib/thumb/v7e-m/nofp\libcr_nohost_nf.a(__sys_appexit.o)
                0x000037e8                __sys_appexit
                0x000037e8                __exit
 .text.memcpy   0x000037ea        0x4 c:/nxp/mcuxpressoide_11.7.1_9221/ide/plugins/com.nxp.mcuxpresso.tools.win32_11.7.1.202301190959/tools/bin/../lib/gcc/arm-none-eabi/10.3.1/../../../../arm-none-eabi/lib/thumb/v7e-m/nofp\libcr_c.a(memcpy.o)
                0x000037ea                memcpy
 .text.memset   0x000037ee        0x4 c:/nxp/mcuxpressoide_11.7.1_9221/ide/plugins/com.nxp.mcuxpresso.tools.win32_11.7.1.202301190959/tools/bin/../lib/gcc/arm-none-eabi/10.3.1/../../../../arm-none-eabi/lib/thumb/v7e-m/nofp\libcr_c.a(memset.o)
                0x000037ee                memset
 .text._deferredlazyseek
                0x000037f2       0x40 c:/nxp/mcuxpressoide_11.7.1_9221/ide/plugins/com.nxp.mcuxpresso.tools.win32_11.7.1.202301190959/tools/bin/../lib/gcc/arm-none-eabi/10.3.1/../../../../arm-none-eabi/lib/thumb/v7e-m/nofp\libcr_c.a(_deferredlazyseek.o)
                0x000037f2                _deferredlazyseek
 .text.__flsbuf
                0x00003832      0x140 c:/nxp/mcuxpressoide_11.7.1_9221/ide/plugins/com.nxp.mcuxpresso.tools.win32_11.7.1.202301190959/tools/bin/../lib/gcc/arm-none-eabi/10.3.1/../../../../arm-none-eabi/lib/thumb/v7e-m/nofp\libcr_c.a(_deferredlazyseek.o)
                0x00003832                __flsbuf
 .text._fflush  0x00003972       0x52 c:/nxp/mcuxpressoide_11.7.1_9221/ide/plugins/com.nxp.mcuxpresso.tools.win32_11.7.1.202301190959/tools/bin/../lib/gcc/arm-none-eabi/10.3.1/../../../../arm-none-eabi/lib/thumb/v7e-m/nofp\libcr_c.a(_fflush.o)
                0x00003972                _fflush
 .text.free     0x000039c4       0x30 c:/nxp/mcuxpressoide_11.7.1_9221/ide/plugins/com.nxp.mcuxpresso.tools.win32_11.7.1.202301190959/tools/bin/../lib/gcc/arm-none-eabi/10.3.1/../../../../arm-none-eabi/lib/thumb/v7e-m/nofp\libcr_c.a(alloc.o)
                0x000039c4                free
 .text.fputs    0x000039f4       0x2c c:/nxp/mcuxpressoide_11.7.1_9221/ide/plugins/com.nxp.mcuxpresso.tools.win32_11.7.1.202301190959/tools/bin/../lib/gcc/arm-none-eabi/10.3.1/../../../../arm-none-eabi/lib/thumb/v7e-m/nofp\libcr_c.a(fputs.o)
                0x000039f4                fputs
 .text.setvbuf  0x00003a20       0x3e c:/nxp/mcuxpressoide_11.7.1_9221/ide/plugins/com.nxp.mcuxpresso.tools.win32_11.7.1.202301190959/tools/bin/../lib/gcc/arm-none-eabi/10.3.1/../../../../arm-none-eabi/lib/thumb/v7e-m/nofp\libcr_c.a(setvbuf.o)
                0x00003a20                setvbuf
 .text.strlen   0x00003a5e       0x48 c:/nxp/mcuxpressoide_11.7.1_9221/ide/plugins/com.nxp.mcuxpresso.tools.win32_11.7.1.202301190959/tools/bin/../lib/gcc/arm-none-eabi/10.3.1/../../../../arm-none-eabi/lib/thumb/v7e-m/nofp\libcr_c.a(strlen.o)
                0x00003a5e                strlen
 .text._fdopen  0x00003aa6       0x68 c:/nxp/mcuxpressoide_11.7.1_9221/ide/plugins/com.nxp.mcuxpresso.tools.win32_11.7.1.202301190959/tools/bin/../lib/gcc/arm-none-eabi/10.3.1/../../../../arm-none-eabi/lib/thumb/v7e-m/nofp\libcr_c.a(_fdopen.o)
                0x00003aa6                _fdopen
 .text.fclose   0x00003b0e       0x58 c:/nxp/mcuxpressoide_11.7.1_9221/ide/plugins/com.nxp.mcuxpresso.tools.win32_11.7.1.202301190959/tools/bin/../lib/gcc/arm-none-eabi/10.3.1/../../../../arm-none-eabi/lib/thumb/v7e-m/nofp\libcr_c.a(fclose.o)
                0x00003b0e                fclose
 .text.remove   0x00003b66       0x14 c:/nxp/mcuxpressoide_11.7.1_9221/ide/plugins/com.nxp.mcuxpresso.tools.win32_11.7.1.202301190959/tools/bin/../lib/gcc/arm-none-eabi/10.3.1/../../../../arm-none-eabi/lib/thumb/v7e-m/nofp\libcr_c.a(remove.o)
                0x00003b66                remove
 .text._do_fflush
                0x00003b7a       0x40 c:/nxp/mcuxpressoide_11.7.1_9221/ide/plugins/com.nxp.mcuxpresso.tools.win32_11.7.1.202301190959/tools/bin/../lib/gcc/arm-none-eabi/10.3.1/../../../../arm-none-eabi/lib/thumb/v7e-m/nofp\libcr_c.a(_do_fflush.o)
                0x00003b7a                _do_fflush
 .text.__aeabi_division_uldivmod
                0x00003bba      0x174 c:/nxp/mcuxpressoide_11.7.1_9221/ide/plugins/com.nxp.mcuxpresso.tools.win32_11.7.1.202301190959/tools/bin/../lib/gcc/arm-none-eabi/10.3.1/thumb/v7e-m/nofp\libcr_eabihelpers.a(division_64.o)
                0x00003bba                __aeabi_uldivmod
                0x00003bbe                __bhs_ldivmod1
 .text.__aeabi_division_idiv0
                0x00003d2e        0x2 c:/nxp/mcuxpressoide_11.7.1_9221/ide/plugins/com.nxp.mcuxpresso.tools.win32_11.7.1.202301190959/tools/bin/../lib/gcc/arm-none-eabi/10.3.1/thumb/v7e-m/nofp\libcr_eabihelpers.a(division_idiv0.o)
                0x00003d2e                __aeabi_idiv0
 .text.__aeabi_memcpy
                0x00003d30       0x34 c:/nxp/mcuxpressoide_11.7.1_9221/ide/plugins/com.nxp.mcuxpresso.tools.win32_11.7.1.202301190959/tools/bin/../lib/gcc/arm-none-eabi/10.3.1/thumb/v7e-m/nofp\libcr_eabihelpers.a(memcpy.o)
                0x00003d30                __aeabi_memcpy
                0x00003d3a                __aeabi_memcpy8
                0x00003d3a                __aeabi_memcpy4
 .text.__aeabi_memset_lowlevel
                0x00003d64       0x32 c:/nxp/mcuxpressoide_11.7.1_9221/ide/plugins/com.nxp.mcuxpresso.tools.win32_11.7.1.202301190959/tools/bin/../lib/gcc/arm-none-eabi/10.3.1/thumb/v7e-m/nofp\libcr_eabihelpers.a(memcpy.o)
                0x00003d64                __aeabi_lowlevel_memset
 .text.__sys_close
                0x00003d96        0x6 c:/nxp/mcuxpressoide_11.7.1_9221/ide/plugins/com.nxp.mcuxpresso.tools.win32_11.7.1.202301190959/tools/bin/../lib/gcc/arm-none-eabi/10.3.1/../../../../arm-none-eabi/lib/thumb/v7e-m/nofp\libcr_nohost_nf.a(__sys_close.o)
                0x00003d96                __sys_close
 .text.__sys_flen
                0x00003d9c        0x6 c:/nxp/mcuxpressoide_11.7.1_9221/ide/plugins/com.nxp.mcuxpresso.tools.win32_11.7.1.202301190959/tools/bin/../lib/gcc/arm-none-eabi/10.3.1/../../../../arm-none-eabi/lib/thumb/v7e-m/nofp\libcr_nohost_nf.a(__sys_flen.o)
                0x00003d9c                __sys_flen
 .text.__sys_istty
                0x00003da2        0x6 c:/nxp/mcuxpressoide_11.7.1_9221/ide/plugins/com.nxp.mcuxpresso.tools.win32_11.7.1.202301190959/tools/bin/../lib/gcc/arm-none-eabi/10.3.1/../../../../arm-none-eabi/lib/thumb/v7e-m/nofp\libcr_nohost_nf.a(__sys_istty.o)
                0x00003da2                __sys_istty
 .text.__sys_remove
                0x00003da8        0x6 c:/nxp/mcuxpressoide_11.7.1_9221/ide/plugins/com.nxp.mcuxpresso.tools.win32_11.7.1.202301190959/tools/bin/../lib/gcc/arm-none-eabi/10.3.1/../../../../arm-none-eabi/lib/thumb/v7e-m/nofp\libcr_nohost_nf.a(__sys_remove.o)
                0x00003da8                __sys_remove
 .text.__sys_seek
                0x00003dae        0x6 c:/nxp/mcuxpressoide_11.7.1_9221/ide/plugins/com.nxp.mcuxpresso.tools.win32_11.7.1.202301190959/tools/bin/../lib/gcc/arm-none-eabi/10.3.1/../../../../arm-none-eabi/lib/thumb/v7e-m/nofp\libcr_nohost_nf.a(__sys_seek.o)
                0x00003dae                __sys_seek
 .text.__sys_tmpnam
                0x00003db4        0x6 c:/nxp/mcuxpressoide_11.7.1_9221/ide/plugins/com.nxp.mcuxpresso.tools.win32_11.7.1.202301190959/tools/bin/../lib/gcc/arm-none-eabi/10.3.1/../../../../arm-none-eabi/lib/thumb/v7e-m/nofp\libcr_nohost_nf.a(__sys_tmpnam.o)
                0x00003db4                __sys_tmpnam
 .text.__sys_write
                0x00003dba        0x4 c:/nxp/mcuxpressoide_11.7.1_9221/ide/plugins/com.nxp.mcuxpresso.tools.win32_11.7.1.202301190959/tools/bin/../lib/gcc/arm-none-eabi/10.3.1/../../../../arm-none-eabi/lib/thumb/v7e-m/nofp\libcr_nohost_nf.a(__sys_write.o)
                0x00003dba                __sys_write
 *(SORT_BY_ALIGNMENT(.rodata) SORT_BY_ALIGNMENT(.rodata.*) SORT_BY_ALIGNMENT(.constdata) SORT_BY_ALIGNMENT(.constdata.*))
 *fill*         0x00003dbe        0x2 ff
 .rodata.DbgConsole_Init.str1.4
                0x00003dc0       0xca ./utilities/fsl_debug_console.o
 *fill*         0x00003e8a        0x2 ff
 .rodata.DMA_EnableChannel.str1.4
                0x00003e8c       0x7a ./source/usart_dma_transfer.o
 *fill*         0x00003f06        0x2 ff
 .rodata.CLOCK_XtalBasicTrim.str1.4
                0x00003f08       0x2f ./drivers/fsl_clock.o
 *fill*         0x00003f37        0x1 ff
 .rodata.CLOCK_Xtal32M_Trim.str1.4
                0x00003f38       0x84 ./drivers/fsl_clock.o
 .rodata.DMA_ChannelIsActive.str1.4
                0x00003fbc       0x44 ./drivers/fsl_dma.o
 .rodata.DMA_EnableChannelInterrupts.str1.4
                0x00004000       0x44 ./drivers/fsl_dma.o
 .rodata.DMA_EnableChannel.str1.4
                0x00004044       0x44 ./drivers/fsl_dma.o
 .rodata.DMA_EnableChannelPeriphRq.str1.4
                0x00004088       0x44 ./drivers/fsl_dma.o
 .rodata.DMA_DisableChannelPeriphRq.str1.4
                0x000040cc       0x44 ./drivers/fsl_dma.o
 .rodata.DMA_GetInstance.str1.4
                0x00004110       0x31 ./drivers/fsl_dma.o
 *fill*         0x00004141        0x3 ff
 .rodata.DMA_SetupXferCFG.str1.4
                0x00004144      0x11d ./drivers/fsl_dma.o
 *fill*         0x00004261        0x3 ff
 .rodata.DMA_SetupDescriptor.str1.4
                0x00004264       0x5e ./drivers/fsl_dma.o
 *fill*         0x000042c2        0x2 ff
 .rodata.DMA_CreateDescriptor.str1.4
                0x000042c4      0x107 ./drivers/fsl_dma.o
 *fill*         0x000043cb        0x1 ff
 .rodata.DMA_CreateHandle.str1.4
                0x000043cc       0x5a ./drivers/fsl_dma.o
 *fill*         0x00004426        0x2 ff
 .rodata.DMA_SetCallback.str1.4
                0x00004428       0x1f ./drivers/fsl_dma.o
 *fill*         0x00004447        0x1 ff
 .rodata.DMA_PrepareTransfer.str1.4
                0x00004448      0x153 ./drivers/fsl_dma.o
 *fill*         0x0000459b        0x1 ff
 .rodata.DMA_SubmitTransfer.str1.4
                0x0000459c       0x8c ./drivers/fsl_dma.o
 .rodata.DMA_StartTransfer.str1.4
                0x00004628       0x6c ./drivers/fsl_dma.o
 .rodata.s_flexcommBaseAddrs
                0x00004694       0x1c ./drivers/fsl_flexcomm.o
 .rodata.s_flexcommClocks
                0x000046b0       0x1c ./drivers/fsl_flexcomm.o
 .rodata.s_flexcommResets
                0x000046cc       0x1c ./drivers/fsl_flexcomm.o
 .rodata.FLEXCOMM_GetInstance.str1.4
                0x000046e8       0x1a ./drivers/fsl_flexcomm.o
 *fill*         0x00004702        0x2 ff
 .rodata.FLEXCOMM0_DriverIRQHandler.str1.4
                0x00004704       0x2d ./drivers/fsl_flexcomm.o
 *fill*         0x00004731        0x3 ff
 .rodata.FLEXCOMM1_DriverIRQHandler.str1.4
                0x00004734       0x2d ./drivers/fsl_flexcomm.o
 *fill*         0x00004761        0x3 ff
 .rodata.FLEXCOMM2_DriverIRQHandler.str1.4
                0x00004764       0x2d ./drivers/fsl_flexcomm.o
 *fill*         0x00004791        0x3 ff
 .rodata.FLEXCOMM3_DriverIRQHandler.str1.4
                0x00004794       0x2d ./drivers/fsl_flexcomm.o
 *fill*         0x000047c1        0x3 ff
 .rodata.FLEXCOMM4_DriverIRQHandler.str1.4
                0x000047c4       0x2d ./drivers/fsl_flexcomm.o
 *fill*         0x000047f1        0x3 ff
 .rodata.FLEXCOMM5_DriverIRQHandler.str1.4
                0x000047f4       0x2d ./drivers/fsl_flexcomm.o
 *fill*         0x00004821        0x3 ff
 .rodata.FLEXCOMM6_DriverIRQHandler.str1.4
                0x00004824       0x2d ./drivers/fsl_flexcomm.o
 *fill*         0x00004851        0x3 ff
 .rodata.RESET_SetPeripheralReset.str1.4
                0x00004854       0x1e ./drivers/fsl_reset.o
 *fill*         0x00004872        0x2 ff
 .rodata.RESET_ClearPeripheralReset.str1.4
                0x00004874       0x1e ./drivers/fsl_reset.o
 *fill*         0x00004892        0x2 ff
 .rodata.s_usartBaseAddrs
                0x00004894        0x8 ./drivers/fsl_usart.o
 .rodata.USART_GetInstance.str1.4
                0x0000489c       0x17 ./drivers/fsl_usart.o
 *fill*         0x000048b3        0x1 ff
 .rodata.USART_Init.str1.4
                0x000048b4       0x4e ./drivers/fsl_usart.o
 *fill*         0x00004902        0x2 ff
 .rodata.USART_GetDefaultConfig.str1.4
                0x00004904       0x21 ./drivers/fsl_usart.o
 *fill*         0x00004925        0x3 ff
 .rodata.USART_SetBaudRate.str1.4
                0x00004928       0x51 ./drivers/fsl_usart.o
 *fill*         0x00004979        0x3 ff
 .rodata.USART_TransferSendDMACallback.str1.4
                0x0000497c       0x37 ./drivers/fsl_usart_dma.o
 *fill*         0x000049b3        0x1 ff
 .rodata.USART_TransferReceiveDMACallback.str1.4
                0x000049b4       0x37 ./drivers/fsl_usart_dma.o
 *fill*         0x000049eb        0x1 ff
 .rodata.USART_TransferCreateHandleDMA.str1.4
                0x000049ec       0x50 ./drivers/fsl_usart_dma.o
 .rodata.USART_TransferSendDMA.str1.4
                0x00004a3c       0xb1 ./drivers/fsl_usart_dma.o
 *fill*         0x00004aed        0x3 ff
 .rodata.USART_TransferReceiveDMA.str1.4
                0x00004af0       0xb1 ./drivers/fsl_usart_dma.o
 *fill*         0x00004ba1        0x3 ff
 .rodata.s_UsartAdapterBase
                0x00004ba4        0x8 ./component/uart/usart_adapter.o
 .rodata.HAL_UartInit.str1.4
                0x00004bac       0xdb ./component/uart/usart_adapter.o
 *fill*         0x00004c87        0x1 ff
 .rodata.SerialManager_Init.str1.4
                0x00004c88       0x44 ./component/serial_manager/serial_manager.o
 .rodata.SerialManager_OpenWriteHandle.str1.4
                0x00004ccc       0x48 ./component/serial_manager/serial_manager.o
 .rodata.SerialManager_OpenReadHandle.str1.4
                0x00004d14       0x4b ./component/serial_manager/serial_manager.o
 *fill*         0x00004d5f        0x1 ff
 .rodata.Serial_UartInit.str1.4
                0x00004d60       0x4e ./component/serial_manager/serial_port_uart.o
 *fill*         0x00004dae        0x2 ff
 .rodata.BOARD_Clock32MCapacitanceCharacteristics
                0x00004db0        0xc ./board/board_utility.o
                0x00004db0                BOARD_Clock32MCapacitanceCharacteristics
 .rodata.__num_Ciob_streams
                0x00004dbc        0x4 c:/nxp/mcuxpressoide_11.7.1_9221/ide/plugins/com.nxp.mcuxpresso.tools.win32_11.7.1.202301190959/tools/bin/../lib/gcc/arm-none-eabi/10.3.1/../../../../arm-none-eabi/lib/thumb/v7e-m/nofp\libcr_nohost_nf.a(__ciob.o)
                0x00004dbc                __num_Ciob_streams
 .rodata.__assertion_failed.str1.1
                0x00004dc0       0x15 c:/nxp/mcuxpressoide_11.7.1_9221/ide/plugins/com.nxp.mcuxpresso.tools.win32_11.7.1.202301190959/tools/bin/../lib/gcc/arm-none-eabi/10.3.1/../../../../arm-none-eabi/lib/thumb/v7e-m/nofp\libcr_nohost_nf.a(_cr_assert.o)
 .rodata._Csys_alloc.str1.1
                0x00004dd5       0x18 c:/nxp/mcuxpressoide_11.7.1_9221/ide/plugins/com.nxp.mcuxpresso.tools.win32_11.7.1.202301190959/tools/bin/../lib/gcc/arm-none-eabi/10.3.1/../../../../arm-none-eabi/lib/thumb/v7e-m/nofp\libcr_c.a(alloc.o)
 .rodata._initio.str1.1
                0x00004ded        0x4 c:/nxp/mcuxpressoide_11.7.1_9221/ide/plugins/com.nxp.mcuxpresso.tools.win32_11.7.1.202301190959/tools/bin/../lib/gcc/arm-none-eabi/10.3.1/../../../../arm-none-eabi/lib/thumb/v7e-m/nofp\libcr_c.a(initio.o)
                0x00004df4                . = ALIGN (0x4)
 *fill*         0x00004df1        0x3 ff

.glue_7         0x00004df4        0x0
 .glue_7        0x00004df4        0x0 linker stubs

.glue_7t        0x00004df4        0x0
 .glue_7t       0x00004df4        0x0 linker stubs

.vfp11_veneer   0x00004df4        0x0
 .vfp11_veneer  0x00004df4        0x0 linker stubs

.v4_bx          0x00004df4        0x0
 .v4_bx         0x00004df4        0x0 linker stubs

.iplt           0x00004df4        0x0
 .iplt          0x00004df4        0x0 ./utilities/fsl_debug_console.o

.rel.dyn        0x00004df4        0x0
 .rel.iplt      0x00004df4        0x0 ./utilities/fsl_debug_console.o

.ARM.extab
 *(SORT_BY_ALIGNMENT(.ARM.extab*) SORT_BY_ALIGNMENT(.gnu.linkonce.armextab.*))

.ARM.exidx      0x00004df4        0x0
                0x00004df4                __exidx_start = .
 *(SORT_BY_ALIGNMENT(.ARM.exidx*) SORT_BY_ALIGNMENT(.gnu.linkonce.armexidx.*))
                0x00004df4                __exidx_end = .
                0x00004df4                _etext = .

.data_RAM2      0x04020000        0x0 load address 0x00004df4
 FILL mask 0xff
                [!provide]                PROVIDE (__start_data_RAM2 = .)
                [!provide]                PROVIDE (__start_data_SRAM1 = .)
 *(SORT_BY_ALIGNMENT(.ramfunc.$RAM2))
 *(SORT_BY_ALIGNMENT(.ramfunc.$SRAM1))
 *(SORT_BY_ALIGNMENT(.data.$RAM2))
 *(SORT_BY_ALIGNMENT(.data.$SRAM1))
 *(SORT_BY_ALIGNMENT(.data.$RAM2.*))
 *(SORT_BY_ALIGNMENT(.data.$SRAM1.*))
                0x04020000                . = ALIGN (0x4)
                [!provide]                PROVIDE (__end_data_RAM2 = .)
                [!provide]                PROVIDE (__end_data_SRAM1 = .)

.uninit_RESERVED
                0x04000000        0x0
                0x04000000                _start_uninit_RESERVED = .
 *(SORT_BY_ALIGNMENT(.bss.$RESERVED*))
                0x04000000                . = ALIGN (0x4)
                0x04000000                _end_uninit_RESERVED = .

.data           0x04000000       0x54 load address 0x00004df4
 FILL mask 0xff
                0x04000000                _data = .
                [!provide]                PROVIDE (__start_data_RAM = .)
                [!provide]                PROVIDE (__start_data_SRAM = .)
 *(SORT_BY_ALIGNMENT(vtable))
 *(SORT_BY_ALIGNMENT(.ramfunc*))
 *(SORT_BY_ALIGNMENT(CodeQuickAccess))
 *(SORT_BY_ALIGNMENT(DataQuickAccess))
 *(SORT_BY_ALIGNMENT(RamFunction))
 *(SORT_BY_ALIGNMENT(.data*))
 .data.g_tipString
                0x04000000       0x46 ./source/usart_dma_transfer.o
                0x04000000                g_tipString
 *fill*         0x04000046        0x2 ff
 .data.s_dma_descriptor_table
                0x04000048        0x4 ./drivers/fsl_dma.o
 .data.SystemCoreClock
                0x0400004c        0x4 ./device/system_JN5189.o
                0x0400004c                SystemCoreClock
 .data.rxBufferEmpty
                0x04000050        0x1 ./source/usart_dma_transfer.o
                0x04000050                rxBufferEmpty
                0x04000054                . = ALIGN (0x4)
 *fill*         0x04000051        0x3 ff
                0x04000054                _edata = .
                [!provide]                PROVIDE (__end_data_RAM = .)
                [!provide]                PROVIDE (__end_data_SRAM = .)

.igot.plt       0x04000054        0x0 load address 0x00004e48
 .igot.plt      0x04000054        0x0 ./utilities/fsl_debug_console.o

.bss_RAM2       0x04020000        0x0
                [!provide]                PROVIDE (__start_bss_RAM2 = .)
                [!provide]                PROVIDE (__start_bss_SRAM1 = .)
 *(SORT_BY_ALIGNMENT(.bss.$RAM2))
 *(SORT_BY_ALIGNMENT(.bss.$SRAM1))
 *(SORT_BY_ALIGNMENT(.bss.$RAM2.*))
 *(SORT_BY_ALIGNMENT(.bss.$SRAM1.*))
                0x04020000                . = ALIGN ((. != 0x0)?0x4:0x1)
                [!provide]                PROVIDE (__end_bss_RAM2 = .)
                [!provide]                PROVIDE (__end_bss_SRAM1 = .)

.bss            0x04000200      0x2f8
                0x04000200                _bss = .
                [!provide]                PROVIDE (__start_bss_RAM = .)
                [!provide]                PROVIDE (__start_bss_SRAM = .)
 *(SORT_BY_ALIGNMENT(.bss*))
 .bss.s_dma_descriptor_table0
                0x04000200      0x130 ./drivers/fsl_dma.o
                0x04000200                s_dma_descriptor_table0
 .bss.s_debugConsoleState
                0x04000330       0x1c ./utilities/fsl_debug_console.o
 .bss.g_serialHandle
                0x0400034c        0x4 ./utilities/fsl_debug_console.o
                0x0400034c                g_serialHandle
 .bss.g_uartDmaHandle
                0x04000350       0x20 ./source/usart_dma_transfer.o
                0x04000350                g_uartDmaHandle
 .bss.g_uartTxDmaHandle
                0x04000370       0x10 ./source/usart_dma_transfer.o
                0x04000370                g_uartTxDmaHandle
 .bss.g_uartRxDmaHandle
                0x04000380       0x10 ./source/usart_dma_transfer.o
                0x04000380                g_uartRxDmaHandle
 .bss.g_txBuffer
                0x04000390        0x8 ./source/usart_dma_transfer.o
                0x04000390                g_txBuffer
 .bss.g_rxBuffer
                0x04000398        0x8 ./source/usart_dma_transfer.o
                0x04000398                g_rxBuffer
 .bss.s_DMAHandle
                0x040003a0       0x4c ./drivers/fsl_dma.o
 .bss.s_flexcommIrqHandler
                0x040003ec       0x1c ./drivers/fsl_flexcomm.o
 .bss.s_flexcommHandle
                0x04000408       0x1c ./drivers/fsl_flexcomm.o
 .bss.s_dmaPrivateHandle
                0x04000424       0x10 ./drivers/fsl_usart_dma.o
 .bss.__Ciob    0x04000434       0xb4 c:/nxp/mcuxpressoide_11.7.1_9221/ide/plugins/com.nxp.mcuxpresso.tools.win32_11.7.1.202301190959/tools/bin/../lib/gcc/arm-none-eabi/10.3.1/../../../../arm-none-eabi/lib/thumb/v7e-m/nofp\libcr_nohost_nf.a(__ciob.o)
                0x04000434                __Ciob
 .bss.__end_of_heap
                0x040004e8        0x4 c:/nxp/mcuxpressoide_11.7.1_9221/ide/plugins/com.nxp.mcuxpresso.tools.win32_11.7.1.202301190959/tools/bin/../lib/gcc/arm-none-eabi/10.3.1/../../../../arm-none-eabi/lib/thumb/v7e-m/nofp\libcr_c.a(__init_alloc.o)
                0x040004e8                __end_of_heap
 .bss.__heaps   0x040004ec        0x4 c:/nxp/mcuxpressoide_11.7.1_9221/ide/plugins/com.nxp.mcuxpresso.tools.win32_11.7.1.202301190959/tools/bin/../lib/gcc/arm-none-eabi/10.3.1/../../../../arm-none-eabi/lib/thumb/v7e-m/nofp\libcr_c.a(__init_alloc.o)
                0x040004ec                __heaps
 .bss.errno     0x040004f0        0x4 c:/nxp/mcuxpressoide_11.7.1_9221/ide/plugins/com.nxp.mcuxpresso.tools.win32_11.7.1.202301190959/tools/bin/../lib/gcc/arm-none-eabi/10.3.1/../../../../arm-none-eabi/lib/thumb/v7e-m/nofp\libcr_c.a(errno.o)
                0x040004f0                errno
 .bss.txBufferFull
                0x040004f4        0x1 ./source/usart_dma_transfer.o
                0x040004f4                txBufferFull
 .bss.txOnGoing
                0x040004f5        0x1 ./source/usart_dma_transfer.o
                0x040004f5                txOnGoing
 .bss.rxOnGoing
                0x040004f6        0x1 ./source/usart_dma_transfer.o
                0x040004f6                rxOnGoing
 *(SORT_BY_ALIGNMENT(COMMON))
                0x040004f8                . = ALIGN (0x4)
 *fill*         0x040004f7        0x1 
                0x040004f8                _ebss = .
                [!provide]                PROVIDE (__end_bss_RAM = .)
                [!provide]                PROVIDE (__end_bss_SRAM = .)
                [!provide]                PROVIDE (end = .)

.noinit_RAM2    0x04020000        0x0
                [!provide]                PROVIDE (__start_noinit_RAM2 = .)
                [!provide]                PROVIDE (__start_noinit_SRAM1 = .)
 *(SORT_BY_ALIGNMENT(.noinit.$RAM2))
 *(SORT_BY_ALIGNMENT(.noinit.$SRAM1))
 *(SORT_BY_ALIGNMENT(.noinit.$RAM2.*))
 *(SORT_BY_ALIGNMENT(.noinit.$SRAM1.*))
                0x04020000                . = ALIGN (0x4)
                [!provide]                PROVIDE (__end_noinit_RAM2 = .)
                [!provide]                PROVIDE (__end_noinit_SRAM1 = .)

.noinit         0x040004f8        0x0
                0x040004f8                _noinit = .
                [!provide]                PROVIDE (__start_noinit_RAM = .)
                [!provide]                PROVIDE (__start_noinit_SRAM = .)
 *(SORT_BY_ALIGNMENT(.noinit*))
                0x040004f8                . = ALIGN (0x4)
                0x040004f8                _end_noinit = .
                [!provide]                PROVIDE (__end_noinit_RAM = .)
                [!provide]                PROVIDE (__end_noinit_SRAM = .)
                0x00001000                _HeapSize = 0x1000

.heap           0x040004f8     0x1000
                0x040004f8                _pvHeapStart = .
                0x040014f8                . = (. + _HeapSize)
 *fill*         0x040004f8     0x1000 
                0x040014f8                . = ALIGN (0x4)
                0x040014f8                _pvHeapLimit = .
                0x00001000                _StackSize = 0x1000

.heap2stackfill
                0x040014f8     0x1000
                0x040024f8                . = (. + _StackSize)
 *fill*         0x040014f8     0x1000 

.stack          0x04014fe0        0x0
                0x04014fe0                _vStackBase = .
                0x04014fe0                . = ALIGN (0x4)
                0x04015fe0                _vStackTop = (. + _StackSize)
                0x00000000                _image_start = LOADADDR (.text)
                0x00004e48                _image_end = (LOADADDR (.data) + SIZEOF (.data))
                0x00004e48                _image_size = (_image_end - _image_start)
OUTPUT(jn5189dk6_usart_dma_transfer.axf elf32-littlearm)
LOAD linker stubs

.debug_info     0x00000000    0x14d24
 .debug_info    0x00000000     0x13f7 ./utilities/fsl_debug_console.o
 .debug_info    0x000013f7     0x13a9 ./startup/startup_jn5189.o
 .debug_info    0x000027a0       0x3c ./source/semihost_hardfault.o
 .debug_info    0x000027dc     0x1d46 ./source/usart_dma_transfer.o
 .debug_info    0x00004522     0x2139 ./drivers/fsl_clock.o
 .debug_info    0x0000665b     0x2657 ./drivers/fsl_dma.o
 .debug_info    0x00008cb2     0x151b ./drivers/fsl_flash.o
 .debug_info    0x0000a1cd     0x16af ./drivers/fsl_flexcomm.o
 .debug_info    0x0000b87c      0xeac ./drivers/fsl_reset.o
 .debug_info    0x0000c728     0x1f39 ./drivers/fsl_usart.o
 .debug_info    0x0000e661     0x18a3 ./drivers/fsl_usart_dma.o
 .debug_info    0x0000ff04     0x10e0 ./device/system_JN5189.o
 .debug_info    0x00010fe4     0x14e9 ./component/uart/usart_adapter.o
 .debug_info    0x000124cd      0x826 ./component/serial_manager/serial_manager.o
 .debug_info    0x00012cf3      0x47d ./component/serial_manager/serial_port_uart.o
 .debug_info    0x00013170      0x2e7 ./board/board.o
 .debug_info    0x00013457     0x1108 ./board/board_utility.o
 .debug_info    0x0001455f      0x488 ./board/clock_config.o
 .debug_info    0x000149e7      0x33d ./board/pin_mux.o

.debug_abbrev   0x00000000     0x25db
 .debug_abbrev  0x00000000      0x26b ./utilities/fsl_debug_console.o
 .debug_abbrev  0x0000026b      0x23b ./startup/startup_jn5189.o
 .debug_abbrev  0x000004a6       0x31 ./source/semihost_hardfault.o
 .debug_abbrev  0x000004d7      0x22b ./source/usart_dma_transfer.o
 .debug_abbrev  0x00000702      0x34f ./drivers/fsl_clock.o
 .debug_abbrev  0x00000a51      0x339 ./drivers/fsl_dma.o
 .debug_abbrev  0x00000d8a      0x2be ./drivers/fsl_flash.o
 .debug_abbrev  0x00001048      0x259 ./drivers/fsl_flexcomm.o
 .debug_abbrev  0x000012a1      0x19d ./drivers/fsl_reset.o
 .debug_abbrev  0x0000143e      0x368 ./drivers/fsl_usart.o
 .debug_abbrev  0x000017a6      0x27d ./drivers/fsl_usart_dma.o
 .debug_abbrev  0x00001a23      0x212 ./device/system_JN5189.o
 .debug_abbrev  0x00001c35      0x203 ./component/uart/usart_adapter.o
 .debug_abbrev  0x00001e38      0x205 ./component/serial_manager/serial_manager.o
 .debug_abbrev  0x0000203d      0x127 ./component/serial_manager/serial_port_uart.o
 .debug_abbrev  0x00002164       0xf1 ./board/board.o
 .debug_abbrev  0x00002255      0x191 ./board/board_utility.o
 .debug_abbrev  0x000023e6       0xae ./board/clock_config.o
 .debug_abbrev  0x00002494      0x147 ./board/pin_mux.o

.debug_aranges  0x00000000      0xa80
 .debug_aranges
                0x00000000       0x80 ./utilities/fsl_debug_console.o
 .debug_aranges
                0x00000080      0x238 ./startup/startup_jn5189.o
 .debug_aranges
                0x000002b8       0x20 ./source/semihost_hardfault.o
 .debug_aranges
                0x000002d8       0x30 ./source/usart_dma_transfer.o
 .debug_aranges
                0x00000308      0x158 ./drivers/fsl_clock.o
 .debug_aranges
                0x00000460      0x120 ./drivers/fsl_dma.o
 .debug_aranges
                0x00000580       0xa0 ./drivers/fsl_flash.o
 .debug_aranges
                0x00000620       0x78 ./drivers/fsl_flexcomm.o
 .debug_aranges
                0x00000698       0x50 ./drivers/fsl_reset.o
 .debug_aranges
                0x000006e8       0xe0 ./drivers/fsl_usart.o
 .debug_aranges
                0x000007c8       0x68 ./drivers/fsl_usart_dma.o
 .debug_aranges
                0x00000830       0x78 ./device/system_JN5189.o
 .debug_aranges
                0x000008a8       0x40 ./component/uart/usart_adapter.o
 .debug_aranges
                0x000008e8       0x98 ./component/serial_manager/serial_manager.o
 .debug_aranges
                0x00000980       0x38 ./component/serial_manager/serial_port_uart.o
 .debug_aranges
                0x000009b8       0x30 ./board/board.o
 .debug_aranges
                0x000009e8       0x40 ./board/board_utility.o
 .debug_aranges
                0x00000a28       0x28 ./board/clock_config.o
 .debug_aranges
                0x00000a50       0x30 ./board/pin_mux.o

.debug_ranges   0x00000000      0x950
 .debug_ranges  0x00000000       0x70 ./utilities/fsl_debug_console.o
 .debug_ranges  0x00000070      0x228 ./startup/startup_jn5189.o
 .debug_ranges  0x00000298       0x10 ./source/semihost_hardfault.o
 .debug_ranges  0x000002a8       0x20 ./source/usart_dma_transfer.o
 .debug_ranges  0x000002c8      0x148 ./drivers/fsl_clock.o
 .debug_ranges  0x00000410      0x110 ./drivers/fsl_dma.o
 .debug_ranges  0x00000520       0x90 ./drivers/fsl_flash.o
 .debug_ranges  0x000005b0       0x68 ./drivers/fsl_flexcomm.o
 .debug_ranges  0x00000618       0x40 ./drivers/fsl_reset.o
 .debug_ranges  0x00000658       0xd0 ./drivers/fsl_usart.o
 .debug_ranges  0x00000728       0x58 ./drivers/fsl_usart_dma.o
 .debug_ranges  0x00000780       0x68 ./device/system_JN5189.o
 .debug_ranges  0x000007e8       0x30 ./component/uart/usart_adapter.o
 .debug_ranges  0x00000818       0x88 ./component/serial_manager/serial_manager.o
 .debug_ranges  0x000008a0       0x28 ./component/serial_manager/serial_port_uart.o
 .debug_ranges  0x000008c8       0x20 ./board/board.o
 .debug_ranges  0x000008e8       0x30 ./board/board_utility.o
 .debug_ranges  0x00000918       0x18 ./board/clock_config.o
 .debug_ranges  0x00000930       0x20 ./board/pin_mux.o

.debug_macro    0x00000000     0x2b53
 .debug_macro   0x00000000      0x19b ./utilities/fsl_debug_console.o
 .debug_macro   0x0000019b       0x16 ./utilities/fsl_debug_console.o
 .debug_macro   0x000001b1       0x10 ./utilities/fsl_debug_console.o
 .debug_macro   0x000001c1       0x28 ./utilities/fsl_debug_console.o
 .debug_macro   0x000001e9       0x5d ./utilities/fsl_debug_console.o
 .debug_macro   0x00000246       0x16 ./utilities/fsl_debug_console.o
 .debug_macro   0x0000025c       0x34 ./utilities/fsl_debug_console.o
 .debug_macro   0x00000290      0x133 ./startup/startup_jn5189.o
 .debug_macro   0x000003c3       0x34 ./startup/startup_jn5189.o
 .debug_macro   0x000003f7       0x10 ./startup/startup_jn5189.o
 .debug_macro   0x00000407       0x16 ./startup/startup_jn5189.o
 .debug_macro   0x0000041d       0x40 ./startup/startup_jn5189.o
 .debug_macro   0x0000045d       0x28 ./startup/startup_jn5189.o
 .debug_macro   0x00000485       0x5e ./startup/startup_jn5189.o
 .debug_macro   0x000004e3       0x10 ./startup/startup_jn5189.o
 .debug_macro   0x000004f3       0x11 ./source/semihost_hardfault.o
 .debug_macro   0x00000504      0x1f4 ./source/usart_dma_transfer.o
 .debug_macro   0x000006f8       0x10 ./source/usart_dma_transfer.o
 .debug_macro   0x00000708       0x1c ./source/usart_dma_transfer.o
 .debug_macro   0x00000724      0x5aa ./source/usart_dma_transfer.o
 .debug_macro   0x00000cce      0x25f ./source/usart_dma_transfer.o
 .debug_macro   0x00000f2d       0x10 ./source/usart_dma_transfer.o
 .debug_macro   0x00000f3d      0x160 ./source/usart_dma_transfer.o
 .debug_macro   0x0000109d      0x188 ./source/usart_dma_transfer.o
 .debug_macro   0x00001225       0x1c ./source/usart_dma_transfer.o
 .debug_macro   0x00001241       0x70 ./source/usart_dma_transfer.o
 .debug_macro   0x000012b1       0x40 ./source/usart_dma_transfer.o
 .debug_macro   0x000012f1       0xee ./source/usart_dma_transfer.o
 .debug_macro   0x000013df      0x18a ./drivers/fsl_clock.o
 .debug_macro   0x00001569       0xbe ./drivers/fsl_clock.o
 .debug_macro   0x00001627       0x52 ./drivers/fsl_clock.o
 .debug_macro   0x00001679      0x132 ./drivers/fsl_dma.o
 .debug_macro   0x000017ab       0x6a ./drivers/fsl_dma.o
 .debug_macro   0x00001815      0x18d ./drivers/fsl_flash.o
 .debug_macro   0x000019a2       0xe8 ./drivers/fsl_flash.o
 .debug_macro   0x00001a8a       0x46 ./drivers/fsl_flash.o
 .debug_macro   0x00001ad0      0x12c ./drivers/fsl_flexcomm.o
 .debug_macro   0x00001bfc       0x10 ./drivers/fsl_flexcomm.o
 .debug_macro   0x00001c0c      0x14b ./drivers/fsl_reset.o
 .debug_macro   0x00001d57      0x13b ./drivers/fsl_usart.o
 .debug_macro   0x00001e92       0x16 ./drivers/fsl_usart.o
 .debug_macro   0x00001ea8      0x14d ./drivers/fsl_usart_dma.o
 .debug_macro   0x00001ff5       0x10 ./drivers/fsl_usart_dma.o
 .debug_macro   0x00002005      0x148 ./device/system_JN5189.o
 .debug_macro   0x0000214d       0x16 ./device/system_JN5189.o
 .debug_macro   0x00002163      0x138 ./component/uart/usart_adapter.o
 .debug_macro   0x0000229b       0x22 ./component/uart/usart_adapter.o
 .debug_macro   0x000022bd      0x156 ./component/serial_manager/serial_manager.o
 .debug_macro   0x00002413      0x147 ./component/serial_manager/serial_port_uart.o
 .debug_macro   0x0000255a       0x22 ./component/serial_manager/serial_port_uart.o
 .debug_macro   0x0000257c      0x1a2 ./board/board.o
 .debug_macro   0x0000271e      0x1c9 ./board/board_utility.o
 .debug_macro   0x000028e7       0x10 ./board/board_utility.o
 .debug_macro   0x000028f7      0x12d ./board/clock_config.o
 .debug_macro   0x00002a24      0x12f ./board/pin_mux.o

.debug_line     0x00000000     0x7cfd
 .debug_line    0x00000000      0x701 ./utilities/fsl_debug_console.o
 .debug_line    0x00000701      0xa55 ./startup/startup_jn5189.o
 .debug_line    0x00001156       0x59 ./source/semihost_hardfault.o
 .debug_line    0x000011af      0x4fc ./source/usart_dma_transfer.o
 .debug_line    0x000016ab      0xe13 ./drivers/fsl_clock.o
 .debug_line    0x000024be      0xd3d ./drivers/fsl_dma.o
 .debug_line    0x000031fb      0x7b3 ./drivers/fsl_flash.o
 .debug_line    0x000039ae      0x58d ./drivers/fsl_flexcomm.o
 .debug_line    0x00003f3b      0x4c3 ./drivers/fsl_reset.o
 .debug_line    0x000043fe      0xd39 ./drivers/fsl_usart.o
 .debug_line    0x00005137      0x5dc ./drivers/fsl_usart_dma.o
 .debug_line    0x00005713      0x4f1 ./device/system_JN5189.o
 .debug_line    0x00005c04      0x490 ./component/uart/usart_adapter.o
 .debug_line    0x00006094      0x701 ./component/serial_manager/serial_manager.o
 .debug_line    0x00006795      0x4be ./component/serial_manager/serial_port_uart.o
 .debug_line    0x00006c53      0x488 ./board/board.o
 .debug_line    0x000070db      0x51d ./board/board_utility.o
 .debug_line    0x000075f8      0x36d ./board/clock_config.o
 .debug_line    0x00007965      0x398 ./board/pin_mux.o

.debug_str      0x00000000    0x730ed
 .debug_str     0x00000000    0x67c31 ./utilities/fsl_debug_console.o
                              0x67e92 (size before relaxing)
 .debug_str     0x00067c31      0xd30 ./startup/startup_jn5189.o
                              0x663f6 (size before relaxing)
 .debug_str     0x00068961       0x1f ./source/semihost_hardfault.o
                               0x2d6a (size before relaxing)
 .debug_str     0x00068980     0x7023 ./source/usart_dma_transfer.o
                              0x6e1b4 (size before relaxing)
 .debug_str     0x0006f9a3      0xe16 ./drivers/fsl_clock.o
                              0x688f7 (size before relaxing)
 .debug_str     0x000707b9      0xd32 ./drivers/fsl_dma.o
                              0x68e8a (size before relaxing)
 .debug_str     0x000714eb      0x59c ./drivers/fsl_flash.o
                              0x67f52 (size before relaxing)
 .debug_str     0x00071a87      0x2e5 ./drivers/fsl_flexcomm.o
                              0x67df2 (size before relaxing)
 .debug_str     0x00071d6c      0x13a ./drivers/fsl_reset.o
                              0x6941f (size before relaxing)
 .debug_str     0x00071ea6      0x4ec ./drivers/fsl_usart.o
                              0x68299 (size before relaxing)
 .debug_str     0x00072392      0x1dd ./drivers/fsl_usart_dma.o
                              0x68129 (size before relaxing)
 .debug_str     0x0007256f       0xc8 ./device/system_JN5189.o
                              0x65ffe (size before relaxing)
 .debug_str     0x00072637      0x33f ./component/uart/usart_adapter.o
                              0x67a4f (size before relaxing)
 .debug_str     0x00072976      0x381 ./component/serial_manager/serial_manager.o
                              0x66a23 (size before relaxing)
 .debug_str     0x00072cf7       0xfc ./component/serial_manager/serial_port_uart.o
                              0x66a64 (size before relaxing)
 .debug_str     0x00072df3       0x62 ./board/board.o
                              0x6b7d7 (size before relaxing)
 .debug_str     0x00072e55      0x1b5 ./board/board_utility.o
                              0x6caff (size before relaxing)
 .debug_str     0x0007300a       0x40 ./board/clock_config.o
                              0x66adb (size before relaxing)
 .debug_str     0x0007304a       0xa3 ./board/pin_mux.o
                              0x6711f (size before relaxing)

.comment        0x00000000       0x49
 .comment       0x00000000       0x49 ./utilities/fsl_debug_console.o
                                 0x4a (size before relaxing)
 .comment       0x00000049       0x4a ./startup/startup_jn5189.o
 .comment       0x00000049       0x4a ./source/semihost_hardfault.o
 .comment       0x00000049       0x4a ./source/usart_dma_transfer.o
 .comment       0x00000049       0x4a ./drivers/fsl_clock.o
 .comment       0x00000049       0x4a ./drivers/fsl_dma.o
 .comment       0x00000049       0x4a ./drivers/fsl_flash.o
 .comment       0x00000049       0x4a ./drivers/fsl_flexcomm.o
 .comment       0x00000049       0x4a ./drivers/fsl_reset.o
 .comment       0x00000049       0x4a ./drivers/fsl_usart.o
 .comment       0x00000049       0x4a ./drivers/fsl_usart_dma.o
 .comment       0x00000049       0x4a ./device/system_JN5189.o
 .comment       0x00000049       0x4a ./component/uart/usart_adapter.o
 .comment       0x00000049       0x4a ./component/serial_manager/serial_manager.o
 .comment       0x00000049       0x4a ./component/serial_manager/serial_port_uart.o
 .comment       0x00000049       0x4a ./board/board.o
 .comment       0x00000049       0x4a ./board/board_utility.o
 .comment       0x00000049       0x4a ./board/clock_config.o
 .comment       0x00000049       0x4a ./board/pin_mux.o
 .comment       0x00000049       0x4a c:/nxp/mcuxpressoide_11.7.1_9221/ide/plugins/com.nxp.mcuxpresso.tools.win32_11.7.1.202301190959/tools/bin/../lib/gcc/arm-none-eabi/10.3.1/../../../../arm-none-eabi/lib/thumb/v7e-m/nofp\libcr_nohost_nf.a(_cr__main.o)
 .comment       0x00000049       0x4a c:/nxp/mcuxpressoide_11.7.1_9221/ide/plugins/com.nxp.mcuxpresso.tools.win32_11.7.1.202301190959/tools/bin/../lib/gcc/arm-none-eabi/10.3.1/../../../../arm-none-eabi/lib/thumb/v7e-m/nofp\libcr_nohost_nf.a(_cr_assert.o)
 .comment       0x00000049       0x4a c:/nxp/mcuxpressoide_11.7.1_9221/ide/plugins/com.nxp.mcuxpresso.tools.win32_11.7.1.202301190959/tools/bin/../lib/gcc/arm-none-eabi/10.3.1/../../../../arm-none-eabi/lib/thumb/v7e-m/nofp\libcr_nohost_nf.a(__ciob.o)
 .comment       0x00000049       0x4a c:/nxp/mcuxpressoide_11.7.1_9221/ide/plugins/com.nxp.mcuxpresso.tools.win32_11.7.1.202301190959/tools/bin/../lib/gcc/arm-none-eabi/10.3.1/../../../../arm-none-eabi/lib/thumb/v7e-m/nofp\libcr_nohost_nf.a(__sys_appexit.o)
 .comment       0x00000049       0x4a c:/nxp/mcuxpressoide_11.7.1_9221/ide/plugins/com.nxp.mcuxpresso.tools.win32_11.7.1.202301190959/tools/bin/../lib/gcc/arm-none-eabi/10.3.1/../../../../arm-none-eabi/lib/thumb/v7e-m/nofp\libcr_c.a(memcpy.o)
 .comment       0x00000049       0x4a c:/nxp/mcuxpressoide_11.7.1_9221/ide/plugins/com.nxp.mcuxpresso.tools.win32_11.7.1.202301190959/tools/bin/../lib/gcc/arm-none-eabi/10.3.1/../../../../arm-none-eabi/lib/thumb/v7e-m/nofp\libcr_c.a(memset.o)
 .comment       0x00000049       0x4a c:/nxp/mcuxpressoide_11.7.1_9221/ide/plugins/com.nxp.mcuxpresso.tools.win32_11.7.1.202301190959/tools/bin/../lib/gcc/arm-none-eabi/10.3.1/../../../../arm-none-eabi/lib/thumb/v7e-m/nofp\libcr_c.a(_deferredlazyseek.o)
 .comment       0x00000049       0x4a c:/nxp/mcuxpressoide_11.7.1_9221/ide/plugins/com.nxp.mcuxpresso.tools.win32_11.7.1.202301190959/tools/bin/../lib/gcc/arm-none-eabi/10.3.1/../../../../arm-none-eabi/lib/thumb/v7e-m/nofp\libcr_c.a(_fflush.o)
 .comment       0x00000049       0x4a c:/nxp/mcuxpressoide_11.7.1_9221/ide/plugins/com.nxp.mcuxpresso.tools.win32_11.7.1.202301190959/tools/bin/../lib/gcc/arm-none-eabi/10.3.1/../../../../arm-none-eabi/lib/thumb/v7e-m/nofp\libcr_c.a(_writebuf.o)
 .comment       0x00000049       0x4a c:/nxp/mcuxpressoide_11.7.1_9221/ide/plugins/com.nxp.mcuxpresso.tools.win32_11.7.1.202301190959/tools/bin/../lib/gcc/arm-none-eabi/10.3.1/../../../../arm-none-eabi/lib/thumb/v7e-m/nofp\libcr_c.a(alloc.o)
 .comment       0x00000049       0x4a c:/nxp/mcuxpressoide_11.7.1_9221/ide/plugins/com.nxp.mcuxpresso.tools.win32_11.7.1.202301190959/tools/bin/../lib/gcc/arm-none-eabi/10.3.1/../../../../arm-none-eabi/lib/thumb/v7e-m/nofp\libcr_c.a(fputs.o)
 .comment       0x00000049       0x4a c:/nxp/mcuxpressoide_11.7.1_9221/ide/plugins/com.nxp.mcuxpresso.tools.win32_11.7.1.202301190959/tools/bin/../lib/gcc/arm-none-eabi/10.3.1/../../../../arm-none-eabi/lib/thumb/v7e-m/nofp\libcr_c.a(fseek.o)
 .comment       0x00000049       0x4a c:/nxp/mcuxpressoide_11.7.1_9221/ide/plugins/com.nxp.mcuxpresso.tools.win32_11.7.1.202301190959/tools/bin/../lib/gcc/arm-none-eabi/10.3.1/../../../../arm-none-eabi/lib/thumb/v7e-m/nofp\libcr_c.a(ftell.o)
 .comment       0x00000049       0x4a c:/nxp/mcuxpressoide_11.7.1_9221/ide/plugins/com.nxp.mcuxpresso.tools.win32_11.7.1.202301190959/tools/bin/../lib/gcc/arm-none-eabi/10.3.1/../../../../arm-none-eabi/lib/thumb/v7e-m/nofp\libcr_c.a(initio.o)
 .comment       0x00000049       0x4a c:/nxp/mcuxpressoide_11.7.1_9221/ide/plugins/com.nxp.mcuxpresso.tools.win32_11.7.1.202301190959/tools/bin/../lib/gcc/arm-none-eabi/10.3.1/../../../../arm-none-eabi/lib/thumb/v7e-m/nofp\libcr_c.a(setvbuf.o)
 .comment       0x00000049       0x4a c:/nxp/mcuxpressoide_11.7.1_9221/ide/plugins/com.nxp.mcuxpresso.tools.win32_11.7.1.202301190959/tools/bin/../lib/gcc/arm-none-eabi/10.3.1/../../../../arm-none-eabi/lib/thumb/v7e-m/nofp\libcr_c.a(strlen.o)
 .comment       0x00000049       0x4a c:/nxp/mcuxpressoide_11.7.1_9221/ide/plugins/com.nxp.mcuxpresso.tools.win32_11.7.1.202301190959/tools/bin/../lib/gcc/arm-none-eabi/10.3.1/../../../../arm-none-eabi/lib/thumb/v7e-m/nofp\libcr_c.a(__init_alloc.o)
 .comment       0x00000049       0x4a c:/nxp/mcuxpressoide_11.7.1_9221/ide/plugins/com.nxp.mcuxpresso.tools.win32_11.7.1.202301190959/tools/bin/../lib/gcc/arm-none-eabi/10.3.1/../../../../arm-none-eabi/lib/thumb/v7e-m/nofp\libcr_c.a(_cr_sbrk.o)
 .comment       0x00000049       0x4a c:/nxp/mcuxpressoide_11.7.1_9221/ide/plugins/com.nxp.mcuxpresso.tools.win32_11.7.1.202301190959/tools/bin/../lib/gcc/arm-none-eabi/10.3.1/../../../../arm-none-eabi/lib/thumb/v7e-m/nofp\libcr_c.a(_fdopen.o)
 .comment       0x00000049       0x4a c:/nxp/mcuxpressoide_11.7.1_9221/ide/plugins/com.nxp.mcuxpresso.tools.win32_11.7.1.202301190959/tools/bin/../lib/gcc/arm-none-eabi/10.3.1/../../../../arm-none-eabi/lib/thumb/v7e-m/nofp\libcr_c.a(errno.o)
 .comment       0x00000049       0x4a c:/nxp/mcuxpressoide_11.7.1_9221/ide/plugins/com.nxp.mcuxpresso.tools.win32_11.7.1.202301190959/tools/bin/../lib/gcc/arm-none-eabi/10.3.1/../../../../arm-none-eabi/lib/thumb/v7e-m/nofp\libcr_c.a(fclose.o)
 .comment       0x00000049       0x4a c:/nxp/mcuxpressoide_11.7.1_9221/ide/plugins/com.nxp.mcuxpresso.tools.win32_11.7.1.202301190959/tools/bin/../lib/gcc/arm-none-eabi/10.3.1/../../../../arm-none-eabi/lib/thumb/v7e-m/nofp\libcr_c.a(fflush.o)
 .comment       0x00000049       0x4a c:/nxp/mcuxpressoide_11.7.1_9221/ide/plugins/com.nxp.mcuxpresso.tools.win32_11.7.1.202301190959/tools/bin/../lib/gcc/arm-none-eabi/10.3.1/../../../../arm-none-eabi/lib/thumb/v7e-m/nofp\libcr_c.a(remove.o)
 .comment       0x00000049       0x4a c:/nxp/mcuxpressoide_11.7.1_9221/ide/plugins/com.nxp.mcuxpresso.tools.win32_11.7.1.202301190959/tools/bin/../lib/gcc/arm-none-eabi/10.3.1/../../../../arm-none-eabi/lib/thumb/v7e-m/nofp\libcr_c.a(_cr_check_heap.o)
 .comment       0x00000049       0x4a c:/nxp/mcuxpressoide_11.7.1_9221/ide/plugins/com.nxp.mcuxpresso.tools.win32_11.7.1.202301190959/tools/bin/../lib/gcc/arm-none-eabi/10.3.1/../../../../arm-none-eabi/lib/thumb/v7e-m/nofp\libcr_c.a(_do_fflush.o)
 .comment       0x00000049       0x4a c:/nxp/mcuxpressoide_11.7.1_9221/ide/plugins/com.nxp.mcuxpresso.tools.win32_11.7.1.202301190959/tools/bin/../lib/gcc/arm-none-eabi/10.3.1/../../../../arm-none-eabi/lib/thumb/v7e-m/nofp\libcr_nohost_nf.a(__sys_close.o)
 .comment       0x00000049       0x4a c:/nxp/mcuxpressoide_11.7.1_9221/ide/plugins/com.nxp.mcuxpresso.tools.win32_11.7.1.202301190959/tools/bin/../lib/gcc/arm-none-eabi/10.3.1/../../../../arm-none-eabi/lib/thumb/v7e-m/nofp\libcr_nohost_nf.a(__sys_flen.o)
 .comment       0x00000049       0x4a c:/nxp/mcuxpressoide_11.7.1_9221/ide/plugins/com.nxp.mcuxpresso.tools.win32_11.7.1.202301190959/tools/bin/../lib/gcc/arm-none-eabi/10.3.1/../../../../arm-none-eabi/lib/thumb/v7e-m/nofp\libcr_nohost_nf.a(__sys_istty.o)
 .comment       0x00000049       0x4a c:/nxp/mcuxpressoide_11.7.1_9221/ide/plugins/com.nxp.mcuxpresso.tools.win32_11.7.1.202301190959/tools/bin/../lib/gcc/arm-none-eabi/10.3.1/../../../../arm-none-eabi/lib/thumb/v7e-m/nofp\libcr_nohost_nf.a(__sys_remove.o)
 .comment       0x00000049       0x4a c:/nxp/mcuxpressoide_11.7.1_9221/ide/plugins/com.nxp.mcuxpresso.tools.win32_11.7.1.202301190959/tools/bin/../lib/gcc/arm-none-eabi/10.3.1/../../../../arm-none-eabi/lib/thumb/v7e-m/nofp\libcr_nohost_nf.a(__sys_seek.o)
 .comment       0x00000049       0x4a c:/nxp/mcuxpressoide_11.7.1_9221/ide/plugins/com.nxp.mcuxpresso.tools.win32_11.7.1.202301190959/tools/bin/../lib/gcc/arm-none-eabi/10.3.1/../../../../arm-none-eabi/lib/thumb/v7e-m/nofp\libcr_nohost_nf.a(__sys_tmpnam.o)
 .comment       0x00000049       0x4a c:/nxp/mcuxpressoide_11.7.1_9221/ide/plugins/com.nxp.mcuxpresso.tools.win32_11.7.1.202301190959/tools/bin/../lib/gcc/arm-none-eabi/10.3.1/../../../../arm-none-eabi/lib/thumb/v7e-m/nofp\libcr_nohost_nf.a(__sys_write.o)

.ARM.attributes
                0x00000000       0x2c
 .ARM.attributes
                0x00000000       0x2e ./utilities/fsl_debug_console.o
 .ARM.attributes
                0x0000002e       0x2e ./startup/startup_jn5189.o
 .ARM.attributes
                0x0000005c       0x2e ./source/semihost_hardfault.o
 .ARM.attributes
                0x0000008a       0x2e ./source/usart_dma_transfer.o
 .ARM.attributes
                0x000000b8       0x2e ./drivers/fsl_clock.o
 .ARM.attributes
                0x000000e6       0x2e ./drivers/fsl_dma.o
 .ARM.attributes
                0x00000114       0x2e ./drivers/fsl_flash.o
 .ARM.attributes
                0x00000142       0x2e ./drivers/fsl_flexcomm.o
 .ARM.attributes
                0x00000170       0x2e ./drivers/fsl_reset.o
 .ARM.attributes
                0x0000019e       0x2e ./drivers/fsl_usart.o
 .ARM.attributes
                0x000001cc       0x2e ./drivers/fsl_usart_dma.o
 .ARM.attributes
                0x000001fa       0x2e ./device/system_JN5189.o
 .ARM.attributes
                0x00000228       0x2e ./component/uart/usart_adapter.o
 .ARM.attributes
                0x00000256       0x2e ./component/serial_manager/serial_manager.o
 .ARM.attributes
                0x00000284       0x2e ./component/serial_manager/serial_port_uart.o
 .ARM.attributes
                0x000002b2       0x2e ./board/board.o
 .ARM.attributes
                0x000002e0       0x2e ./board/board_utility.o
 .ARM.attributes
                0x0000030e       0x2e ./board/clock_config.o
 .ARM.attributes
                0x0000033c       0x2e ./board/pin_mux.o
 .ARM.attributes
                0x0000036a       0x2e c:/nxp/mcuxpressoide_11.7.1_9221/ide/plugins/com.nxp.mcuxpresso.tools.win32_11.7.1.202301190959/tools/bin/../lib/gcc/arm-none-eabi/10.3.1/../../../../arm-none-eabi/lib/thumb/v7e-m/nofp\libcr_nohost_nf.a(_cr__main.o)
 .ARM.attributes
                0x00000398       0x2e c:/nxp/mcuxpressoide_11.7.1_9221/ide/plugins/com.nxp.mcuxpresso.tools.win32_11.7.1.202301190959/tools/bin/../lib/gcc/arm-none-eabi/10.3.1/../../../../arm-none-eabi/lib/thumb/v7e-m/nofp\libcr_nohost_nf.a(_cr_assert.o)
 .ARM.attributes
                0x000003c6       0x2e c:/nxp/mcuxpressoide_11.7.1_9221/ide/plugins/com.nxp.mcuxpresso.tools.win32_11.7.1.202301190959/tools/bin/../lib/gcc/arm-none-eabi/10.3.1/../../../../arm-none-eabi/lib/thumb/v7e-m/nofp\libcr_nohost_nf.a(__ciob.o)
 .ARM.attributes
                0x000003f4       0x2e c:/nxp/mcuxpressoide_11.7.1_9221/ide/plugins/com.nxp.mcuxpresso.tools.win32_11.7.1.202301190959/tools/bin/../lib/gcc/arm-none-eabi/10.3.1/../../../../arm-none-eabi/lib/thumb/v7e-m/nofp\libcr_nohost_nf.a(__sys_appexit.o)
 .ARM.attributes
                0x00000422       0x2e c:/nxp/mcuxpressoide_11.7.1_9221/ide/plugins/com.nxp.mcuxpresso.tools.win32_11.7.1.202301190959/tools/bin/../lib/gcc/arm-none-eabi/10.3.1/../../../../arm-none-eabi/lib/thumb/v7e-m/nofp\libcr_c.a(memcpy.o)
 .ARM.attributes
                0x00000450       0x2e c:/nxp/mcuxpressoide_11.7.1_9221/ide/plugins/com.nxp.mcuxpresso.tools.win32_11.7.1.202301190959/tools/bin/../lib/gcc/arm-none-eabi/10.3.1/../../../../arm-none-eabi/lib/thumb/v7e-m/nofp\libcr_c.a(memset.o)
 .ARM.attributes
                0x0000047e       0x2e c:/nxp/mcuxpressoide_11.7.1_9221/ide/plugins/com.nxp.mcuxpresso.tools.win32_11.7.1.202301190959/tools/bin/../lib/gcc/arm-none-eabi/10.3.1/../../../../arm-none-eabi/lib/thumb/v7e-m/nofp\libcr_c.a(_deferredlazyseek.o)
 .ARM.attributes
                0x000004ac       0x2e c:/nxp/mcuxpressoide_11.7.1_9221/ide/plugins/com.nxp.mcuxpresso.tools.win32_11.7.1.202301190959/tools/bin/../lib/gcc/arm-none-eabi/10.3.1/../../../../arm-none-eabi/lib/thumb/v7e-m/nofp\libcr_c.a(_fflush.o)
 .ARM.attributes
                0x000004da       0x2e c:/nxp/mcuxpressoide_11.7.1_9221/ide/plugins/com.nxp.mcuxpresso.tools.win32_11.7.1.202301190959/tools/bin/../lib/gcc/arm-none-eabi/10.3.1/../../../../arm-none-eabi/lib/thumb/v7e-m/nofp\libcr_c.a(_writebuf.o)
 .ARM.attributes
                0x00000508       0x2e c:/nxp/mcuxpressoide_11.7.1_9221/ide/plugins/com.nxp.mcuxpresso.tools.win32_11.7.1.202301190959/tools/bin/../lib/gcc/arm-none-eabi/10.3.1/../../../../arm-none-eabi/lib/thumb/v7e-m/nofp\libcr_c.a(alloc.o)
 .ARM.attributes
                0x00000536       0x2e c:/nxp/mcuxpressoide_11.7.1_9221/ide/plugins/com.nxp.mcuxpresso.tools.win32_11.7.1.202301190959/tools/bin/../lib/gcc/arm-none-eabi/10.3.1/../../../../arm-none-eabi/lib/thumb/v7e-m/nofp\libcr_c.a(fputs.o)
 .ARM.attributes
                0x00000564       0x2e c:/nxp/mcuxpressoide_11.7.1_9221/ide/plugins/com.nxp.mcuxpresso.tools.win32_11.7.1.202301190959/tools/bin/../lib/gcc/arm-none-eabi/10.3.1/../../../../arm-none-eabi/lib/thumb/v7e-m/nofp\libcr_c.a(fseek.o)
 .ARM.attributes
                0x00000592       0x2e c:/nxp/mcuxpressoide_11.7.1_9221/ide/plugins/com.nxp.mcuxpresso.tools.win32_11.7.1.202301190959/tools/bin/../lib/gcc/arm-none-eabi/10.3.1/../../../../arm-none-eabi/lib/thumb/v7e-m/nofp\libcr_c.a(ftell.o)
 .ARM.attributes
                0x000005c0       0x2e c:/nxp/mcuxpressoide_11.7.1_9221/ide/plugins/com.nxp.mcuxpresso.tools.win32_11.7.1.202301190959/tools/bin/../lib/gcc/arm-none-eabi/10.3.1/../../../../arm-none-eabi/lib/thumb/v7e-m/nofp\libcr_c.a(initio.o)
 .ARM.attributes
                0x000005ee       0x2e c:/nxp/mcuxpressoide_11.7.1_9221/ide/plugins/com.nxp.mcuxpresso.tools.win32_11.7.1.202301190959/tools/bin/../lib/gcc/arm-none-eabi/10.3.1/../../../../arm-none-eabi/lib/thumb/v7e-m/nofp\libcr_c.a(setvbuf.o)
 .ARM.attributes
                0x0000061c       0x2e c:/nxp/mcuxpressoide_11.7.1_9221/ide/plugins/com.nxp.mcuxpresso.tools.win32_11.7.1.202301190959/tools/bin/../lib/gcc/arm-none-eabi/10.3.1/../../../../arm-none-eabi/lib/thumb/v7e-m/nofp\libcr_c.a(strlen.o)
 .ARM.attributes
                0x0000064a       0x2e c:/nxp/mcuxpressoide_11.7.1_9221/ide/plugins/com.nxp.mcuxpresso.tools.win32_11.7.1.202301190959/tools/bin/../lib/gcc/arm-none-eabi/10.3.1/../../../../arm-none-eabi/lib/thumb/v7e-m/nofp\libcr_c.a(__init_alloc.o)
 .ARM.attributes
                0x00000678       0x2e c:/nxp/mcuxpressoide_11.7.1_9221/ide/plugins/com.nxp.mcuxpresso.tools.win32_11.7.1.202301190959/tools/bin/../lib/gcc/arm-none-eabi/10.3.1/../../../../arm-none-eabi/lib/thumb/v7e-m/nofp\libcr_c.a(_cr_sbrk.o)
 .ARM.attributes
                0x000006a6       0x2e c:/nxp/mcuxpressoide_11.7.1_9221/ide/plugins/com.nxp.mcuxpresso.tools.win32_11.7.1.202301190959/tools/bin/../lib/gcc/arm-none-eabi/10.3.1/../../../../arm-none-eabi/lib/thumb/v7e-m/nofp\libcr_c.a(_fdopen.o)
 .ARM.attributes
                0x000006d4       0x2e c:/nxp/mcuxpressoide_11.7.1_9221/ide/plugins/com.nxp.mcuxpresso.tools.win32_11.7.1.202301190959/tools/bin/../lib/gcc/arm-none-eabi/10.3.1/../../../../arm-none-eabi/lib/thumb/v7e-m/nofp\libcr_c.a(errno.o)
 .ARM.attributes
                0x00000702       0x2e c:/nxp/mcuxpressoide_11.7.1_9221/ide/plugins/com.nxp.mcuxpresso.tools.win32_11.7.1.202301190959/tools/bin/../lib/gcc/arm-none-eabi/10.3.1/../../../../arm-none-eabi/lib/thumb/v7e-m/nofp\libcr_c.a(fclose.o)
 .ARM.attributes
                0x00000730       0x2e c:/nxp/mcuxpressoide_11.7.1_9221/ide/plugins/com.nxp.mcuxpresso.tools.win32_11.7.1.202301190959/tools/bin/../lib/gcc/arm-none-eabi/10.3.1/../../../../arm-none-eabi/lib/thumb/v7e-m/nofp\libcr_c.a(fflush.o)
 .ARM.attributes
                0x0000075e       0x2e c:/nxp/mcuxpressoide_11.7.1_9221/ide/plugins/com.nxp.mcuxpresso.tools.win32_11.7.1.202301190959/tools/bin/../lib/gcc/arm-none-eabi/10.3.1/../../../../arm-none-eabi/lib/thumb/v7e-m/nofp\libcr_c.a(remove.o)
 .ARM.attributes
                0x0000078c       0x2e c:/nxp/mcuxpressoide_11.7.1_9221/ide/plugins/com.nxp.mcuxpresso.tools.win32_11.7.1.202301190959/tools/bin/../lib/gcc/arm-none-eabi/10.3.1/../../../../arm-none-eabi/lib/thumb/v7e-m/nofp\libcr_c.a(_cr_check_heap.o)
 .ARM.attributes
                0x000007ba       0x2e c:/nxp/mcuxpressoide_11.7.1_9221/ide/plugins/com.nxp.mcuxpresso.tools.win32_11.7.1.202301190959/tools/bin/../lib/gcc/arm-none-eabi/10.3.1/../../../../arm-none-eabi/lib/thumb/v7e-m/nofp\libcr_c.a(_do_fflush.o)
 .ARM.attributes
                0x000007e8       0x1c c:/nxp/mcuxpressoide_11.7.1_9221/ide/plugins/com.nxp.mcuxpresso.tools.win32_11.7.1.202301190959/tools/bin/../lib/gcc/arm-none-eabi/10.3.1/thumb/v7e-m/nofp\libcr_eabihelpers.a(division_64.o)
 .ARM.attributes
                0x00000804       0x1c c:/nxp/mcuxpressoide_11.7.1_9221/ide/plugins/com.nxp.mcuxpresso.tools.win32_11.7.1.202301190959/tools/bin/../lib/gcc/arm-none-eabi/10.3.1/thumb/v7e-m/nofp\libcr_eabihelpers.a(division_idiv0.o)
 .ARM.attributes
                0x00000820       0x1c c:/nxp/mcuxpressoide_11.7.1_9221/ide/plugins/com.nxp.mcuxpresso.tools.win32_11.7.1.202301190959/tools/bin/../lib/gcc/arm-none-eabi/10.3.1/thumb/v7e-m/nofp\libcr_eabihelpers.a(memcpy.o)
 .ARM.attributes
                0x0000083c       0x2e c:/nxp/mcuxpressoide_11.7.1_9221/ide/plugins/com.nxp.mcuxpresso.tools.win32_11.7.1.202301190959/tools/bin/../lib/gcc/arm-none-eabi/10.3.1/../../../../arm-none-eabi/lib/thumb/v7e-m/nofp\libcr_nohost_nf.a(__sys_close.o)
 .ARM.attributes
                0x0000086a       0x2e c:/nxp/mcuxpressoide_11.7.1_9221/ide/plugins/com.nxp.mcuxpresso.tools.win32_11.7.1.202301190959/tools/bin/../lib/gcc/arm-none-eabi/10.3.1/../../../../arm-none-eabi/lib/thumb/v7e-m/nofp\libcr_nohost_nf.a(__sys_flen.o)
 .ARM.attributes
                0x00000898       0x2e c:/nxp/mcuxpressoide_11.7.1_9221/ide/plugins/com.nxp.mcuxpresso.tools.win32_11.7.1.202301190959/tools/bin/../lib/gcc/arm-none-eabi/10.3.1/../../../../arm-none-eabi/lib/thumb/v7e-m/nofp\libcr_nohost_nf.a(__sys_istty.o)
 .ARM.attributes
                0x000008c6       0x2e c:/nxp/mcuxpressoide_11.7.1_9221/ide/plugins/com.nxp.mcuxpresso.tools.win32_11.7.1.202301190959/tools/bin/../lib/gcc/arm-none-eabi/10.3.1/../../../../arm-none-eabi/lib/thumb/v7e-m/nofp\libcr_nohost_nf.a(__sys_remove.o)
 .ARM.attributes
                0x000008f4       0x2e c:/nxp/mcuxpressoide_11.7.1_9221/ide/plugins/com.nxp.mcuxpresso.tools.win32_11.7.1.202301190959/tools/bin/../lib/gcc/arm-none-eabi/10.3.1/../../../../arm-none-eabi/lib/thumb/v7e-m/nofp\libcr_nohost_nf.a(__sys_seek.o)
 .ARM.attributes
                0x00000922       0x2e c:/nxp/mcuxpressoide_11.7.1_9221/ide/plugins/com.nxp.mcuxpresso.tools.win32_11.7.1.202301190959/tools/bin/../lib/gcc/arm-none-eabi/10.3.1/../../../../arm-none-eabi/lib/thumb/v7e-m/nofp\libcr_nohost_nf.a(__sys_tmpnam.o)
 .ARM.attributes
                0x00000950       0x2e c:/nxp/mcuxpressoide_11.7.1_9221/ide/plugins/com.nxp.mcuxpresso.tools.win32_11.7.1.202301190959/tools/bin/../lib/gcc/arm-none-eabi/10.3.1/../../../../arm-none-eabi/lib/thumb/v7e-m/nofp\libcr_nohost_nf.a(__sys_write.o)

.debug_frame    0x00000000     0x2520
 .debug_frame   0x00000000      0x208 ./utilities/fsl_debug_console.o
 .debug_frame   0x00000208      0x620 ./startup/startup_jn5189.o
 .debug_frame   0x00000828       0x20 ./source/semihost_hardfault.o
 .debug_frame   0x00000848       0x7c ./source/usart_dma_transfer.o
 .debug_frame   0x000008c4      0x5e4 ./drivers/fsl_clock.o
 .debug_frame   0x00000ea8      0x4c0 ./drivers/fsl_dma.o
 .debug_frame   0x00001368      0x284 ./drivers/fsl_flash.o
 .debug_frame   0x000015ec      0x18c ./drivers/fsl_flexcomm.o
 .debug_frame   0x00001778       0xfc ./drivers/fsl_reset.o
 .debug_frame   0x00001874      0x3b0 ./drivers/fsl_usart.o
 .debug_frame   0x00001c24      0x194 ./drivers/fsl_usart_dma.o
 .debug_frame   0x00001db8      0x1c8 ./device/system_JN5189.o
 .debug_frame   0x00001f80       0xc8 ./component/uart/usart_adapter.o
 .debug_frame   0x00002048      0x258 ./component/serial_manager/serial_manager.o
 .debug_frame   0x000022a0       0xa0 ./component/serial_manager/serial_port_uart.o
 .debug_frame   0x00002340       0x7c ./board/board.o
 .debug_frame   0x000023bc       0xa4 ./board/board_utility.o
 .debug_frame   0x00002460       0x48 ./board/clock_config.o
 .debug_frame   0x000024a8       0x78 ./board/pin_mux.o

Cross Reference Table

Symbol                                            File
ADC0_SEQA_DriverIRQHandler                        ./startup/startup_jn5189.o
ADC0_SEQA_IRQHandler                              ./startup/startup_jn5189.o
ADC0_SEQB_DriverIRQHandler                        ./startup/startup_jn5189.o
ADC0_SEQB_IRQHandler                              ./startup/startup_jn5189.o
ADC0_THCMP_DriverIRQHandler                       ./startup/startup_jn5189.o
ADC0_THCMP_IRQHandler                             ./startup/startup_jn5189.o
ADC_Deinit                                        ./drivers/fsl_adc.o
ADC_EnableTemperatureSensor                       ./drivers/fsl_adc.o
ADC_GetChannelConversionResult                    ./drivers/fsl_adc.o
ADC_GetConvSeqAGlobalConversionResult             ./drivers/fsl_adc.o