Archive member included to satisfy reference by file (symbol)

c:/nxp/mcuxpressoide_11.7.1_9221/ide/plugins/com.nxp.mcuxpresso.tools.win32_11.7.1.202301190959/tools/bin/../lib/gcc/arm-none-eabi/10.3.1/../../../../arm-none-eabi/lib/thumb/v7e-m/nofp\libcr_nohost_nf.a(_cr__main.o)
                              ./startup/startup_jn5189.o (__main)
c:/nxp/mcuxpressoide_11.7.1_9221/ide/plugins/com.nxp.mcuxpresso.tools.win32_11.7.1.202301190959/tools/bin/../lib/gcc/arm-none-eabi/10.3.1/../../../../arm-none-eabi/lib/thumb/v7e-m/nofp\libcr_nohost_nf.a(_cr_assert.o)
                              ./utilities/fsl_debug_console.o (__assertion_failed)
c:/nxp/mcuxpressoide_11.7.1_9221/ide/plugins/com.nxp.mcuxpresso.tools.win32_11.7.1.202301190959/tools/bin/../lib/gcc/arm-none-eabi/10.3.1/../../../../arm-none-eabi/lib/thumb/v7e-m/nofp\libcr_nohost_nf.a(__ciob.o)
                              c:/nxp/mcuxpressoide_11.7.1_9221/ide/plugins/com.nxp.mcuxpresso.tools.win32_11.7.1.202301190959/tools/bin/../lib/gcc/arm-none-eabi/10.3.1/../../../../arm-none-eabi/lib/thumb/v7e-m/nofp\libcr_nohost_nf.a(_cr_assert.o) (__Ciob)
c:/nxp/mcuxpressoide_11.7.1_9221/ide/plugins/com.nxp.mcuxpresso.tools.win32_11.7.1.202301190959/tools/bin/../lib/gcc/arm-none-eabi/10.3.1/../../../../arm-none-eabi/lib/thumb/v7e-m/nofp\libcr_nohost_nf.a(__sys_appexit.o)
                              c:/nxp/mcuxpressoide_11.7.1_9221/ide/plugins/com.nxp.mcuxpresso.tools.win32_11.7.1.202301190959/tools/bin/../lib/gcc/arm-none-eabi/10.3.1/../../../../arm-none-eabi/lib/thumb/v7e-m/nofp\libcr_nohost_nf.a(_cr_assert.o) (__sys_appexit)
c:/nxp/mcuxpressoide_11.7.1_9221/ide/plugins/com.nxp.mcuxpresso.tools.win32_11.7.1.202301190959/tools/bin/../lib/gcc/arm-none-eabi/10.3.1/../../../../arm-none-eabi/lib/thumb/v7e-m/nofp\libcr_c.a(memcpy.o)
                              ./drivers/fsl_flash.o (memcpy)
c:/nxp/mcuxpressoide_11.7.1_9221/ide/plugins/com.nxp.mcuxpresso.tools.win32_11.7.1.202301190959/tools/bin/../lib/gcc/arm-none-eabi/10.3.1/../../../../arm-none-eabi/lib/thumb/v7e-m/nofp\libcr_c.a(memset.o)
                              ./utilities/fsl_debug_console.o (memset)
c:/nxp/mcuxpressoide_11.7.1_9221/ide/plugins/com.nxp.mcuxpresso.tools.win32_11.7.1.202301190959/tools/bin/../lib/gcc/arm-none-eabi/10.3.1/../../../../arm-none-eabi/lib/thumb/v7e-m/nofp\libcr_c.a(_deferredlazyseek.o)
                              c:/nxp/mcuxpressoide_11.7.1_9221/ide/plugins/com.nxp.mcuxpresso.tools.win32_11.7.1.202301190959/tools/bin/../lib/gcc/arm-none-eabi/10.3.1/../../../../arm-none-eabi/lib/thumb/v7e-m/nofp\libcr_nohost_nf.a(_cr_assert.o) (__flsbuf)
c:/nxp/mcuxpressoide_11.7.1_9221/ide/plugins/com.nxp.mcuxpresso.tools.win32_11.7.1.202301190959/tools/bin/../lib/gcc/arm-none-eabi/10.3.1/../../../../arm-none-eabi/lib/thumb/v7e-m/nofp\libcr_c.a(_fflush.o)
                              c:/nxp/mcuxpressoide_11.7.1_9221/ide/plugins/com.nxp.mcuxpresso.tools.win32_11.7.1.202301190959/tools/bin/../lib/gcc/arm-none-eabi/10.3.1/../../../../arm-none-eabi/lib/thumb/v7e-m/nofp\libcr_c.a(_deferredlazyseek.o) (_fflush)
c:/nxp/mcuxpressoide_11.7.1_9221/ide/plugins/com.nxp.mcuxpresso.tools.win32_11.7.1.202301190959/tools/bin/../lib/gcc/arm-none-eabi/10.3.1/../../../../arm-none-eabi/lib/thumb/v7e-m/nofp\libcr_c.a(_writebuf.o)
                              c:/nxp/mcuxpressoide_11.7.1_9221/ide/plugins/com.nxp.mcuxpresso.tools.win32_11.7.1.202301190959/tools/bin/../lib/gcc/arm-none-eabi/10.3.1/../../../../arm-none-eabi/lib/thumb/v7e-m/nofp\libcr_c.a(_deferredlazyseek.o) (_Cwritebuf)
c:/nxp/mcuxpressoide_11.7.1_9221/ide/plugins/com.nxp.mcuxpresso.tools.win32_11.7.1.202301190959/tools/bin/../lib/gcc/arm-none-eabi/10.3.1/../../../../arm-none-eabi/lib/thumb/v7e-m/nofp\libcr_c.a(alloc.o)
                              ./drivers/fsl_common.o (malloc)
c:/nxp/mcuxpressoide_11.7.1_9221/ide/plugins/com.nxp.mcuxpresso.tools.win32_11.7.1.202301190959/tools/bin/../lib/gcc/arm-none-eabi/10.3.1/../../../../arm-none-eabi/lib/thumb/v7e-m/nofp\libcr_c.a(fputs.o)
                              c:/nxp/mcuxpressoide_11.7.1_9221/ide/plugins/com.nxp.mcuxpresso.tools.win32_11.7.1.202301190959/tools/bin/../lib/gcc/arm-none-eabi/10.3.1/../../../../arm-none-eabi/lib/thumb/v7e-m/nofp\libcr_nohost_nf.a(_cr_assert.o) (fputs)
c:/nxp/mcuxpressoide_11.7.1_9221/ide/plugins/com.nxp.mcuxpresso.tools.win32_11.7.1.202301190959/tools/bin/../lib/gcc/arm-none-eabi/10.3.1/../../../../arm-none-eabi/lib/thumb/v7e-m/nofp\libcr_c.a(fseek.o)
                              c:/nxp/mcuxpressoide_11.7.1_9221/ide/plugins/com.nxp.mcuxpresso.tools.win32_11.7.1.202301190959/tools/bin/../lib/gcc/arm-none-eabi/10.3.1/../../../../arm-none-eabi/lib/thumb/v7e-m/nofp\libcr_c.a(_deferredlazyseek.o) (fseek)
c:/nxp/mcuxpressoide_11.7.1_9221/ide/plugins/com.nxp.mcuxpresso.tools.win32_11.7.1.202301190959/tools/bin/../lib/gcc/arm-none-eabi/10.3.1/../../../../arm-none-eabi/lib/thumb/v7e-m/nofp\libcr_c.a(ftell.o)
[...]
Memory Configuration

Name             Origin             Length             Attributes
PROGRAM_FLASH    0x00000000         0x000a0000         xr
SRAM             0x04000000         0x00015fe0         xrw
SRAM1            0x04020000         0x00010000         xrw
*default*        0x00000000         0xffffffff

Linker script and memory map

LOAD ./utilities/fsl_assert.o
LOAD ./utilities/fsl_debug_console.o
LOAD ./utilities/fsl_str.o
LOAD ./startup/startup_jn5189.o
LOAD ./source/semihost_hardfault.o
LOAD ./source/usart_dma_transfer.o
LOAD ./drivers/fsl_adc.o
LOAD ./drivers/fsl_clock.o
LOAD ./drivers/fsl_common.o
LOAD ./drivers/fsl_dma.o
LOAD ./drivers/fsl_flash.o
LOAD ./drivers/fsl_flexcomm.o
LOAD ./drivers/fsl_gpio.o
LOAD ./drivers/fsl_inputmux.o
LOAD ./drivers/fsl_power.o
LOAD ./drivers/fsl_reset.o
LOAD ./drivers/fsl_usart.o
LOAD ./drivers/fsl_usart_dma.o
LOAD ./device/system_JN5189.o
LOAD ./component/uart/usart_adapter.o
LOAD ./component/serial_manager/serial_manager.o
LOAD ./component/serial_manager/serial_port_uart.o
LOAD ./component/lists/fsl_component_generic_list.o
LOAD ./board/board.o
LOAD ./board/board_utility.o
LOAD ./board/clock_config.o
LOAD ./board/pin_mux.o
START GROUP
LOAD c:/nxp/mcuxpressoide_11.7.1_9221/ide/plugins/com.nxp.mcuxpresso.tools.win32_11.7.1.202301190959/tools/bin/../lib/gcc/arm-none-eabi/10.3.1/../../../../arm-none-eabi/lib/thumb/v7e-m/nofp\libcr_nohost_nf.a
LOAD c:/nxp/mcuxpressoide_11.7.1_9221/ide/plugins/com.nxp.mcuxpresso.tools.win32_11.7.1.202301190959/tools/bin/../lib/gcc/arm-none-eabi/10.3.1/../../../../arm-none-eabi/lib/thumb/v7e-m/nofp\libcr_c.a
LOAD c:/nxp/mcuxpressoide_11.7.1_9221/ide/plugins/com.nxp.mcuxpresso.tools.win32_11.7.1.202301190959/tools/bin/../lib/gcc/arm-none-eabi/10.3.1/thumb/v7e-m/nofp\libcr_eabihelpers.a
LOAD c:/nxp/mcuxpressoide_11.7.1_9221/ide/plugins/com.nxp.mcuxpresso.tools.win32_11.7.1.202301190959/tools/bin/../lib/gcc/arm-none-eabi/10.3.1/thumb/v7e-m/nofp\libgcc.a
END GROUP
                0x00000000                __base_PROGRAM_FLASH = 0x0
                0x00000000                __base_Flash = 0x0
                0x000a0000                __top_PROGRAM_FLASH = 0xa0000
                0x000a0000                __top_Flash = 0xa0000
                0x04000000                __base_SRAM = 0x4000000
                0x04000000                __base_RAM = 0x4000000
                0x04015fe0                __top_SRAM = 0x4015fe0
                0x04015fe0                __top_RAM = 0x4015fe0
                0x04020000                __base_SRAM1 = 0x4020000
                0x04020000                __base_RAM2 = 0x4020000
                0x04030000                __top_SRAM1 = 0x4030000
                0x04030000                __top_RAM2 = 0x4030000

.text           0x00000000     0x2a4c
 FILL mask 0xff
                0x00000000                __vectors_start__ = ABSOLUTE (.)
 *(SORT_BY_ALIGNMENT(.isr_vector))
 .isr_vector    0x00000000      0x120 ./startup/startup_jn5189.o
                0x00000000                g_pfnVectors
                0x00000000                __Vectors
                0x00000120                . = ALIGN (0x4)
                0x00000120                __section_table_start = .
                0x00000120                __data_section_table = .
                0x00000120        0x4 LONG 0x2a4c LOADADDR (.data)
                0x00000124        0x4 LONG 0x4000000 ADDR (.data)
                0x00000128        0x4 LONG 0x4 SIZEOF (.data)
                0x0000012c        0x4 LONG 0x2a4c LOADADDR (.data_RAM2)
                0x00000130        0x4 LONG 0x4020000 ADDR (.data_RAM2)
                0x00000134        0x4 LONG 0x0 SIZEOF (.data_RAM2)
                0x00000138                __data_section_table_end = .
                0x00000138                __bss_section_table = .
                0x00000138        0x4 LONG 0x4000004 ADDR (.bss)
                0x0000013c        0x4 LONG 0x154 SIZEOF (.bss)
                0x00000140        0x4 LONG 0x4020000 ADDR (.bss_RAM2)
                0x00000144        0x4 LONG 0x0 SIZEOF (.bss_RAM2)
                0x00000148                __bss_section_table_end = .
                0x00000148                __section_table_end = .
 *(SORT_BY_ALIGNMENT(.after_vectors*))
 .after_vectors.reset
                0x00000148       0x30 ./startup/startup_jn5189.o
                0x00000148                ResetISR
 .after_vectors
                0x00000178       0xe0 ./startup/startup_jn5189.o
                0x00000178                ResetISR2
                0x00000240                NMI_Handler
                0x00000244                MemManage_Handler
                0x00000246                BusFault_Handler
                0x00000248                UsageFault_Handler
                0x0000024a                SVC_Handler
                0x0000024c                PendSV_Handler
                0x0000024e                SysTick_Handler
                0x00000250                ANA_COMP_DriverIRQHandler
                0x00000250                PWM0_DriverIRQHandler
                0x00000250                ISO7816_DriverIRQHandler
                0x00000250                PIN_INT3_DriverIRQHandler
                0x00000250                PIN_INT2_DriverIRQHandler
                0x00000250                PIN_INT0_DriverIRQHandler
                0x00000250                SPIFI0_DriverIRQHandler
                0x00000250                RFP_TMU_DriverIRQHandler
                0x00000250                IntDefaultHandler
                0x00000250                BLE_DP0_DriverIRQHandler
                0x00000250                ZIGBEE_MODEM_DriverIRQHandler
                0x00000250                DMIC0_DriverIRQHandler
                0x00000250                BLE_WAKE_UP_TIMER_DriverIRQHandler
                0x00000250                PWM4_DriverIRQHandler
                0x00000250                ADC0_THCMP_DriverIRQHandler
                0x00000250                CIC_IRB_DriverIRQHandler
                0x00000250                CTIMER0_DriverIRQHandler
                0x00000250                CTIMER1_DriverIRQHandler
                0x00000250                PWM6_DriverIRQHandler
                0x00000250                MAILBOX_DriverIRQHandler
                0x00000250                PIN_INT1_DriverIRQHandler
                0x00000250                BLE_DP_DriverIRQHandler
                0x00000250                PWM8_DriverIRQHandler
                0x00000250                HWVAD0_DriverIRQHandler
                0x00000250                PWM9_DriverIRQHandler
                0x00000250                RTC_DriverIRQHandler
                0x00000250                WAKE_UP_TIMER0_DriverIRQHandler
                0x00000250                PVTVF0_RED_DriverIRQHandler
                0x00000250                PWM5_DriverIRQHandler
                0x00000250                PVTVF1_AMBER_DriverIRQHandler
                0x00000250                PWM7_DriverIRQHandler
                0x00000250                PWM1_DriverIRQHandler
                0x00000250                BLE_DP2_DriverIRQHandler
                0x00000250                NFCTag_DriverIRQHandler
                0x00000250                BLE_DP1_DriverIRQHandler
                0x00000250                ADC0_SEQA_DriverIRQHandler
                0x00000250                PWM10_DriverIRQHandler
                0x00000250                PVTVF0_AMBER_DriverIRQHandler
                0x00000250                ADC0_SEQB_DriverIRQHandler
                0x00000250                BLE_LL_ALL_DriverIRQHandler
                0x00000250                WAKE_UP_TIMER1_DriverIRQHandler
                0x00000250                SHA_DriverIRQHandler
                0x00000250                GINT0_DriverIRQHandler
                0x00000250                RFP_AGC_DriverIRQHandler
                0x00000250                PWM2_DriverIRQHandler
                0x00000250                ZIGBEE_MAC_DriverIRQHandler
                0x00000250                PWM3_DriverIRQHandler
                0x00000250                WDT_BOD_DriverIRQHandler
                0x00000250                PVTVF1_RED_DriverIRQHandler
 .after_vectors.init_data
                0x00000258       0x1c ./startup/startup_jn5189.o
                0x00000258                data_init
 .after_vectors.init_bss
                0x00000274       0x12 ./startup/startup_jn5189.o
                0x00000274                bss_init
 *(SORT_BY_ALIGNMENT(.text*))
 *fill*         0x00000286        0x2 ff
 .text.BOOT_GetStartPowerMode
                0x00000288        0xc ./startup/startup_jn5189.o
 .text.main     0x00000294       0x78 ./source/usart_dma_transfer.o
                0x00000294                main
 .text.CLOCK_GetFRGInputClock
                0x0000030c       0x60 ./drivers/fsl_clock.o
                0x0000030c                CLOCK_GetFRGInputClock
 .text.CLOCK_GetClkOutFreq
                0x0000036c       0xa8 ./drivers/fsl_clock.o
                0x0000036c                CLOCK_GetClkOutFreq
 .text.CLOCK_GetWdtOscFreq
                0x00000414       0x64 ./drivers/fsl_clock.o
                0x00000414                CLOCK_GetWdtOscFreq
 .text.CLOCK_GetSpifiOscFreq
                0x00000478       0x84 ./drivers/fsl_clock.o
                0x00000478                CLOCK_GetSpifiOscFreq
 .text.CLOCK_GetPWMClockFreq
                0x000004fc       0x5c ./drivers/fsl_clock.o
                0x000004fc                CLOCK_GetPWMClockFreq
 .text.CLOCK_GetFreq
                0x00000558      0x174 ./drivers/fsl_clock.o
                0x00000558                CLOCK_GetFreq
 .text.CLOCK_GetMainClockRate
                0x000006cc       0x80 ./drivers/fsl_clock.o
                0x000006cc                CLOCK_GetMainClockRate
 .text.CLOCK_GetXtal32kFreq
                0x0000074c       0x30 ./drivers/fsl_clock.o
                0x0000074c                CLOCK_GetXtal32kFreq
 .text.CLOCK_GetXtal32MFreq
                0x0000077c       0x14 ./drivers/fsl_clock.o
                0x0000077c                CLOCK_GetXtal32MFreq
 .text.CLOCK_GetFro32kFreq
                0x00000790       0x30 ./drivers/fsl_clock.o
                0x00000790                CLOCK_GetFro32kFreq
 .text.CLOCK_GetFro1MFreq
                0x000007c0       0x14 ./drivers/fsl_clock.o
                0x000007c0                CLOCK_GetFro1MFreq
 .text.CLOCK_GetFro12MFreq
                0x000007d4       0x30 ./drivers/fsl_clock.o
                0x000007d4                CLOCK_GetFro12MFreq
 .text.CLOCK_GetFro32MFreq
                0x00000804       0x30 ./drivers/fsl_clock.o
                0x00000804                CLOCK_GetFro32MFreq
 .text.CLOCK_GetFro48MFreq
                0x00000834       0x30 ./drivers/fsl_clock.o
                0x00000834                CLOCK_GetFro48MFreq
 .text.CLOCK_GetFro64MFreq
                0x00000864       0x30 ./drivers/fsl_clock.o
                0x00000864                CLOCK_GetFro64MFreq
 .text.CLOCK_GetApbCLkFreq
                0x00000894       0x60 ./drivers/fsl_clock.o
                0x00000894                CLOCK_GetApbCLkFreq
 .text.CLOCK_EnableClock
                0x000008f4      0x158 ./drivers/fsl_clock.o
                0x000008f4                CLOCK_EnableClock
 .text.CLOCK_uDelay
                0x00000a4c       0x40 ./drivers/fsl_clock.o
                0x00000a4c                CLOCK_uDelay
 .text.CLOCK_XtalBasicTrim
                0x00000a8c       0x30 ./drivers/fsl_clock.o
                0x00000a8c                CLOCK_XtalBasicTrim
 .text.CLOCK_Xtal32M_Trim
                0x00000abc      0x21c ./drivers/fsl_clock.o
                0x00000abc                CLOCK_Xtal32M_Trim
 .text.CLOCK_Xtal32M_WaitUntilStable
                0x00000cd8       0x2c ./drivers/fsl_clock.o
                0x00000cd8                CLOCK_Xtal32M_WaitUntilStable
 .text.DMA_GetInstance
                0x00000d04       0x44 ./drivers/fsl_dma.o
 .text.DMA_IRQHandle
                0x00000d48      0x168 ./drivers/fsl_dma.o
                0x00000d48                DMA_IRQHandle
 .text.DMA0_DriverIRQHandler
                0x00000eb0       0x18 ./drivers/fsl_dma.o
                0x00000eb0                DMA0_DriverIRQHandler
 .text.FLEXCOMM_GetInstance
                0x00000ec8       0x44 ./drivers/fsl_flexcomm.o
                0x00000ec8                FLEXCOMM_GetInstance
 .text.FLEXCOMM_Init
                0x00000f0c       0x5c ./drivers/fsl_flexcomm.o
                0x00000f0c                FLEXCOMM_Init
 .text.FLEXCOMM0_DriverIRQHandler
                0x00000f68       0x3c ./drivers/fsl_flexcomm.o
                0x00000f68                FLEXCOMM0_DriverIRQHandler
 .text.FLEXCOMM1_DriverIRQHandler
                0x00000fa4       0x3c ./drivers/fsl_flexcomm.o
                0x00000fa4                FLEXCOMM1_DriverIRQHandler
 .text.FLEXCOMM2_DriverIRQHandler
                0x00000fe0       0x3c ./drivers/fsl_flexcomm.o
                0x00000fe0                FLEXCOMM2_DriverIRQHandler
 .text.FLEXCOMM3_DriverIRQHandler
                0x0000101c       0x3c ./drivers/fsl_flexcomm.o
                0x0000101c                FLEXCOMM3_DriverIRQHandler
 .text.FLEXCOMM4_DriverIRQHandler
                0x00001058       0x3c ./drivers/fsl_flexcomm.o
                0x00001058                FLEXCOMM4_DriverIRQHandler
 .text.FLEXCOMM5_DriverIRQHandler
                0x00001094       0x3c ./drivers/fsl_flexcomm.o
                0x00001094                FLEXCOMM5_DriverIRQHandler
 .text.FLEXCOMM6_DriverIRQHandler
                0x000010d0       0x3c ./drivers/fsl_flexcomm.o
                0x000010d0                FLEXCOMM6_DriverIRQHandler
 .text.RESET_SetPeripheralReset
                0x0000110c       0x7c ./drivers/fsl_reset.o
                0x0000110c                RESET_SetPeripheralReset
 .text.RESET_ClearPeripheralReset
                0x00001188       0x80 ./drivers/fsl_reset.o
                0x00001188                RESET_ClearPeripheralReset
 .text.USART_Init
                0x00001208      0x18c ./drivers/fsl_usart.o
                0x00001208                USART_Init
 .text.USART_GetDefaultConfig
                0x00001394       0x7c ./drivers/fsl_usart.o
                0x00001394                USART_GetDefaultConfig
 .text.USART_SetBaudRate
                0x00001410      0x128 ./drivers/fsl_usart.o
                0x00001410                USART_SetBaudRate
 .text.__NVIC_SetPriorityGrouping
                0x00001538       0x48 ./device/system_JN5189.o
 .text.CLOCK_GetXtal32kFreq
                0x00001580       0x30 ./device/system_JN5189.o
 .text.CLOCK_GetXtal32MFreq
                0x000015b0       0x14 ./device/system_JN5189.o
 .text.CLOCK_GetFro32kFreq
                0x000015c4       0x30 ./device/system_JN5189.o
 .text.CLOCK_GetFro1MFreq
                0x000015f4       0x14 ./device/system_JN5189.o
 .text.CLOCK_GetFro12MFreq
                0x00001608       0x30 ./device/system_JN5189.o
 .text.CLOCK_GetFro32MFreq
                0x00001638       0x30 ./device/system_JN5189.o
 .text.CLOCK_GetFro48MFreq
                0x00001668       0x30 ./device/system_JN5189.o
 .text.CLOCK_GetMainClockRate
                0x00001698       0x80 ./device/system_JN5189.o
 .text.SystemInit
                0x00001718       0x48 ./device/system_JN5189.o
                0x00001718                SystemInit
 .text.SystemCoreClockUpdate
                0x00001760       0x28 ./device/system_JN5189.o
                0x00001760                SystemCoreClockUpdate
 .text.BOARD_GetClock32MCapacitanceCharacteristics
                0x00001788       0x14 ./board/board_utility.o
                0x00001788                BOARD_GetClock32MCapacitanceCharacteristics
 .text.__assertion_failed
                0x0000179c       0x4c c:/nxp/mcuxpressoide_11.7.1_9221/ide/plugins/com.nxp.mcuxpresso.tools.win32_11.7.1.202301190959/tools/bin/../lib/gcc/arm-none-eabi/10.3.1/../../../../arm-none-eabi/lib/thumb/v7e-m/nofp\libcr_nohost_nf.a(_cr_assert.o)
                0x0000179c                __assertion_failed
 .text._Cwritebuf
                0x000017e8       0x6c c:/nxp/mcuxpressoide_11.7.1_9221/ide/plugins/com.nxp.mcuxpresso.tools.win32_11.7.1.202301190959/tools/bin/../lib/gcc/arm-none-eabi/10.3.1/../../../../arm-none-eabi/lib/thumb/v7e-m/nofp\libcr_c.a(_writebuf.o)
                0x000017e8                _Cwritebuf
 .text.malloc   0x00001854       0xc8 c:/nxp/mcuxpressoide_11.7.1_9221/ide/plugins/com.nxp.mcuxpresso.tools.win32_11.7.1.202301190959/tools/bin/../lib/gcc/arm-none-eabi/10.3.1/../../../../arm-none-eabi/lib/thumb/v7e-m/nofp\libcr_c.a(alloc.o)
                0x00001854                malloc
 .text._Csys_alloc
                0x0000191c       0x20 c:/nxp/mcuxpressoide_11.7.1_9221/ide/plugins/com.nxp.mcuxpresso.tools.win32_11.7.1.202301190959/tools/bin/../lib/gcc/arm-none-eabi/10.3.1/../../../../arm-none-eabi/lib/thumb/v7e-m/nofp\libcr_c.a(alloc.o)
                0x0000191c                _Csys_alloc
 .text.fseek    0x0000193c       0xfc c:/nxp/mcuxpressoide_11.7.1_9221/ide/plugins/com.nxp.mcuxpresso.tools.win32_11.7.1.202301190959/tools/bin/../lib/gcc/arm-none-eabi/10.3.1/../../../../arm-none-eabi/lib/thumb/v7e-m/nofp\libcr_c.a(fseek.o)
                0x0000193c                fseek
 .text.ftell    0x00001a38       0x44 c:/nxp/mcuxpressoide_11.7.1_9221/ide/plugins/com.nxp.mcuxpresso.tools.win32_11.7.1.202301190959/tools/bin/../lib/gcc/arm-none-eabi/10.3.1/../../../../arm-none-eabi/lib/thumb/v7e-m/nofp\libcr_c.a(ftell.o)
                0x00001a38                ftell
 .text._initio  0x00001a7c       0x78 c:/nxp/mcuxpressoide_11.7.1_9221/ide/plugins/com.nxp.mcuxpresso.tools.win32_11.7.1.202301190959/tools/bin/../lib/gcc/arm-none-eabi/10.3.1/../../../../arm-none-eabi/lib/thumb/v7e-m/nofp\libcr_c.a(initio.o)
                0x00001a7c                _initio
 .text._sbrk    0x00001af4       0x3c c:/nxp/mcuxpressoide_11.7.1_9221/ide/plugins/com.nxp.mcuxpresso.tools.win32_11.7.1.202301190959/tools/bin/../lib/gcc/arm-none-eabi/10.3.1/../../../../arm-none-eabi/lib/thumb/v7e-m/nofp\libcr_c.a(_cr_sbrk.o)
                0x00001af4                _sbrk
 .text.fflush   0x00001b30       0x3c c:/nxp/mcuxpressoide_11.7.1_9221/ide/plugins/com.nxp.mcuxpresso.tools.win32_11.7.1.202301190959/tools/bin/../lib/gcc/arm-none-eabi/10.3.1/../../../../arm-none-eabi/lib/thumb/v7e-m/nofp\libcr_c.a(fflush.o)
                0x00001b30                fflush
 .text.__check_heap_overflow
                0x00001b6c       0x14 c:/nxp/mcuxpressoide_11.7.1_9221/ide/plugins/com.nxp.mcuxpresso.tools.win32_11.7.1.202301190959/tools/bin/../lib/gcc/arm-none-eabi/10.3.1/../../../../arm-none-eabi/lib/thumb/v7e-m/nofp\libcr_c.a(_cr_check_heap.o)
                0x00001b6c                __check_heap_overflow
 .text.WDT_BOD_IRQHandler
                0x00001b80        0x8 ./startup/startup_jn5189.o
                0x00001b80                WDT_BOD_IRQHandler
 .text.DMA0_IRQHandler
                0x00001b88        0x8 ./startup/startup_jn5189.o
                0x00001b88                DMA0_IRQHandler
 .text.GINT0_IRQHandler
                0x00001b90        0x8 ./startup/startup_jn5189.o
                0x00001b90                GINT0_IRQHandler
 .text.CIC_IRB_IRQHandler
                0x00001b98        0x8 ./startup/startup_jn5189.o
                0x00001b98                CIC_IRB_IRQHandler
 .text.PIN_INT0_IRQHandler
                0x00001ba0        0x8 ./startup/startup_jn5189.o
                0x00001ba0                PIN_INT0_IRQHandler
 .text.PIN_INT1_IRQHandler
                0x00001ba8        0x8 ./startup/startup_jn5189.o
                0x00001ba8                PIN_INT1_IRQHandler
 .text.PIN_INT2_IRQHandler
                0x00001bb0        0x8 ./startup/startup_jn5189.o
                0x00001bb0                PIN_INT2_IRQHandler
 .text.PIN_INT3_IRQHandler
                0x00001bb8        0x8 ./startup/startup_jn5189.o
                0x00001bb8                PIN_INT3_IRQHandler
 .text.SPIFI0_IRQHandler
                0x00001bc0        0x8 ./startup/startup_jn5189.o
                0x00001bc0                SPIFI0_IRQHandler
 .text.CTIMER0_IRQHandler
                0x00001bc8        0x8 ./startup/startup_jn5189.o
                0x00001bc8                CTIMER0_IRQHandler
 .text.CTIMER1_IRQHandler
                0x00001bd0        0x8 ./startup/startup_jn5189.o
                0x00001bd0                CTIMER1_IRQHandler
 .text.FLEXCOMM0_IRQHandler
                0x00001bd8        0x8 ./startup/startup_jn5189.o
                0x00001bd8                FLEXCOMM0_IRQHandler
 .text.FLEXCOMM1_IRQHandler
                0x00001be0        0x8 ./startup/startup_jn5189.o
                0x00001be0                FLEXCOMM1_IRQHandler
 .text.FLEXCOMM2_IRQHandler
                0x00001be8        0x8 ./startup/startup_jn5189.o
                0x00001be8                FLEXCOMM2_IRQHandler
 .text.FLEXCOMM3_IRQHandler
                0x00001bf0        0x8 ./startup/startup_jn5189.o
                0x00001bf0                FLEXCOMM3_IRQHandler
 .text.FLEXCOMM4_IRQHandler
                0x00001bf8        0x8 ./startup/startup_jn5189.o
                0x00001bf8                FLEXCOMM4_IRQHandler
 .text.FLEXCOMM5_IRQHandler
                0x00001c00        0x8 ./startup/startup_jn5189.o
                0x00001c00                FLEXCOMM5_IRQHandler
 .text.PWM0_IRQHandler
                0x00001c08        0x8 ./startup/startup_jn5189.o
                0x00001c08                PWM0_IRQHandler
 .text.PWM1_IRQHandler
                0x00001c10        0x8 ./startup/startup_jn5189.o
                0x00001c10                PWM1_IRQHandler
 .text.PWM2_IRQHandler
                0x00001c18        0x8 ./startup/startup_jn5189.o
                0x00001c18                PWM2_IRQHandler
 .text.PWM3_IRQHandler
                0x00001c20        0x8 ./startup/startup_jn5189.o
                0x00001c20                PWM3_IRQHandler
 .text.PWM4_IRQHandler
                0x00001c28        0x8 ./startup/startup_jn5189.o
                0x00001c28                PWM4_IRQHandler
 .text.PWM5_IRQHandler
                0x00001c30        0x8 ./startup/startup_jn5189.o
                0x00001c30                PWM5_IRQHandler
 .text.PWM6_IRQHandler
                0x00001c38        0x8 ./startup/startup_jn5189.o
                0x00001c38                PWM6_IRQHandler
 .text.PWM7_IRQHandler
                0x00001c40        0x8 ./startup/startup_jn5189.o
                0x00001c40                PWM7_IRQHandler
 .text.PWM8_IRQHandler
                0x00001c48        0x8 ./startup/startup_jn5189.o
                0x00001c48                PWM8_IRQHandler
 .text.PWM9_IRQHandler
                0x00001c50        0x8 ./startup/startup_jn5189.o
                0x00001c50                PWM9_IRQHandler
 .text.PWM10_IRQHandler
                0x00001c58        0x8 ./startup/startup_jn5189.o
                0x00001c58                PWM10_IRQHandler
 .text.FLEXCOMM6_IRQHandler
                0x00001c60        0x8 ./startup/startup_jn5189.o
                0x00001c60                FLEXCOMM6_IRQHandler
 .text.RTC_IRQHandler
                0x00001c68        0x8 ./startup/startup_jn5189.o
                0x00001c68                RTC_IRQHandler
 .text.NFCTag_IRQHandler
                0x00001c70        0x8 ./startup/startup_jn5189.o
                0x00001c70                NFCTag_IRQHandler
 .text.MAILBOX_IRQHandler
                0x00001c78        0x8 ./startup/startup_jn5189.o
                0x00001c78                MAILBOX_IRQHandler
 .text.ADC0_SEQA_IRQHandler
                0x00001c80        0x8 ./startup/startup_jn5189.o
                0x00001c80                ADC0_SEQA_IRQHandler
 .text.ADC0_SEQB_IRQHandler
                0x00001c88        0x8 ./startup/startup_jn5189.o
                0x00001c88                ADC0_SEQB_IRQHandler
 .text.ADC0_THCMP_IRQHandler
                0x00001c90        0x8 ./startup/startup_jn5189.o
                0x00001c90                ADC0_THCMP_IRQHandler
 .text.DMIC0_IRQHandler
                0x00001c98        0x8 ./startup/startup_jn5189.o
                0x00001c98                DMIC0_IRQHandler
 .text.HWVAD0_IRQHandler
                0x00001ca0        0x8 ./startup/startup_jn5189.o
                0x00001ca0                HWVAD0_IRQHandler
 .text.BLE_DP_IRQHandler
                0x00001ca8        0x8 ./startup/startup_jn5189.o
                0x00001ca8                BLE_DP_IRQHandler
 .text.BLE_DP0_IRQHandler
                0x00001cb0        0x8 ./startup/startup_jn5189.o
                0x00001cb0                BLE_DP0_IRQHandler
 .text.BLE_DP1_IRQHandler
                0x00001cb8        0x8 ./startup/startup_jn5189.o
                0x00001cb8                BLE_DP1_IRQHandler
 .text.BLE_DP2_IRQHandler
                0x00001cc0        0x8 ./startup/startup_jn5189.o
                0x00001cc0                BLE_DP2_IRQHandler
 .text.BLE_LL_ALL_IRQHandler
                0x00001cc8        0x8 ./startup/startup_jn5189.o
                0x00001cc8                BLE_LL_ALL_IRQHandler
 .text.RFP_TMU_IRQHandler
                0x00001cd0        0x8 ./startup/startup_jn5189.o
                0x00001cd0                RFP_TMU_IRQHandler
 .text.RFP_AGC_IRQHandler
                0x00001cd8        0x8 ./startup/startup_jn5189.o
                0x00001cd8                RFP_AGC_IRQHandler
 .text.ISO7816_IRQHandler
                0x00001ce0        0x8 ./startup/startup_jn5189.o
                0x00001ce0                ISO7816_IRQHandler
 .text.ANA_COMP_IRQHandler
                0x00001ce8        0x8 ./startup/startup_jn5189.o
                0x00001ce8                ANA_COMP_IRQHandler
 .text.WAKE_UP_TIMER0_IRQHandler
                0x00001cf0        0x8 ./startup/startup_jn5189.o
                0x00001cf0                WAKE_UP_TIMER0_IRQHandler
 .text.WAKE_UP_TIMER1_IRQHandler
                0x00001cf8        0x8 ./startup/startup_jn5189.o
                0x00001cf8                WAKE_UP_TIMER1_IRQHandler
 .text.PVTVF0_AMBER_IRQHandler
                0x00001d00        0x8 ./startup/startup_jn5189.o
                0x00001d00                PVTVF0_AMBER_IRQHandler
 .text.PVTVF0_RED_IRQHandler
                0x00001d08        0x8 ./startup/startup_jn5189.o
                0x00001d08                PVTVF0_RED_IRQHandler
 .text.PVTVF1_AMBER_IRQHandler
                0x00001d10        0x8 ./startup/startup_jn5189.o
                0x00001d10                PVTVF1_AMBER_IRQHandler
 .text.PVTVF1_RED_IRQHandler
                0x00001d18        0x8 ./startup/startup_jn5189.o
                0x00001d18                PVTVF1_RED_IRQHandler
 .text.BLE_WAKE_UP_TIMER_IRQHandler
                0x00001d20        0x8 ./startup/startup_jn5189.o
                0x00001d20                BLE_WAKE_UP_TIMER_IRQHandler
 .text.SHA_IRQHandler
                0x00001d28        0x8 ./startup/startup_jn5189.o
                0x00001d28                SHA_IRQHandler
 .text.HardFault_Handler
                0x00001d30       0x2c ./source/semihost_hardfault.o
                0x00001d30                HardFault_Handler
 .text.USART_GetStatusFlags
                0x00001d5c       0x18 ./source/usart_dma_transfer.o
 .text.USART_WriteByte
                0x00001d74       0x1e ./source/usart_dma_transfer.o
 .text.USART_ReadByte
                0x00001d92       0x1a ./source/usart_dma_transfer.o
 .text.CLOCK_GetFRGClock
                0x00001dac       0x64 ./drivers/fsl_clock.o
                0x00001dac                CLOCK_GetFRGClock
 .text.CLOCK_GetCoreSysClkFreq
                0x00001e10       0x1e ./drivers/fsl_clock.o
                0x00001e10                CLOCK_GetCoreSysClkFreq
 .text.CLOCK_GetOsc32kFreq
                0x00001e2e       0x32 ./drivers/fsl_clock.o
                0x00001e2e                CLOCK_GetOsc32kFreq
 .text.CLOCK_GetOsc32MFreq
                0x00001e60       0x32 ./drivers/fsl_clock.o
                0x00001e60                CLOCK_GetOsc32MFreq
 .text.CLOCK_u8OscCapConvert
                0x00001e92       0x5c ./drivers/fsl_clock.o
 .text.DelayLoopN
                0x00001eee       0x22 ./drivers/fsl_clock.o
                0x00001eee                DelayLoopN
 .text.DMA_GetVirtualStartChannel
                0x00001f10       0x40 ./drivers/fsl_dma.o
 .text.FLEXCOMM_PeripheralIsPresent
                0x00001f50       0x62 ./drivers/fsl_flexcomm.o
 .text.FLEXCOMM_SetPeriph
                0x00001fb2       0x74 ./drivers/fsl_flexcomm.o
 .text.RESET_PeripheralReset
                0x00002026       0x1c ./drivers/fsl_reset.o
                0x00002026                RESET_PeripheralReset
 .text.USART_EnableContinuousSCLK
                0x00002042       0x36 ./drivers/fsl_usart.o
 .text.CLOCK_GetOsc32kFreq
                0x00002078       0x32 ./device/system_JN5189.o
 .text.__main   0x000020aa        0xe c:/nxp/mcuxpressoide_11.7.1_9221/ide/plugins/com.nxp.mcuxpresso.tools.win32_11.7.1.202301190959/tools/bin/../lib/gcc/arm-none-eabi/10.3.1/../../../../arm-none-eabi/lib/thumb/v7e-m/nofp\libcr_nohost_nf.a(_cr__main.o)
                0x000020aa                __main
 .text.__sys_appexit
                0x000020b8        0x2 c:/nxp/mcuxpressoide_11.7.1_9221/ide/plugins/com.nxp.mcuxpresso.tools.win32_11.7.1.202301190959/tools/bin/../lib/gcc/arm-none-eabi/10.3.1/../../../../arm-none-eabi/lib/thumb/v7e-m/nofp\libcr_nohost_nf.a(__sys_appexit.o)
                0x000020b8                __sys_appexit
                0x000020b8                __exit
 .text.memset   0x000020ba        0x4 c:/nxp/mcuxpressoide_11.7.1_9221/ide/plugins/com.nxp.mcuxpresso.tools.win32_11.7.1.202301190959/tools/bin/../lib/gcc/arm-none-eabi/10.3.1/../../../../arm-none-eabi/lib/thumb/v7e-m/nofp\libcr_c.a(memset.o)
                0x000020ba                memset
 .text._deferredlazyseek
                0x000020be       0x40 c:/nxp/mcuxpressoide_11.7.1_9221/ide/plugins/com.nxp.mcuxpresso.tools.win32_11.7.1.202301190959/tools/bin/../lib/gcc/arm-none-eabi/10.3.1/../../../../arm-none-eabi/lib/thumb/v7e-m/nofp\libcr_c.a(_deferredlazyseek.o)
                0x000020be                _deferredlazyseek
 .text.__flsbuf
                0x000020fe      0x140 c:/nxp/mcuxpressoide_11.7.1_9221/ide/plugins/com.nxp.mcuxpresso.tools.win32_11.7.1.202301190959/tools/bin/../lib/gcc/arm-none-eabi/10.3.1/../../../../arm-none-eabi/lib/thumb/v7e-m/nofp\libcr_c.a(_deferredlazyseek.o)
                0x000020fe                __flsbuf
 .text._fflush  0x0000223e       0x52 c:/nxp/mcuxpressoide_11.7.1_9221/ide/plugins/com.nxp.mcuxpresso.tools.win32_11.7.1.202301190959/tools/bin/../lib/gcc/arm-none-eabi/10.3.1/../../../../arm-none-eabi/lib/thumb/v7e-m/nofp\libcr_c.a(_fflush.o)
                0x0000223e                _fflush
 .text.free     0x00002290       0x30 c:/nxp/mcuxpressoide_11.7.1_9221/ide/plugins/com.nxp.mcuxpresso.tools.win32_11.7.1.202301190959/tools/bin/../lib/gcc/arm-none-eabi/10.3.1/../../../../arm-none-eabi/lib/thumb/v7e-m/nofp\libcr_c.a(alloc.o)
                0x00002290                free
 .text.fputs    0x000022c0       0x2c c:/nxp/mcuxpressoide_11.7.1_9221/ide/plugins/com.nxp.mcuxpresso.tools.win32_11.7.1.202301190959/tools/bin/../lib/gcc/arm-none-eabi/10.3.1/../../../../arm-none-eabi/lib/thumb/v7e-m/nofp\libcr_c.a(fputs.o)
                0x000022c0                fputs
 .text.setvbuf  0x000022ec       0x3e c:/nxp/mcuxpressoide_11.7.1_9221/ide/plugins/com.nxp.mcuxpresso.tools.win32_11.7.1.202301190959/tools/bin/../lib/gcc/arm-none-eabi/10.3.1/../../../../arm-none-eabi/lib/thumb/v7e-m/nofp\libcr_c.a(setvbuf.o)
                0x000022ec                setvbuf
 .text.strlen   0x0000232a       0x48 c:/nxp/mcuxpressoide_11.7.1_9221/ide/plugins/com.nxp.mcuxpresso.tools.win32_11.7.1.202301190959/tools/bin/../lib/gcc/arm-none-eabi/10.3.1/../../../../arm-none-eabi/lib/thumb/v7e-m/nofp\libcr_c.a(strlen.o)
                0x0000232a                strlen
 .text._fdopen  0x00002372       0x68 c:/nxp/mcuxpressoide_11.7.1_9221/ide/plugins/com.nxp.mcuxpresso.tools.win32_11.7.1.202301190959/tools/bin/../lib/gcc/arm-none-eabi/10.3.1/../../../../arm-none-eabi/lib/thumb/v7e-m/nofp\libcr_c.a(_fdopen.o)
                0x00002372                _fdopen
 .text.fclose   0x000023da       0x58 c:/nxp/mcuxpressoide_11.7.1_9221/ide/plugins/com.nxp.mcuxpresso.tools.win32_11.7.1.202301190959/tools/bin/../lib/gcc/arm-none-eabi/10.3.1/../../../../arm-none-eabi/lib/thumb/v7e-m/nofp\libcr_c.a(fclose.o)
                0x000023da                fclose
 .text.remove   0x00002432       0x14 c:/nxp/mcuxpressoide_11.7.1_9221/ide/plugins/com.nxp.mcuxpresso.tools.win32_11.7.1.202301190959/tools/bin/../lib/gcc/arm-none-eabi/10.3.1/../../../../arm-none-eabi/lib/thumb/v7e-m/nofp\libcr_c.a(remove.o)
                0x00002432                remove
 .text._do_fflush
                0x00002446       0x40 c:/nxp/mcuxpressoide_11.7.1_9221/ide/plugins/com.nxp.mcuxpresso.tools.win32_11.7.1.202301190959/tools/bin/../lib/gcc/arm-none-eabi/10.3.1/../../../../arm-none-eabi/lib/thumb/v7e-m/nofp\libcr_c.a(_do_fflush.o)
                0x00002446                _do_fflush
 .text.__aeabi_division_uldivmod
                0x00002486      0x174 c:/nxp/mcuxpressoide_11.7.1_9221/ide/plugins/com.nxp.mcuxpresso.tools.win32_11.7.1.202301190959/tools/bin/../lib/gcc/arm-none-eabi/10.3.1/thumb/v7e-m/nofp\libcr_eabihelpers.a(division_64.o)
                0x00002486                __aeabi_uldivmod
                0x0000248a                __bhs_ldivmod1
 .text.__aeabi_division_idiv0
                0x000025fa        0x2 c:/nxp/mcuxpressoide_11.7.1_9221/ide/plugins/com.nxp.mcuxpresso.tools.win32_11.7.1.202301190959/tools/bin/../lib/gcc/arm-none-eabi/10.3.1/thumb/v7e-m/nofp\libcr_eabihelpers.a(division_idiv0.o)
                0x000025fa                __aeabi_idiv0
 .text.__aeabi_memset_lowlevel
                0x000025fc       0x32 c:/nxp/mcuxpressoide_11.7.1_9221/ide/plugins/com.nxp.mcuxpresso.tools.win32_11.7.1.202301190959/tools/bin/../lib/gcc/arm-none-eabi/10.3.1/thumb/v7e-m/nofp\libcr_eabihelpers.a(memcpy.o)
                0x000025fc                __aeabi_lowlevel_memset
 .text.__sys_close
                0x0000262e        0x6 c:/nxp/mcuxpressoide_11.7.1_9221/ide/plugins/com.nxp.mcuxpresso.tools.win32_11.7.1.202301190959/tools/bin/../lib/gcc/arm-none-eabi/10.3.1/../../../../arm-none-eabi/lib/thumb/v7e-m/nofp\libcr_nohost_nf.a(__sys_close.o)
                0x0000262e                __sys_close
 .text.__sys_flen
                0x00002634        0x6 c:/nxp/mcuxpressoide_11.7.1_9221/ide/plugins/com.nxp.mcuxpresso.tools.win32_11.7.1.202301190959/tools/bin/../lib/gcc/arm-none-eabi/10.3.1/../../../../arm-none-eabi/lib/thumb/v7e-m/nofp\libcr_nohost_nf.a(__sys_flen.o)
                0x00002634                __sys_flen
 .text.__sys_istty
                0x0000263a        0x6 c:/nxp/mcuxpressoide_11.7.1_9221/ide/plugins/com.nxp.mcuxpresso.tools.win32_11.7.1.202301190959/tools/bin/../lib/gcc/arm-none-eabi/10.3.1/../../../../arm-none-eabi/lib/thumb/v7e-m/nofp\libcr_nohost_nf.a(__sys_istty.o)
                0x0000263a                __sys_istty
 .text.__sys_remove
                0x00002640        0x6 c:/nxp/mcuxpressoide_11.7.1_9221/ide/plugins/com.nxp.mcuxpresso.tools.win32_11.7.1.202301190959/tools/bin/../lib/gcc/arm-none-eabi/10.3.1/../../../../arm-none-eabi/lib/thumb/v7e-m/nofp\libcr_nohost_nf.a(__sys_remove.o)
                0x00002640                __sys_remove
 .text.__sys_seek
                0x00002646        0x6 c:/nxp/mcuxpressoide_11.7.1_9221/ide/plugins/com.nxp.mcuxpresso.tools.win32_11.7.1.202301190959/tools/bin/../lib/gcc/arm-none-eabi/10.3.1/../../../../arm-none-eabi/lib/thumb/v7e-m/nofp\libcr_nohost_nf.a(__sys_seek.o)
                0x00002646                __sys_seek
 .text.__sys_tmpnam
                0x0000264c        0x6 c:/nxp/mcuxpressoide_11.7.1_9221/ide/plugins/com.nxp.mcuxpresso.tools.win32_11.7.1.202301190959/tools/bin/../lib/gcc/arm-none-eabi/10.3.1/../../../../arm-none-eabi/lib/thumb/v7e-m/nofp\libcr_nohost_nf.a(__sys_tmpnam.o)
                0x0000264c                __sys_tmpnam
 .text.__sys_write
                0x00002652        0x4 c:/nxp/mcuxpressoide_11.7.1_9221/ide/plugins/com.nxp.mcuxpresso.tools.win32_11.7.1.202301190959/tools/bin/../lib/gcc/arm-none-eabi/10.3.1/../../../../arm-none-eabi/lib/thumb/v7e-m/nofp\libcr_nohost_nf.a(__sys_write.o)
                0x00002652                __sys_write
 *(SORT_BY_ALIGNMENT(.rodata) SORT_BY_ALIGNMENT(.rodata.*) SORT_BY_ALIGNMENT(.constdata) SORT_BY_ALIGNMENT(.constdata.*))
 *fill*         0x00002656        0x2 ff
 .rodata.CLOCK_XtalBasicTrim.str1.4
                0x00002658       0x2f ./drivers/fsl_clock.o
 *fill*         0x00002687        0x1 ff
 .rodata.CLOCK_Xtal32M_Trim.str1.4
                0x00002688       0x84 ./drivers/fsl_clock.o
 .rodata.DMA_GetInstance.str1.4
                0x0000270c       0x31 ./drivers/fsl_dma.o
 *fill*         0x0000273d        0x3 ff
 .rodata.s_flexcommBaseAddrs
                0x00002740       0x1c ./drivers/fsl_flexcomm.o
 .rodata.s_flexcommClocks
                0x0000275c       0x1c ./drivers/fsl_flexcomm.o
 .rodata.s_flexcommResets
                0x00002778       0x1c ./drivers/fsl_flexcomm.o
 .rodata.FLEXCOMM_GetInstance.str1.4
                0x00002794       0x1a ./drivers/fsl_flexcomm.o
 *fill*         0x000027ae        0x2 ff
 .rodata.FLEXCOMM0_DriverIRQHandler.str1.4
                0x000027b0       0x2d ./drivers/fsl_flexcomm.o
 *fill*         0x000027dd        0x3 ff
 .rodata.FLEXCOMM1_DriverIRQHandler.str1.4
                0x000027e0       0x2d ./drivers/fsl_flexcomm.o
 *fill*         0x0000280d        0x3 ff
 .rodata.FLEXCOMM2_DriverIRQHandler.str1.4
                0x00002810       0x2d ./drivers/fsl_flexcomm.o
 *fill*         0x0000283d        0x3 ff
 .rodata.FLEXCOMM3_DriverIRQHandler.str1.4
                0x00002840       0x2d ./drivers/fsl_flexcomm.o
 *fill*         0x0000286d        0x3 ff
 .rodata.FLEXCOMM4_DriverIRQHandler.str1.4
                0x00002870       0x2d ./drivers/fsl_flexcomm.o
 *fill*         0x0000289d        0x3 ff
 .rodata.FLEXCOMM5_DriverIRQHandler.str1.4
                0x000028a0       0x2d ./drivers/fsl_flexcomm.o
 *fill*         0x000028cd        0x3 ff
 .rodata.FLEXCOMM6_DriverIRQHandler.str1.4
                0x000028d0       0x2d ./drivers/fsl_flexcomm.o
 *fill*         0x000028fd        0x3 ff
 .rodata.RESET_SetPeripheralReset.str1.4
                0x00002900       0x1e ./drivers/fsl_reset.o
 *fill*         0x0000291e        0x2 ff
 .rodata.RESET_ClearPeripheralReset.str1.4
                0x00002920       0x1e ./drivers/fsl_reset.o
 *fill*         0x0000293e        0x2 ff
 .rodata.USART_Init.str1.4
                0x00002940       0x4e ./drivers/fsl_usart.o
 *fill*         0x0000298e        0x2 ff
 .rodata.USART_GetDefaultConfig.str1.4
                0x00002990       0x21 ./drivers/fsl_usart.o
 *fill*         0x000029b1        0x3 ff
 .rodata.USART_SetBaudRate.str1.4
                0x000029b4       0x51 ./drivers/fsl_usart.o
 *fill*         0x00002a05        0x3 ff
 .rodata.BOARD_Clock32MCapacitanceCharacteristics
                0x00002a08        0xc ./board/board_utility.o
                0x00002a08                BOARD_Clock32MCapacitanceCharacteristics
 .rodata.__num_Ciob_streams
                0x00002a14        0x4 c:/nxp/mcuxpressoide_11.7.1_9221/ide/plugins/com.nxp.mcuxpresso.tools.win32_11.7.1.202301190959/tools/bin/../lib/gcc/arm-none-eabi/10.3.1/../../../../arm-none-eabi/lib/thumb/v7e-m/nofp\libcr_nohost_nf.a(__ciob.o)
                0x00002a14                __num_Ciob_streams
 .rodata.__assertion_failed.str1.1
                0x00002a18       0x15 c:/nxp/mcuxpressoide_11.7.1_9221/ide/plugins/com.nxp.mcuxpresso.tools.win32_11.7.1.202301190959/tools/bin/../lib/gcc/arm-none-eabi/10.3.1/../../../../arm-none-eabi/lib/thumb/v7e-m/nofp\libcr_nohost_nf.a(_cr_assert.o)
 .rodata._Csys_alloc.str1.1
                0x00002a2d       0x18 c:/nxp/mcuxpressoide_11.7.1_9221/ide/plugins/com.nxp.mcuxpresso.tools.win32_11.7.1.202301190959/tools/bin/../lib/gcc/arm-none-eabi/10.3.1/../../../../arm-none-eabi/lib/thumb/v7e-m/nofp\libcr_c.a(alloc.o)
 .rodata._initio.str1.1
                0x00002a45        0x4 c:/nxp/mcuxpressoide_11.7.1_9221/ide/plugins/com.nxp.mcuxpresso.tools.win32_11.7.1.202301190959/tools/bin/../lib/gcc/arm-none-eabi/10.3.1/../../../../arm-none-eabi/lib/thumb/v7e-m/nofp\libcr_c.a(initio.o)
                0x00002a4c                . = ALIGN (0x4)
 *fill*         0x00002a49        0x3 ff

.glue_7         0x00002a4c        0x0
 .glue_7        0x00002a4c        0x0 linker stubs

.glue_7t        0x00002a4c        0x0
 .glue_7t       0x00002a4c        0x0 linker stubs

.vfp11_veneer   0x00002a4c        0x0
 .vfp11_veneer  0x00002a4c        0x0 linker stubs

.v4_bx          0x00002a4c        0x0
 .v4_bx         0x00002a4c        0x0 linker stubs

.iplt           0x00002a4c        0x0
 .iplt          0x00002a4c        0x0 ./startup/startup_jn5189.o

.rel.dyn        0x00002a4c        0x0
 .rel.iplt      0x00002a4c        0x0 ./startup/startup_jn5189.o

.ARM.extab
 *(SORT_BY_ALIGNMENT(.ARM.extab*) SORT_BY_ALIGNMENT(.gnu.linkonce.armextab.*))

.ARM.exidx      0x00002a4c        0x0
                0x00002a4c                __exidx_start = .
 *(SORT_BY_ALIGNMENT(.ARM.exidx*) SORT_BY_ALIGNMENT(.gnu.linkonce.armexidx.*))
                0x00002a4c                __exidx_end = .
                0x00002a4c                _etext = .

.data_RAM2      0x04020000        0x0 load address 0x00002a4c
 FILL mask 0xff
                [!provide]                PROVIDE (__start_data_RAM2 = .)
                [!provide]                PROVIDE (__start_data_SRAM1 = .)
 *(SORT_BY_ALIGNMENT(.ramfunc.$RAM2))
 *(SORT_BY_ALIGNMENT(.ramfunc.$SRAM1))
 *(SORT_BY_ALIGNMENT(.data.$RAM2))
 *(SORT_BY_ALIGNMENT(.data.$SRAM1))
 *(SORT_BY_ALIGNMENT(.data.$RAM2.*))
 *(SORT_BY_ALIGNMENT(.data.$SRAM1.*))
                0x04020000                . = ALIGN (0x4)
                [!provide]                PROVIDE (__end_data_RAM2 = .)
                [!provide]                PROVIDE (__end_data_SRAM1 = .)

.uninit_RESERVED
                0x04000000        0x0
                0x04000000                _start_uninit_RESERVED = .
 *(SORT_BY_ALIGNMENT(.bss.$RESERVED*))
                0x04000000                . = ALIGN (0x4)
                0x04000000                _end_uninit_RESERVED = .

.data           0x04000000        0x4 load address 0x00002a4c
 FILL mask 0xff
                0x04000000                _data = .
                [!provide]                PROVIDE (__start_data_RAM = .)
                [!provide]                PROVIDE (__start_data_SRAM = .)
 *(SORT_BY_ALIGNMENT(vtable))
 *(SORT_BY_ALIGNMENT(.ramfunc*))
 *(SORT_BY_ALIGNMENT(CodeQuickAccess))
 *(SORT_BY_ALIGNMENT(DataQuickAccess))
 *(SORT_BY_ALIGNMENT(RamFunction))
 *(SORT_BY_ALIGNMENT(.data*))
 .data.SystemCoreClock
                0x04000000        0x4 ./device/system_JN5189.o
                0x04000000                SystemCoreClock
                0x04000004                . = ALIGN (0x4)
                0x04000004                _edata = .
                [!provide]                PROVIDE (__end_data_RAM = .)
                [!provide]                PROVIDE (__end_data_SRAM = .)

.igot.plt       0x04000004        0x0 load address 0x00002a50
 .igot.plt      0x04000004        0x0 ./startup/startup_jn5189.o

.bss_RAM2       0x04020000        0x0
                [!provide]                PROVIDE (__start_bss_RAM2 = .)
                [!provide]                PROVIDE (__start_bss_SRAM1 = .)
 *(SORT_BY_ALIGNMENT(.bss.$RAM2))
 *(SORT_BY_ALIGNMENT(.bss.$SRAM1))
 *(SORT_BY_ALIGNMENT(.bss.$RAM2.*))
 *(SORT_BY_ALIGNMENT(.bss.$SRAM1.*))
                0x04020000                . = ALIGN ((. != 0x0)?0x4:0x1)
                [!provide]                PROVIDE (__end_bss_RAM2 = .)
                [!provide]                PROVIDE (__end_bss_SRAM1 = .)

.bss            0x04000004      0x154
                0x04000004                _bss = .
                [!provide]                PROVIDE (__start_bss_RAM = .)
                [!provide]                PROVIDE (__start_bss_SRAM = .)
 *(SORT_BY_ALIGNMENT(.bss*))
 .bss.g_config  0x04000004       0x10 ./source/usart_dma_transfer.o
                0x04000004                g_config
 .bss.s_DMAHandle
                0x04000014       0x4c ./drivers/fsl_dma.o
 .bss.s_flexcommIrqHandler
                0x04000060       0x1c ./drivers/fsl_flexcomm.o
 .bss.s_flexcommHandle
                0x0400007c       0x1c ./drivers/fsl_flexcomm.o
 .bss.__Ciob    0x04000098       0xb4 c:/nxp/mcuxpressoide_11.7.1_9221/ide/plugins/com.nxp.mcuxpresso.tools.win32_11.7.1.202301190959/tools/bin/../lib/gcc/arm-none-eabi/10.3.1/../../../../arm-none-eabi/lib/thumb/v7e-m/nofp\libcr_nohost_nf.a(__ciob.o)
                0x04000098                __Ciob
 .bss.__end_of_heap
                0x0400014c        0x4 c:/nxp/mcuxpressoide_11.7.1_9221/ide/plugins/com.nxp.mcuxpresso.tools.win32_11.7.1.202301190959/tools/bin/../lib/gcc/arm-none-eabi/10.3.1/../../../../arm-none-eabi/lib/thumb/v7e-m/nofp\libcr_c.a(__init_alloc.o)
                0x0400014c                __end_of_heap
 .bss.__heaps   0x04000150        0x4 c:/nxp/mcuxpressoide_11.7.1_9221/ide/plugins/com.nxp.mcuxpresso.tools.win32_11.7.1.202301190959/tools/bin/../lib/gcc/arm-none-eabi/10.3.1/../../../../arm-none-eabi/lib/thumb/v7e-m/nofp\libcr_c.a(__init_alloc.o)
                0x04000150                __heaps
 .bss.errno     0x04000154        0x4 c:/nxp/mcuxpressoide_11.7.1_9221/ide/plugins/com.nxp.mcuxpresso.tools.win32_11.7.1.202301190959/tools/bin/../lib/gcc/arm-none-eabi/10.3.1/../../../../arm-none-eabi/lib/thumb/v7e-m/nofp\libcr_c.a(errno.o)
                0x04000154                errno
 *(SORT_BY_ALIGNMENT(COMMON))
                0x04000158                . = ALIGN (0x4)
                0x04000158                _ebss = .
                [!provide]                PROVIDE (__end_bss_RAM = .)
                [!provide]                PROVIDE (__end_bss_SRAM = .)
                [!provide]                PROVIDE (end = .)

.noinit_RAM2    0x04020000        0x0
                [!provide]                PROVIDE (__start_noinit_RAM2 = .)
                [!provide]                PROVIDE (__start_noinit_SRAM1 = .)
 *(SORT_BY_ALIGNMENT(.noinit.$RAM2))
 *(SORT_BY_ALIGNMENT(.noinit.$SRAM1))
 *(SORT_BY_ALIGNMENT(.noinit.$RAM2.*))
 *(SORT_BY_ALIGNMENT(.noinit.$SRAM1.*))
                0x04020000                . = ALIGN (0x4)
                [!provide]                PROVIDE (__end_noinit_RAM2 = .)
                [!provide]                PROVIDE (__end_noinit_SRAM1 = .)

.noinit         0x04000158        0x0
                0x04000158                _noinit = .
                [!provide]                PROVIDE (__start_noinit_RAM = .)
                [!provide]                PROVIDE (__start_noinit_SRAM = .)
 *(SORT_BY_ALIGNMENT(.noinit*))
                0x04000158                . = ALIGN (0x4)
                0x04000158                _end_noinit = .
                [!provide]                PROVIDE (__end_noinit_RAM = .)
                [!provide]                PROVIDE (__end_noinit_SRAM = .)
                0x00001000                _HeapSize = 0x1000

.heap           0x04000158     0x1000
                0x04000158                _pvHeapStart = .
                0x04001158                . = (. + _HeapSize)
 *fill*         0x04000158     0x1000 
                0x04001158                . = ALIGN (0x4)
                0x04001158                _pvHeapLimit = .
                0x00001000                _StackSize = 0x1000

.heap2stackfill
                0x04001158     0x1000
                0x04002158                . = (. + _StackSize)
 *fill*         0x04001158     0x1000 

.stack          0x04014fe0        0x0
                0x04014fe0                _vStackBase = .
                0x04014fe0                . = ALIGN (0x4)
                0x04015fe0                _vStackTop = (. + _StackSize)
                0x00000000                _image_start = LOADADDR (.text)
                0x00002a50                _image_end = (LOADADDR (.data) + SIZEOF (.data))
                0x00002a50                _image_size = (_image_end - _image_start)
OUTPUT(jn5189dk6_usart_transfer_study.axf elf32-littlearm)
LOAD linker stubs

.debug_info     0x00000000     0xd5ff
 .debug_info    0x00000000     0x13a9 ./startup/startup_jn5189.o
 .debug_info    0x000013a9       0x3c ./source/semihost_hardfault.o
 .debug_info    0x000013e5     0x140e ./source/usart_dma_transfer.o
 .debug_info    0x000027f3     0x2139 ./drivers/fsl_clock.o
 .debug_info    0x0000492c     0x2657 ./drivers/fsl_dma.o
 .debug_info    0x00006f83     0x16af ./drivers/fsl_flexcomm.o
 .debug_info    0x00008632      0xeac ./drivers/fsl_reset.o
 .debug_info    0x000094de     0x1f39 ./drivers/fsl_usart.o
 .debug_info    0x0000b417     0x10e0 ./device/system_JN5189.o
 .debug_info    0x0000c4f7     0x1108 ./board/board_utility.o

.debug_abbrev   0x00000000     0x1603
 .debug_abbrev  0x00000000      0x23b ./startup/startup_jn5189.o
 .debug_abbrev  0x0000023b       0x31 ./source/semihost_hardfault.o
 .debug_abbrev  0x0000026c      0x20e ./source/usart_dma_transfer.o
 .debug_abbrev  0x0000047a      0x34f ./drivers/fsl_clock.o
 .debug_abbrev  0x000007c9      0x339 ./drivers/fsl_dma.o
 .debug_abbrev  0x00000b02      0x259 ./drivers/fsl_flexcomm.o
 .debug_abbrev  0x00000d5b      0x19d ./drivers/fsl_reset.o
 .debug_abbrev  0x00000ef8      0x368 ./drivers/fsl_usart.o
 .debug_abbrev  0x00001260      0x212 ./device/system_JN5189.o
 .debug_abbrev  0x00001472      0x191 ./board/board_utility.o

.debug_aranges  0x00000000      0x768
 .debug_aranges
                0x00000000      0x238 ./startup/startup_jn5189.o
 .debug_aranges
                0x00000238       0x20 ./source/semihost_hardfault.o
 .debug_aranges
                0x00000258       0x38 ./source/usart_dma_transfer.o
 .debug_aranges
                0x00000290      0x158 ./drivers/fsl_clock.o
 .debug_aranges
                0x000003e8      0x120 ./drivers/fsl_dma.o
 .debug_aranges
                0x00000508       0x78 ./drivers/fsl_flexcomm.o
 .debug_aranges
                0x00000580       0x50 ./drivers/fsl_reset.o
 .debug_aranges
                0x000005d0       0xe0 ./drivers/fsl_usart.o
 .debug_aranges
                0x000006b0       0x78 ./device/system_JN5189.o
 .debug_aranges
                0x00000728       0x40 ./board/board_utility.o

.debug_ranges   0x00000000      0x6c8
 .debug_ranges  0x00000000      0x228 ./startup/startup_jn5189.o
 .debug_ranges  0x00000228       0x10 ./source/semihost_hardfault.o
 .debug_ranges  0x00000238       0x28 ./source/usart_dma_transfer.o
 .debug_ranges  0x00000260      0x148 ./drivers/fsl_clock.o
 .debug_ranges  0x000003a8      0x110 ./drivers/fsl_dma.o
 .debug_ranges  0x000004b8       0x68 ./drivers/fsl_flexcomm.o
 .debug_ranges  0x00000520       0x40 ./drivers/fsl_reset.o
 .debug_ranges  0x00000560       0xd0 ./drivers/fsl_usart.o
 .debug_ranges  0x00000630       0x68 ./device/system_JN5189.o
 .debug_ranges  0x00000698       0x30 ./board/board_utility.o

.debug_macro    0x00000000     0x1bdf
 .debug_macro   0x00000000      0x133 ./startup/startup_jn5189.o
 .debug_macro   0x00000133       0x34 ./startup/startup_jn5189.o
 .debug_macro   0x00000167       0x10 ./startup/startup_jn5189.o
 .debug_macro   0x00000177       0x16 ./startup/startup_jn5189.o
 .debug_macro   0x0000018d       0x40 ./startup/startup_jn5189.o
 .debug_macro   0x000001cd       0x28 ./startup/startup_jn5189.o
 .debug_macro   0x000001f5       0x5e ./startup/startup_jn5189.o
 .debug_macro   0x00000253       0x10 ./startup/startup_jn5189.o
 .debug_macro   0x00000263       0x11 ./source/semihost_hardfault.o
 .debug_macro   0x00000274      0x1af ./source/usart_dma_transfer.o
 .debug_macro   0x00000423       0x10 ./source/usart_dma_transfer.o
 .debug_macro   0x00000433       0x1c ./source/usart_dma_transfer.o
 .debug_macro   0x0000044f      0x5aa ./source/usart_dma_transfer.o
 .debug_macro   0x000009f9      0x25f ./source/usart_dma_transfer.o
 .debug_macro   0x00000c58       0x10 ./source/usart_dma_transfer.o
 .debug_macro   0x00000c68      0x160 ./source/usart_dma_transfer.o
 .debug_macro   0x00000dc8      0x188 ./source/usart_dma_transfer.o
 .debug_macro   0x00000f50       0x1c ./source/usart_dma_transfer.o
 .debug_macro   0x00000f6c       0x40 ./source/usart_dma_transfer.o
 .debug_macro   0x00000fac       0xee ./source/usart_dma_transfer.o
 .debug_macro   0x0000109a      0x18a ./drivers/fsl_clock.o
 .debug_macro   0x00001224       0xbe ./drivers/fsl_clock.o
 .debug_macro   0x000012e2       0x52 ./drivers/fsl_clock.o
 .debug_macro   0x00001334      0x132 ./drivers/fsl_dma.o
 .debug_macro   0x00001466       0x6a ./drivers/fsl_dma.o
 .debug_macro   0x000014d0      0x12c ./drivers/fsl_flexcomm.o
 .debug_macro   0x000015fc       0x10 ./drivers/fsl_flexcomm.o
 .debug_macro   0x0000160c      0x14b ./drivers/fsl_reset.o
 .debug_macro   0x00001757      0x13b ./drivers/fsl_usart.o
 .debug_macro   0x00001892       0x16 ./drivers/fsl_usart.o
 .debug_macro   0x000018a8      0x148 ./device/system_JN5189.o
 .debug_macro   0x000019f0       0x16 ./device/system_JN5189.o
 .debug_macro   0x00001a06      0x1c9 ./board/board_utility.o
 .debug_macro   0x00001bcf       0x10 ./board/board_utility.o

.debug_line     0x00000000     0x4c4e
 .debug_line    0x00000000      0xa5b ./startup/startup_jn5189.o
 .debug_line    0x00000a5b       0x59 ./source/semihost_hardfault.o
 .debug_line    0x00000ab4      0x48d ./source/usart_dma_transfer.o
 .debug_line    0x00000f41      0xe19 ./drivers/fsl_clock.o
 .debug_line    0x00001d5a      0xd41 ./drivers/fsl_dma.o
 .debug_line    0x00002a9b      0x591 ./drivers/fsl_flexcomm.o
 .debug_line    0x0000302c      0x4c9 ./drivers/fsl_reset.o
 .debug_line    0x000034f5      0xd3d ./drivers/fsl_usart.o
 .debug_line    0x00004232      0x4f5 ./device/system_JN5189.o
 .debug_line    0x00004727      0x527 ./board/board_utility.o

.debug_str      0x00000000    0x71603
 .debug_str     0x00000000    0x661f7 ./startup/startup_jn5189.o
                              0x663f8 (size before relaxing)
 .debug_str     0x000661f7       0x1f ./source/semihost_hardfault.o
                               0x2d6c (size before relaxing)
 .debug_str     0x00066216     0x76de ./source/usart_dma_transfer.o
                              0x6cdf8 (size before relaxing)
 .debug_str     0x0006d8f4     0x12c3 ./drivers/fsl_clock.o
                              0x688f9 (size before relaxing)
 .debug_str     0x0006ebb7     0x1963 ./drivers/fsl_dma.o
                              0x68e8c (size before relaxing)
 .debug_str     0x0007051a      0x2e5 ./drivers/fsl_flexcomm.o
                              0x67df4 (size before relaxing)
 .debug_str     0x000707ff      0x13a ./drivers/fsl_reset.o
                              0x69421 (size before relaxing)
 .debug_str     0x00070939      0x682 ./drivers/fsl_usart.o
                              0x6829b (size before relaxing)
 .debug_str     0x00070fbb       0xc8 ./device/system_JN5189.o
                              0x66000 (size before relaxing)
 .debug_str     0x00071083      0x580 ./board/board_utility.o
                              0x6cb01 (size before relaxing)

.comment        0x00000000       0x49
 .comment       0x00000000       0x49 ./startup/startup_jn5189.o
                                 0x4a (size before relaxing)
 .comment       0x00000049       0x4a ./source/semihost_hardfault.o
 .comment       0x00000049       0x4a ./source/usart_dma_transfer.o
 .comment       0x00000049       0x4a ./drivers/fsl_clock.o
 .comment       0x00000049       0x4a ./drivers/fsl_dma.o
 .comment       0x00000049       0x4a ./drivers/fsl_flexcomm.o
 .comment       0x00000049       0x4a ./drivers/fsl_reset.o
 .comment       0x00000049       0x4a ./drivers/fsl_usart.o
 .comment       0x00000049       0x4a ./device/system_JN5189.o
 .comment       0x00000049       0x4a ./board/board_utility.o
 .comment       0x00000049       0x4a c:/nxp/mcuxpressoide_11.7.1_9221/ide/plugins/com.nxp.mcuxpresso.tools.win32_11.7.1.202301190959/tools/bin/../lib/gcc/arm-none-eabi/10.3.1/../../../../arm-none-eabi/lib/thumb/v7e-m/nofp\libcr_nohost_nf.a(_cr__main.o)
 .comment       0x00000049       0x4a c:/nxp/mcuxpressoide_11.7.1_9221/ide/plugins/com.nxp.mcuxpresso.tools.win32_11.7.1.202301190959/tools/bin/../lib/gcc/arm-none-eabi/10.3.1/../../../../arm-none-eabi/lib/thumb/v7e-m/nofp\libcr_nohost_nf.a(_cr_assert.o)
 .comment       0x00000049       0x4a c:/nxp/mcuxpressoide_11.7.1_9221/ide/plugins/com.nxp.mcuxpresso.tools.win32_11.7.1.202301190959/tools/bin/../lib/gcc/arm-none-eabi/10.3.1/../../../../arm-none-eabi/lib/thumb/v7e-m/nofp\libcr_nohost_nf.a(__ciob.o)
 .comment       0x00000049       0x4a c:/nxp/mcuxpressoide_11.7.1_9221/ide/plugins/com.nxp.mcuxpresso.tools.win32_11.7.1.202301190959/tools/bin/../lib/gcc/arm-none-eabi/10.3.1/../../../../arm-none-eabi/lib/thumb/v7e-m/nofp\libcr_nohost_nf.a(__sys_appexit.o)
 .comment       0x00000049       0x4a c:/nxp/mcuxpressoide_11.7.1_9221/ide/plugins/com.nxp.mcuxpresso.tools.win32_11.7.1.202301190959/tools/bin/../lib/gcc/arm-none-eabi/10.3.1/../../../../arm-none-eabi/lib/thumb/v7e-m/nofp\libcr_c.a(memset.o)
 .comment       0x00000049       0x4a c:/nxp/mcuxpressoide_11.7.1_9221/ide/plugins/com.nxp.mcuxpresso.tools.win32_11.7.1.202301190959/tools/bin/../lib/gcc/arm-none-eabi/10.3.1/../../../../arm-none-eabi/lib/thumb/v7e-m/nofp\libcr_c.a(_deferredlazyseek.o)
 .comment       0x00000049       0x4a c:/nxp/mcuxpressoide_11.7.1_9221/ide/plugins/com.nxp.mcuxpresso.tools.win32_11.7.1.202301190959/tools/bin/../lib/gcc/arm-none-eabi/10.3.1/../../../../arm-none-eabi/lib/thumb/v7e-m/nofp\libcr_c.a(_fflush.o)
 .comment       0x00000049       0x4a c:/nxp/mcuxpressoide_11.7.1_9221/ide/plugins/com.nxp.mcuxpresso.tools.win32_11.7.1.202301190959/tools/bin/../lib/gcc/arm-none-eabi/10.3.1/../../../../arm-none-eabi/lib/thumb/v7e-m/nofp\libcr_c.a(_writebuf.o)
 .comment       0x00000049       0x4a c:/nxp/mcuxpressoide_11.7.1_9221/ide/plugins/com.nxp.mcuxpresso.tools.win32_11.7.1.202301190959/tools/bin/../lib/gcc/arm-none-eabi/10.3.1/../../../../arm-none-eabi/lib/thumb/v7e-m/nofp\libcr_c.a(alloc.o)
 .comment       0x00000049       0x4a c:/nxp/mcuxpressoide_11.7.1_9221/ide/plugins/com.nxp.mcuxpresso.tools.win32_11.7.1.202301190959/tools/bin/../lib/gcc/arm-none-eabi/10.3.1/../../../../arm-none-eabi/lib/thumb/v7e-m/nofp\libcr_c.a(fputs.o)
 .comment       0x00000049       0x4a c:/nxp/mcuxpressoide_11.7.1_9221/ide/plugins/com.nxp.mcuxpresso.tools.win32_11.7.1.202301190959/tools/bin/../lib/gcc/arm-none-eabi/10.3.1/../../../../arm-none-eabi/lib/thumb/v7e-m/nofp\libcr_c.a(fseek.o)
 .comment       0x00000049       0x4a c:/nxp/mcuxpressoide_11.7.1_9221/ide/plugins/com.nxp.mcuxpresso.tools.win32_11.7.1.202301190959/tools/bin/../lib/gcc/arm-none-eabi/10.3.1/../../../../arm-none-eabi/lib/thumb/v7e-m/nofp\libcr_c.a(ftell.o)
 .comment       0x00000049       0x4a c:/nxp/mcuxpressoide_11.7.1_9221/ide/plugins/com.nxp.mcuxpresso.tools.win32_11.7.1.202301190959/tools/bin/../lib/gcc/arm-none-eabi/10.3.1/../../../../arm-none-eabi/lib/thumb/v7e-m/nofp\libcr_c.a(initio.o)
 .comment       0x00000049       0x4a c:/nxp/mcuxpressoide_11.7.1_9221/ide/plugins/com.nxp.mcuxpresso.tools.win32_11.7.1.202301190959/tools/bin/../lib/gcc/arm-none-eabi/10.3.1/../../../../arm-none-eabi/lib/thumb/v7e-m/nofp\libcr_c.a(setvbuf.o)
 .comment       0x00000049       0x4a c:/nxp/mcuxpressoide_11.7.1_9221/ide/plugins/com.nxp.mcuxpresso.tools.win32_11.7.1.202301190959/tools/bin/../lib/gcc/arm-none-eabi/10.3.1/../../../../arm-none-eabi/lib/thumb/v7e-m/nofp\libcr_c.a(strlen.o)
 .comment       0x00000049       0x4a c:/nxp/mcuxpressoide_11.7.1_9221/ide/plugins/com.nxp.mcuxpresso.tools.win32_11.7.1.202301190959/tools/bin/../lib/gcc/arm-none-eabi/10.3.1/../../../../arm-none-eabi/lib/thumb/v7e-m/nofp\libcr_c.a(__init_alloc.o)
 .comment       0x00000049       0x4a c:/nxp/mcuxpressoide_11.7.1_9221/ide/plugins/com.nxp.mcuxpresso.tools.win32_11.7.1.202301190959/tools/bin/../lib/gcc/arm-none-eabi/10.3.1/../../../../arm-none-eabi/lib/thumb/v7e-m/nofp\libcr_c.a(_cr_sbrk.o)
 .comment       0x00000049       0x4a c:/nxp/mcuxpressoide_11.7.1_9221/ide/plugins/com.nxp.mcuxpresso.tools.win32_11.7.1.202301190959/tools/bin/../lib/gcc/arm-none-eabi/10.3.1/../../../../arm-none-eabi/lib/thumb/v7e-m/nofp\libcr_c.a(_fdopen.o)
 .comment       0x00000049       0x4a c:/nxp/mcuxpressoide_11.7.1_9221/ide/plugins/com.nxp.mcuxpresso.tools.win32_11.7.1.202301190959/tools/bin/../lib/gcc/arm-none-eabi/10.3.1/../../../../arm-none-eabi/lib/thumb/v7e-m/nofp\libcr_c.a(errno.o)
 .comment       0x00000049       0x4a c:/nxp/mcuxpressoide_11.7.1_9221/ide/plugins/com.nxp.mcuxpresso.tools.win32_11.7.1.202301190959/tools/bin/../lib/gcc/arm-none-eabi/10.3.1/../../../../arm-none-eabi/lib/thumb/v7e-m/nofp\libcr_c.a(fclose.o)
 .comment       0x00000049       0x4a c:/nxp/mcuxpressoide_11.7.1_9221/ide/plugins/com.nxp.mcuxpresso.tools.win32_11.7.1.202301190959/tools/bin/../lib/gcc/arm-none-eabi/10.3.1/../../../../arm-none-eabi/lib/thumb/v7e-m/nofp\libcr_c.a(fflush.o)
 .comment       0x00000049       0x4a c:/nxp/mcuxpressoide_11.7.1_9221/ide/plugins/com.nxp.mcuxpresso.tools.win32_11.7.1.202301190959/tools/bin/../lib/gcc/arm-none-eabi/10.3.1/../../../../arm-none-eabi/lib/thumb/v7e-m/nofp\libcr_c.a(remove.o)
 .comment       0x00000049       0x4a c:/nxp/mcuxpressoide_11.7.1_9221/ide/plugins/com.nxp.mcuxpresso.tools.win32_11.7.1.202301190959/tools/bin/../lib/gcc/arm-none-eabi/10.3.1/../../../../arm-none-eabi/lib/thumb/v7e-m/nofp\libcr_c.a(_cr_check_heap.o)
 .comment       0x00000049       0x4a c:/nxp/mcuxpressoide_11.7.1_9221/ide/plugins/com.nxp.mcuxpresso.tools.win32_11.7.1.202301190959/tools/bin/../lib/gcc/arm-none-eabi/10.3.1/../../../../arm-none-eabi/lib/thumb/v7e-m/nofp\libcr_c.a(_do_fflush.o)
 .comment       0x00000049       0x4a c:/nxp/mcuxpressoide_11.7.1_9221/ide/plugins/com.nxp.mcuxpresso.tools.win32_11.7.1.202301190959/tools/bin/../lib/gcc/arm-none-eabi/10.3.1/../../../../arm-none-eabi/lib/thumb/v7e-m/nofp\libcr_nohost_nf.a(__sys_close.o)
 .comment       0x00000049       0x4a c:/nxp/mcuxpressoide_11.7.1_9221/ide/plugins/com.nxp.mcuxpresso.tools.win32_11.7.1.202301190959/tools/bin/../lib/gcc/arm-none-eabi/10.3.1/../../../../arm-none-eabi/lib/thumb/v7e-m/nofp\libcr_nohost_nf.a(__sys_flen.o)
 .comment       0x00000049       0x4a c:/nxp/mcuxpressoide_11.7.1_9221/ide/plugins/com.nxp.mcuxpresso.tools.win32_11.7.1.202301190959/tools/bin/../lib/gcc/arm-none-eabi/10.3.1/../../../../arm-none-eabi/lib/thumb/v7e-m/nofp\libcr_nohost_nf.a(__sys_istty.o)
 .comment       0x00000049       0x4a c:/nxp/mcuxpressoide_11.7.1_9221/ide/plugins/com.nxp.mcuxpresso.tools.win32_11.7.1.202301190959/tools/bin/../lib/gcc/arm-none-eabi/10.3.1/../../../../arm-none-eabi/lib/thumb/v7e-m/nofp\libcr_nohost_nf.a(__sys_remove.o)
 .comment       0x00000049       0x4a c:/nxp/mcuxpressoide_11.7.1_9221/ide/plugins/com.nxp.mcuxpresso.tools.win32_11.7.1.202301190959/tools/bin/../lib/gcc/arm-none-eabi/10.3.1/../../../../arm-none-eabi/lib/thumb/v7e-m/nofp\libcr_nohost_nf.a(__sys_seek.o)
 .comment       0x00000049       0x4a c:/nxp/mcuxpressoide_11.7.1_9221/ide/plugins/com.nxp.mcuxpresso.tools.win32_11.7.1.202301190959/tools/bin/../lib/gcc/arm-none-eabi/10.3.1/../../../../arm-none-eabi/lib/thumb/v7e-m/nofp\libcr_nohost_nf.a(__sys_tmpnam.o)
 .comment       0x00000049       0x4a c:/nxp/mcuxpressoide_11.7.1_9221/ide/plugins/com.nxp.mcuxpresso.tools.win32_11.7.1.202301190959/tools/bin/../lib/gcc/arm-none-eabi/10.3.1/../../../../arm-none-eabi/lib/thumb/v7e-m/nofp\libcr_nohost_nf.a(__sys_write.o)

.ARM.attributes
                0x00000000       0x2c
 .ARM.attributes
                0x00000000       0x2e ./startup/startup_jn5189.o
 .ARM.attributes
                0x0000002e       0x2e ./source/semihost_hardfault.o
 .ARM.attributes
                0x0000005c       0x2e ./source/usart_dma_transfer.o
 .ARM.attributes
                0x0000008a       0x2e ./drivers/fsl_clock.o
 .ARM.attributes
                0x000000b8       0x2e ./drivers/fsl_dma.o
 .ARM.attributes
                0x000000e6       0x2e ./drivers/fsl_flexcomm.o
 .ARM.attributes
                0x00000114       0x2e ./drivers/fsl_reset.o
 .ARM.attributes
                0x00000142       0x2e ./drivers/fsl_usart.o
 .ARM.attributes
                0x00000170       0x2e ./device/system_JN5189.o
 .ARM.attributes
                0x0000019e       0x2e ./board/board_utility.o
 .ARM.attributes
                0x000001cc       0x2e c:/nxp/mcuxpressoide_11.7.1_9221/ide/plugins/com.nxp.mcuxpresso.tools.win32_11.7.1.202301190959/tools/bin/../lib/gcc/arm-none-eabi/10.3.1/../../../../arm-none-eabi/lib/thumb/v7e-m/nofp\libcr_nohost_nf.a(_cr__main.o)
 .ARM.attributes
                0x000001fa       0x2e c:/nxp/mcuxpressoide_11.7.1_9221/ide/plugins/com.nxp.mcuxpresso.tools.win32_11.7.1.202301190959/tools/bin/../lib/gcc/arm-none-eabi/10.3.1/../../../../arm-none-eabi/lib/thumb/v7e-m/nofp\libcr_nohost_nf.a(_cr_assert.o)
 .ARM.attributes
                0x00000228       0x2e c:/nxp/mcuxpressoide_11.7.1_9221/ide/plugins/com.nxp.mcuxpresso.tools.win32_11.7.1.202301190959/tools/bin/../lib/gcc/arm-none-eabi/10.3.1/../../../../arm-none-eabi/lib/thumb/v7e-m/nofp\libcr_nohost_nf.a(__ciob.o)
 .ARM.attributes
                0x00000256       0x2e c:/nxp/mcuxpressoide_11.7.1_9221/ide/plugins/com.nxp.mcuxpresso.tools.win32_11.7.1.202301190959/tools/bin/../lib/gcc/arm-none-eabi/10.3.1/../../../../arm-none-eabi/lib/thumb/v7e-m/nofp\libcr_nohost_nf.a(__sys_appexit.o)
 .ARM.attributes
                0x00000284       0x2e c:/nxp/mcuxpressoide_11.7.1_9221/ide/plugins/com.nxp.mcuxpresso.tools.win32_11.7.1.202301190959/tools/bin/../lib/gcc/arm-none-eabi/10.3.1/../../../../arm-none-eabi/lib/thumb/v7e-m/nofp\libcr_c.a(memset.o)
 .ARM.attributes
                0x000002b2       0x2e c:/nxp/mcuxpressoide_11.7.1_9221/ide/plugins/com.nxp.mcuxpresso.tools.win32_11.7.1.202301190959/tools/bin/../lib/gcc/arm-none-eabi/10.3.1/../../../../arm-none-eabi/lib/thumb/v7e-m/nofp\libcr_c.a(_deferredlazyseek.o)
 .ARM.attributes
                0x000002e0       0x2e c:/nxp/mcuxpressoide_11.7.1_9221/ide/plugins/com.nxp.mcuxpresso.tools.win32_11.7.1.202301190959/tools/bin/../lib/gcc/arm-none-eabi/10.3.1/../../../../arm-none-eabi/lib/thumb/v7e-m/nofp\libcr_c.a(_fflush.o)
 .ARM.attributes
                0x0000030e       0x2e c:/nxp/mcuxpressoide_11.7.1_9221/ide/plugins/com.nxp.mcuxpresso.tools.win32_11.7.1.202301190959/tools/bin/../lib/gcc/arm-none-eabi/10.3.1/../../../../arm-none-eabi/lib/thumb/v7e-m/nofp\libcr_c.a(_writebuf.o)
 .ARM.attributes
                0x0000033c       0x2e c:/nxp/mcuxpressoide_11.7.1_9221/ide/plugins/com.nxp.mcuxpresso.tools.win32_11.7.1.202301190959/tools/bin/../lib/gcc/arm-none-eabi/10.3.1/../../../../arm-none-eabi/lib/thumb/v7e-m/nofp\libcr_c.a(alloc.o)
 .ARM.attributes
                0x0000036a       0x2e c:/nxp/mcuxpressoide_11.7.1_9221/ide/plugins/com.nxp.mcuxpresso.tools.win32_11.7.1.202301190959/tools/bin/../lib/gcc/arm-none-eabi/10.3.1/../../../../arm-none-eabi/lib/thumb/v7e-m/nofp\libcr_c.a(fputs.o)
 .ARM.attributes
                0x00000398       0x2e c:/nxp/mcuxpressoide_11.7.1_9221/ide/plugins/com.nxp.mcuxpresso.tools.win32_11.7.1.202301190959/tools/bin/../lib/gcc/arm-none-eabi/10.3.1/../../../../arm-none-eabi/lib/thumb/v7e-m/nofp\libcr_c.a(fseek.o)
 .ARM.attributes
                0x000003c6       0x2e c:/nxp/mcuxpressoide_11.7.1_9221/ide/plugins/com.nxp.mcuxpresso.tools.win32_11.7.1.202301190959/tools/bin/../lib/gcc/arm-none-eabi/10.3.1/../../../../arm-none-eabi/lib/thumb/v7e-m/nofp\libcr_c.a(ftell.o)
 .ARM.attributes
                0x000003f4       0x2e c:/nxp/mcuxpressoide_11.7.1_9221/ide/plugins/com.nxp.mcuxpresso.tools.win32_11.7.1.202301190959/tools/bin/../lib/gcc/arm-none-eabi/10.3.1/../../../../arm-none-eabi/lib/thumb/v7e-m/nofp\libcr_c.a(initio.o)
 .ARM.attributes
                0x00000422       0x2e c:/nxp/mcuxpressoide_11.7.1_9221/ide/plugins/com.nxp.mcuxpresso.tools.win32_11.7.1.202301190959/tools/bin/../lib/gcc/arm-none-eabi/10.3.1/../../../../arm-none-eabi/lib/thumb/v7e-m/nofp\libcr_c.a(setvbuf.o)
 .ARM.attributes
                0x00000450       0x2e c:/nxp/mcuxpressoide_11.7.1_9221/ide/plugins/com.nxp.mcuxpresso.tools.win32_11.7.1.202301190959/tools/bin/../lib/gcc/arm-none-eabi/10.3.1/../../../../arm-none-eabi/lib/thumb/v7e-m/nofp\libcr_c.a(strlen.o)
 .ARM.attributes
                0x0000047e       0x2e c:/nxp/mcuxpressoide_11.7.1_9221/ide/plugins/com.nxp.mcuxpresso.tools.win32_11.7.1.202301190959/tools/bin/../lib/gcc/arm-none-eabi/10.3.1/../../../../arm-none-eabi/lib/thumb/v7e-m/nofp\libcr_c.a(__init_alloc.o)
 .ARM.attributes
                0x000004ac       0x2e c:/nxp/mcuxpressoide_11.7.1_9221/ide/plugins/com.nxp.mcuxpresso.tools.win32_11.7.1.202301190959/tools/bin/../lib/gcc/arm-none-eabi/10.3.1/../../../../arm-none-eabi/lib/thumb/v7e-m/nofp\libcr_c.a(_cr_sbrk.o)
 .ARM.attributes
                0x000004da       0x2e c:/nxp/mcuxpressoide_11.7.1_9221/ide/plugins/com.nxp.mcuxpresso.tools.win32_11.7.1.202301190959/tools/bin/../lib/gcc/arm-none-eabi/10.3.1/../../../../arm-none-eabi/lib/thumb/v7e-m/nofp\libcr_c.a(_fdopen.o)
 .ARM.attributes
                0x00000508       0x2e c:/nxp/mcuxpressoide_11.7.1_9221/ide/plugins/com.nxp.mcuxpresso.tools.win32_11.7.1.202301190959/tools/bin/../lib/gcc/arm-none-eabi/10.3.1/../../../../arm-none-eabi/lib/thumb/v7e-m/nofp\libcr_c.a(errno.o)
 .ARM.attributes
                0x00000536       0x2e c:/nxp/mcuxpressoide_11.7.1_9221/ide/plugins/com.nxp.mcuxpresso.tools.win32_11.7.1.202301190959/tools/bin/../lib/gcc/arm-none-eabi/10.3.1/../../../../arm-none-eabi/lib/thumb/v7e-m/nofp\libcr_c.a(fclose.o)
 .ARM.attributes
                0x00000564       0x2e c:/nxp/mcuxpressoide_11.7.1_9221/ide/plugins/com.nxp.mcuxpresso.tools.win32_11.7.1.202301190959/tools/bin/../lib/gcc/arm-none-eabi/10.3.1/../../../../arm-none-eabi/lib/thumb/v7e-m/nofp\libcr_c.a(fflush.o)
 .ARM.attributes
                0x00000592       0x2e c:/nxp/mcuxpressoide_11.7.1_9221/ide/plugins/com.nxp.mcuxpresso.tools.win32_11.7.1.202301190959/tools/bin/../lib/gcc/arm-none-eabi/10.3.1/../../../../arm-none-eabi/lib/thumb/v7e-m/nofp\libcr_c.a(remove.o)
 .ARM.attributes
                0x000005c0       0x2e c:/nxp/mcuxpressoide_11.7.1_9221/ide/plugins/com.nxp.mcuxpresso.tools.win32_11.7.1.202301190959/tools/bin/../lib/gcc/arm-none-eabi/10.3.1/../../../../arm-none-eabi/lib/thumb/v7e-m/nofp\libcr_c.a(_cr_check_heap.o)
 .ARM.attributes
                0x000005ee       0x2e c:/nxp/mcuxpressoide_11.7.1_9221/ide/plugins/com.nxp.mcuxpresso.tools.win32_11.7.1.202301190959/tools/bin/../lib/gcc/arm-none-eabi/10.3.1/../../../../arm-none-eabi/lib/thumb/v7e-m/nofp\libcr_c.a(_do_fflush.o)
 .ARM.attributes
                0x0000061c       0x1c c:/nxp/mcuxpressoide_11.7.1_9221/ide/plugins/com.nxp.mcuxpresso.tools.win32_11.7.1.202301190959/tools/bin/../lib/gcc/arm-none-eabi/10.3.1/thumb/v7e-m/nofp\libcr_eabihelpers.a(division_64.o)
 .ARM.attributes
                0x00000638       0x1c c:/nxp/mcuxpressoide_11.7.1_9221/ide/plugins/com.nxp.mcuxpresso.tools.win32_11.7.1.202301190959/tools/bin/../lib/gcc/arm-none-eabi/10.3.1/thumb/v7e-m/nofp\libcr_eabihelpers.a(division_idiv0.o)
 .ARM.attributes
                0x00000654       0x1c c:/nxp/mcuxpressoide_11.7.1_9221/ide/plugins/com.nxp.mcuxpresso.tools.win32_11.7.1.202301190959/tools/bin/../lib/gcc/arm-none-eabi/10.3.1/thumb/v7e-m/nofp\libcr_eabihelpers.a(memcpy.o)
 .ARM.attributes
                0x00000670       0x2e c:/nxp/mcuxpressoide_11.7.1_9221/ide/plugins/com.nxp.mcuxpresso.tools.win32_11.7.1.202301190959/tools/bin/../lib/gcc/arm-none-eabi/10.3.1/../../../../arm-none-eabi/lib/thumb/v7e-m/nofp\libcr_nohost_nf.a(__sys_close.o)
 .ARM.attributes
                0x0000069e       0x2e c:/nxp/mcuxpressoide_11.7.1_9221/ide/plugins/com.nxp.mcuxpresso.tools.win32_11.7.1.202301190959/tools/bin/../lib/gcc/arm-none-eabi/10.3.1/../../../../arm-none-eabi/lib/thumb/v7e-m/nofp\libcr_nohost_nf.a(__sys_flen.o)
 .ARM.attributes
                0x000006cc       0x2e c:/nxp/mcuxpressoide_11.7.1_9221/ide/plugins/com.nxp.mcuxpresso.tools.win32_11.7.1.202301190959/tools/bin/../lib/gcc/arm-none-eabi/10.3.1/../../../../arm-none-eabi/lib/thumb/v7e-m/nofp\libcr_nohost_nf.a(__sys_istty.o)
 .ARM.attributes
                0x000006fa       0x2e c:/nxp/mcuxpressoide_11.7.1_9221/ide/plugins/com.nxp.mcuxpresso.tools.win32_11.7.1.202301190959/tools/bin/../lib/gcc/arm-none-eabi/10.3.1/../../../../arm-none-eabi/lib/thumb/v7e-m/nofp\libcr_nohost_nf.a(__sys_remove.o)
 .ARM.attributes
                0x00000728       0x2e c:/nxp/mcuxpressoide_11.7.1_9221/ide/plugins/com.nxp.mcuxpresso.tools.win32_11.7.1.202301190959/tools/bin/../lib/gcc/arm-none-eabi/10.3.1/../../../../arm-none-eabi/lib/thumb/v7e-m/nofp\libcr_nohost_nf.a(__sys_seek.o)
 .ARM.attributes
                0x00000756       0x2e c:/nxp/mcuxpressoide_11.7.1_9221/ide/plugins/com.nxp.mcuxpresso.tools.win32_11.7.1.202301190959/tools/bin/../lib/gcc/arm-none-eabi/10.3.1/../../../../arm-none-eabi/lib/thumb/v7e-m/nofp\libcr_nohost_nf.a(__sys_tmpnam.o)
 .ARM.attributes
                0x00000784       0x2e c:/nxp/mcuxpressoide_11.7.1_9221/ide/plugins/com.nxp.mcuxpresso.tools.win32_11.7.1.202301190959/tools/bin/../lib/gcc/arm-none-eabi/10.3.1/../../../../arm-none-eabi/lib/thumb/v7e-m/nofp\libcr_nohost_nf.a(__sys_write.o)

.debug_frame    0x00000000     0x1a30
 .debug_frame   0x00000000      0x620 ./startup/startup_jn5189.o
 .debug_frame   0x00000620       0x20 ./source/semihost_hardfault.o
 .debug_frame   0x00000640       0xa8 ./source/usart_dma_transfer.o
 .debug_frame   0x000006e8      0x5e4 ./drivers/fsl_clock.o
 .debug_frame   0x00000ccc      0x4c0 ./drivers/fsl_dma.o
 .debug_frame   0x0000118c      0x18c ./drivers/fsl_flexcomm.o
 .debug_frame   0x00001318       0xfc ./drivers/fsl_reset.o
 .debug_frame   0x00001414      0x3b0 ./drivers/fsl_usart.o
 .debug_frame   0x000017c4      0x1c8 ./device/system_JN5189.o
 .debug_frame   0x0000198c       0xa4 ./board/board_utility.o

Cross Reference Table

Symbol                                            File
ADC0_SEQA_DriverIRQHandler                        ./startup/startup_jn5189.o
ADC0_SEQA_IRQHandler                              ./startup/startup_jn5189.o
ADC0_SEQB_DriverIRQHandler                        ./startup/startup_jn5189.o
ADC0_SEQB_IRQHandler                              ./startup/startup_jn5189.o
ADC0_THCMP_DriverIRQHandler                       ./startup/startup_jn5189.o
ADC0_THCMP_IRQHandler                             ./startup/startup_jn5189.o
ADC_Deinit                                        ./drivers/fsl_adc.o
ADC_EnableTemperatureSensor                       ./drivers/fsl_adc.o
ADC_GetChannelConversionResult                    ./drivers/fsl_adc.o
ADC_GetConvSeqAGlobalConversionResult             ./drivers/fsl_adc.o
ADC_GetDefaultConfig                              ./drivers/fsl_adc.o
ADC_Init                                          ./drivers/fsl_adc.o
ADC_SetConvSeqAConfig                             ./drivers/fsl_adc.o
ANA_COMP_DriverIRQHandler                         ./startup/startup_jn5189.o
ANA_COMP_IRQHandler                               ./startup/startup_jn5189.o
BLE_DP0_DriverIRQHandler                          ./startup/startup_jn5189.o
BLE_DP0_IRQHandler                                ./startup/startup_jn5189.o
BLE_DP1_DriverIRQHandler                          ./startup/startup_jn5189.o
BLE_DP1_IRQHandler                                ./startup/startup_jn5189.o
BLE_DP2_DriverIRQHandler                          ./startup/startup_jn5189.o
BLE_DP2_IRQHandler                                ./startup/startup_jn5189.o
BLE_DP_DriverIRQHandler                           ./startup/startup_jn5189.o
BLE_DP_IRQHandler                                 ./startup/startup_jn5189.o
BLE_LL_ALL_DriverIRQHandler                       ./startup/startup_jn5189.o
BLE_LL_ALL_IRQHandler                             ./startup/startup_jn5189.o
BLE_WAKE_UP_TIMER_DriverIRQHandler                ./startup/startup_jn5189.o
BLE_WAKE_UP_TIMER_IRQHandler                      ./startup/startup_jn5189.o
BOARD_BootClockRUN                                ./board/clock_config.o
BOARD_Clock32MCapacitanceCharacteristics          ./board/board_utility.o
BOARD_Clock32kCapacitanceCharacteristics          ./board/board_utility.o
BOARD_CpuClockUpdate32MhzFro                      ./board/board_utility.o
BOARD_CpuClockUpdate32MhzXtal                     ./board/board_utility.o
BOARD_CpuClockUpdate48Mz                          ./board/board_utility.o
BOARD_DbgDiagEnable                               ./board/board.o
BOARD_DbgLpIoSet                                  ./board/board.o
BOARD_GetClock32MCapacitanceCharacteristics       ./board/board_utility.o
                                                  ./drivers/fsl_clock.o
BOARD_GetClock32kCapacitanceCharacteristics       ./board/board_utility.o
BOARD_InitBootClocks                              ./board/clock_config.o
BOARD_InitBootPins                                ./board/pin_mux.o
BOARD_InitDebugConsole                            ./board/board.o
BOARD_InitPins                                    ./board/pin_mux.o
BusFault_Handler                                  ./startup/startup_jn5189.o
CIC_IRB_DriverIRQHandler                          ./startup/startup_jn5189.o
CIC_IRB_IRQHandler                                ./startup/startup_jn5189.o
CLOCK_AttachClk                                   ./drivers/fsl_clock.o
                                                  ./board/clock_config.o
                                                  ./drivers/fsl_power.o
CLOCK_DisableAPBBridge                            ./drivers/fsl_clock.o
CLOCK_DisableClock                                ./drivers/fsl_clock.o
                                                  ./drivers/fsl_power.o
                                                  ./drivers/fsl_inputmux.o
                                                  ./drivers/fsl_dma.o
                                                  ./drivers/fsl_adc.o
CLOCK_EnableAPBBridge                             ./drivers/fsl_clock.o
                                                  ./board/clock_config.o
CLOCK_EnableClock                                 ./drivers/fsl_clock.o
                                                  ./board/pin_mux.o
                                                  ./board/clock_config.o
                                                  ./drivers/fsl_power.o
                                                  ./drivers/fsl_inputmux.o
                                                  ./drivers/fsl_gpio.o
                                                  ./drivers/fsl_flexcomm.o
                                                  ./drivers/fsl_dma.o
                                                  ./drivers/fsl_adc.o
CLOCK_GetAdcClock                                 ./drivers/fsl_clock.o
CLOCK_GetApbCLkFreq                               ./drivers/fsl_clock.o
CLOCK_GetClkDiv                                   ./drivers/fsl_clock.o
CLOCK_GetClkOutFreq                               ./drivers/fsl_clock.o
CLOCK_GetCoreSysClkFreq                           ./drivers/fsl_clock.o
CLOCK_GetFRGClock                                 ./drivers/fsl_clock.o
CLOCK_GetFRGInputClock                            ./drivers/fsl_clock.o
CLOCK_GetFreq                                     ./drivers/fsl_clock.o
                                                  ./board/board.o
                                                  ./source/usart_dma_transfer.o
CLOCK_GetFro12MFreq                               ./drivers/fsl_clock.o
CLOCK_GetFro1MFreq                                ./drivers/fsl_clock.o
CLOCK_GetFro32MFreq                               ./drivers/fsl_clock.o
CLOCK_GetFro32kFreq                               ./drivers/fsl_clock.o
CLOCK_GetFro48MFreq                               ./drivers/fsl_clock.o
CLOCK_GetFro64MFreq                               ./drivers/fsl_clock.o
CLOCK_GetMainClockRate                            ./drivers/fsl_clock.o
CLOCK_GetOsc32MFreq                               ./drivers/fsl_clock.o
CLOCK_GetOsc32kFreq                               ./drivers/fsl_clock.o
CLOCK_GetPWMClockFreq                             ./drivers/fsl_clock.o
CLOCK_GetSpifiClkFreq                             ./drivers/fsl_clock.o
CLOCK_GetSpifiOscFreq                             ./drivers/fsl_clock.o
CLOCK_GetWdtOscFreq                               ./drivers/fsl_clock.o
CLOCK_GetXtal32MFreq                              ./drivers/fsl_clock.o
CLOCK_GetXtal32kFreq                              ./drivers/fsl_clock.o
CLOCK_IsClockEnable                               ./drivers/fsl_clock.o
CLOCK_SetClkDiv                                   ./drivers/fsl_clock.o
                                                  ./board/clock_config.o
CLOCK_SetFRGClock                                 ./drivers/fsl_clock.o
CLOCK_SetXtal32M_LDO                              ./drivers/fsl_clock.o
CLOCK_Xtal32M_Trim                                ./drivers/fsl_clock.o
CLOCK_Xtal32M_WaitUntilStable                     ./drivers/fsl_clock.o
CLOCK_Xtal32k_Trim                                ./drivers/fsl_clock.o
CLOCK_XtalBasicTrim                               ./drivers/fsl_clock.o
CLOCK_uDelay                                      ./drivers/fsl_clock.o
                                                  ./board/board.o
CONFIG_PAGE_CHSUM                                 ./drivers/fsl_flash.o
CRP_WORD                                          ./startup/startup_jn5189.o
CTIMER0_DriverIRQHandler                          ./startup/startup_jn5189.o
CTIMER0_IRQHandler                                ./startup/startup_jn5189.o
CTIMER1_DriverIRQHandler                          ./startup/startup_jn5189.o
CTIMER1_IRQHandler                                ./startup/startup_jn5189.o
DMA0_DriverIRQHandler                             ./drivers/fsl_dma.o
                                                  ./startup/startup_jn5189.o
DMA0_IRQHandler                                   ./startup/startup_jn5189.o
DMA_AbortTransfer                                 ./drivers/fsl_dma.o
                                                  ./drivers/fsl_usart_dma.o
DMA_ConfigureChannelTrigger                       ./drivers/fsl_dma.o
DMA_CreateDescriptor                              ./drivers/fsl_dma.o
DMA_CreateHandle                                  ./drivers/fsl_dma.o
DMA_Deinit                                        ./drivers/fsl_dma.o
DMA_GetRemainingBytes                             ./drivers/fsl_dma.o
                                                  ./drivers/fsl_usart_dma.o
DMA_IRQHandle                                     ./drivers/fsl_dma.o
DMA_Init                                          ./drivers/fsl_dma.o
DMA_InstallDescriptorMemory                       ./drivers/fsl_dma.o
DMA_LoadChannelDescriptor                         ./drivers/fsl_dma.o
DMA_PrepareChannelTransfer                        ./drivers/fsl_dma.o
DMA_PrepareTransfer                               ./drivers/fsl_dma.o
                                                  ./drivers/fsl_usart_dma.o
DMA_SetCallback                                   ./drivers/fsl_dma.o
                                                  ./drivers/fsl_usart_dma.o
DMA_SetChannelConfig                              ./drivers/fsl_dma.o
DMA_SetupChannelDescriptor                        ./drivers/fsl_dma.o
DMA_SetupDescriptor                               ./drivers/fsl_dma.o
DMA_StartTransfer                                 ./drivers/fsl_dma.o
                                                  ./drivers/fsl_usart_dma.o
DMA_SubmitChannelDescriptor                       ./drivers/fsl_dma.o
DMA_SubmitChannelTransfer                         ./drivers/fsl_dma.o
DMA_SubmitChannelTransferParameter                ./drivers/fsl_dma.o
DMA_SubmitTransfer                                ./drivers/fsl_dma.o
                                                  ./drivers/fsl_usart_dma.o
DMIC0_DriverIRQHandler                            ./startup/startup_jn5189.o
DMIC0_IRQHandler                                  ./startup/startup_jn5189.o
DbgConsole_Deinit                                 ./utilities/fsl_debug_console.o
                                                  ./drivers/fsl_power.o
DbgConsole_Flush                                  ./utilities/fsl_debug_console.o
DbgConsole_Getchar                                ./utilities/fsl_debug_console.o
DbgConsole_Init                                   ./utilities/fsl_debug_console.o
                                                  ./board/board.o
DbgConsole_Printf                                 ./utilities/fsl_debug_console.o
                                                  ./drivers/fsl_power.o
                                                  ./utilities/fsl_assert.o
DbgConsole_Putchar                                ./utilities/fsl_debug_console.o
DbgConsole_ReadCharacter                          ./utilities/fsl_debug_console.o
DbgConsole_ReadLine                               ./utilities/fsl_debug_console.o
DbgConsole_ReadOneCharacter                       ./utilities/fsl_debug_console.o
DbgConsole_Scanf                                  ./utilities/fsl_debug_console.o
DbgConsole_SendData                               ./utilities/fsl_debug_console.o
DbgConsole_SendDataReliable                       ./utilities/fsl_debug_console.o
DelayLoopN                                        ./drivers/fsl_clock.o
DelayUsecMHz                                      ./drivers/fsl_clock.o
DisableDeepSleepIRQ                               ./drivers/fsl_common.o
EnableDeepSleepIRQ                                ./drivers/fsl_common.o
FLASH_BlankCheck                                  ./drivers/fsl_flash.o
FLASH_CalculateChecksum                           ./drivers/fsl_flash.o
FLASH_Checksum                                    ./drivers/fsl_flash.o
FLASH_ConfigPageUpdate                            ./drivers/fsl_flash.o
FLASH_ConfigPageVerifyGpoChecksum                 ./drivers/fsl_flash.o
FLASH_ConfigPageVerifyPageChecksum                ./drivers/fsl_flash.o
FLASH_Erase                                       ./drivers/fsl_flash.o
FLASH_ErasePages                                  ./drivers/fsl_flash.o
FLASH_GetStatus                                   ./drivers/fsl_flash.o
FLASH_Init                                        ./drivers/fsl_flash.o
FLASH_MarginCheck                                 ./drivers/fsl_flash.o
FLASH_Powerdown                                   ./drivers/fsl_flash.o
FLASH_Program                                     ./drivers/fsl_flash.o
FLASH_Read                                        ./drivers/fsl_flash.o
FLASH_SetReadMode                                 ./drivers/fsl_flash.o
                                                  ./board/board_utility.o
FLASH_Wait                                        ./drivers/fsl_flash.o
FLEXCOMM0_DriverIRQHandler                        ./drivers/fsl_flexcomm.o
                                                  ./startup/startup_jn5189.o
FLEXCOMM0_IRQHandler                              ./startup/startup_jn5189.o
FLEXCOMM1_DriverIRQHandler                        ./drivers/fsl_flexcomm.o
                                                  ./startup/startup_jn5189.o
FLEXCOMM1_IRQHandler                              ./startup/startup_jn5189.o
FLEXCOMM2_DriverIRQHandler                        ./drivers/fsl_flexcomm.o
                                                  ./startup/startup_jn5189.o
FLEXCOMM2_IRQHandler                              ./startup/startup_jn5189.o
FLEXCOMM3_DriverIRQHandler                        ./drivers/fsl_flexcomm.o
                                                  ./startup/startup_jn5189.o
FLEXCOMM3_IRQHandler                              ./startup/startup_jn5189.o
FLEXCOMM4_DriverIRQHandler                        ./drivers/fsl_flexcomm.o
                                                  ./startup/startup_jn5189.o
FLEXCOMM4_IRQHandler                              ./startup/startup_jn5189.o
FLEXCOMM5_DriverIRQHandler                        ./drivers/fsl_flexcomm.o
                                                  ./startup/startup_jn5189.o
FLEXCOMM5_IRQHandler                              ./startup/startup_jn5189.o
FLEXCOMM6_DriverIRQHandler                        ./drivers/fsl_flexcomm.o
                                                  ./startup/startup_jn5189.o
FLEXCOMM6_IRQHandler                              ./startup/startup_jn5189.o
FLEXCOMM_GetInstance                              ./drivers/fsl_flexcomm.o
FLEXCOMM_Init                                     ./drivers/fsl_flexcomm.o
                                                  ./drivers/fsl_usart.o
FLEXCOMM_SetIRQHandler                            ./drivers/fsl_flexcomm.o
                                                  ./drivers/fsl_usart.o
GINT0_DriverIRQHandler                            ./startup/startup_jn5189.o
GINT0_IRQHandler                                  ./startup/startup_jn5189.o
GPIO_PinInit                                      ./drivers/fsl_gpio.o
GPIO_PortInit                                     ./drivers/fsl_gpio.o
GPO_CHKSUM                                        ./drivers/fsl_flash.o
HAL_UartDeinit                                    ./component/uart/usart_adapter.o
                                                  ./component/serial_manager/serial_port_uart.o
HAL_UartInit                                      ./component/uart/usart_adapter.o
                                                  ./component/serial_manager/serial_port_uart.o
HAL_UartReceiveBlocking                           ./component/uart/usart_adapter.o
                                                  ./component/serial_manager/serial_port_uart.o
HAL_UartSendBlocking                              ./component/uart/usart_adapter.o
                                                  ./component/serial_manager/serial_port_uart.o
HWVAD0_DriverIRQHandler                           ./startup/startup_jn5189.o
HWVAD0_IRQHandler                                 ./startup/startup_jn5189.o
HardFault_Handler                                 ./source/semihost_hardfault.o
                                                  ./startup/startup_jn5189.o
INPUTMUX_AttachSignal                             ./drivers/fsl_inputmux.o
INPUTMUX_Deinit                                   ./drivers/fsl_inputmux.o
INPUTMUX_Init                                     ./drivers/fsl_inputmux.o
ISO7816_DriverIRQHandler                          ./startup/startup_jn5189.o
ISO7816_IRQHandler                                ./startup/startup_jn5189.o
IntDefaultHandler                                 ./startup/startup_jn5189.o
LIST_AddHead                                      ./component/lists/fsl_component_generic_list.o
LIST_AddPrevElement                               ./component/lists/fsl_component_generic_list.o
LIST_AddTail                                      ./component/lists/fsl_component_generic_list.o
LIST_GetAvailableSize                             ./component/lists/fsl_component_generic_list.o
LIST_GetHead                                      ./component/lists/fsl_component_generic_list.o
LIST_GetList                                      ./component/lists/fsl_component_generic_list.o
LIST_GetNext                                      ./component/lists/fsl_component_generic_list.o
LIST_GetPrev                                      ./component/lists/fsl_component_generic_list.o
LIST_GetSize                                      ./component/lists/fsl_component_generic_list.o
LIST_Init                                         ./component/lists/fsl_component_generic_list.o
LIST_RemoveElement                                ./component/lists/fsl_component_generic_list.o
LIST_RemoveHead                                   ./component/lists/fsl_component_generic_list.o
MAILBOX_DriverIRQHandler                          ./startup/startup_jn5189.o
MAILBOX_IRQHandler                                ./startup/startup_jn5189.o
MemManage_Handler                                 ./startup/startup_jn5189.o
NFCTag_DriverIRQHandler                           ./startup/startup_jn5189.o
NFCTag_IRQHandler                                 ./startup/startup_jn5189.o
NMI_Handler                                       ./startup/startup_jn5189.o
PIN_INT0_DriverIRQHandler                         ./startup/startup_jn5189.o
PIN_INT0_IRQHandler                               ./startup/startup_jn5189.o
PIN_INT1_DriverIRQHandler                         ./startup/startup_jn5189.o
PIN_INT1_IRQHandler                               ./startup/startup_jn5189.o
PIN_INT2_DriverIRQHandler                         ./startup/startup_jn5189.o
PIN_INT2_IRQHandler                               ./startup/startup_jn5189.o
PIN_INT3_DriverIRQHandler                         ./startup/startup_jn5189.o
PIN_INT3_IRQHandler                               ./startup/startup_jn5189.o
POWER_ApplyActiveVoltage                          ./drivers/fsl_power.o
POWER_ApplyLdoActiveVoltage                       ./drivers/fsl_power.o
POWER_ApplyLdoActiveVoltage_1V0                   ./drivers/fsl_power.o
POWER_ApplyLdoActiveVoltage_1V1                   ./drivers/fsl_power.o
POWER_BodVbatConfig                               ./drivers/fsl_power.o
POWER_BodVbatGetDefaultConfig                     ./drivers/fsl_power.o
POWER_ClearResetCause                             ./drivers/fsl_power.o
POWER_DisplayActiveVoltage                        ./drivers/fsl_power.o
POWER_EnterDeepDownMode                           ./drivers/fsl_power.o
POWER_EnterDeepSleepMode                          ./drivers/fsl_power.o
POWER_EnterPowerDownMode                          ./drivers/fsl_power.o
POWER_EnterPowerMode                              ./drivers/fsl_power.o
POWER_GetLibVersion                               ./drivers/fsl_power.o
POWER_GetPowerDownConfig                          ./drivers/fsl_power.o
POWER_GetResetCause                               ./drivers/fsl_power.o
POWER_GoToPowerDown                               ./drivers/fsl_power.o
POWER_Init                                        ./drivers/fsl_power.o
POWER_RegisterPowerDownEntryHookFunction          ./drivers/fsl_power.o
POWER_SetDcdc1v3                                  ./drivers/fsl_power.o
POWER_SetDcdc1v8                                  ./drivers/fsl_power.o